[00:05:04Z] ===== CRON CEREBRAS RESTART start =====
[00:05:04Z] Run ID: 20260522T000504Z
[00:05:04Z] Cerebras probe HTTP 200
[00:05:04Z] Cerebras OK -> lancement des 6 missions sequentielles
[00:05:04Z] === MISSION START: scaleup_309_dstories_ko ===
[00:05:04Z] Free RAM: 5173 MB (seuil 200 MB)
[00:33:50Z] OK  scaleup_309_dstories_ko en 1726s
[00:33:50Z] === MISSION START: scaleup_532_stories ===
[00:33:50Z] Free RAM: 6003 MB (seuil 200 MB)
[00:33:50Z] KO  scaleup_532_stories rc=2 en 0s (continue malgre tout)
[00:33:50Z] === MISSION START: extract_p0_cerebras ===
[00:33:50Z] Free RAM: 5996 MB (seuil 200 MB)
[00:53:44Z] OK  extract_p0_cerebras en 1194s
[00:53:44Z] === MISSION START: ai_pos_mission_runner ===
[00:53:44Z] Free RAM: 5408 MB (seuil 200 MB)
[00:53:45Z] KO  ai_pos_mission_runner rc=2 en 1s (continue malgre tout)
[00:53:45Z] === MISSION START: enrich_top_voting_capital_passB ===
[00:53:45Z] Free RAM: 5396 MB (seuil 200 MB)
[02:34:37Z] OK  enrich_top_voting_capital_passB en 6052s
[02:34:37Z] === MISSION START: enrich_risks_rationale_cerebras ===
[02:34:37Z] Free RAM: 5190 MB (seuil 200 MB)
[06:03:58Z] OK  enrich_risks_rationale_cerebras en 12561s
[06:03:58Z] ===== CRON CEREBRAS RESTART end =====
[00:05:01Z] ===== CRON CEREBRAS RESTART start =====
[00:05:01Z] Run ID: 20260523T000501Z
[00:05:02Z] Cerebras probe HTTP 200
[00:05:02Z] Cerebras OK -> lancement des 6 missions sequentielles
[00:05:02Z] === MISSION START: scaleup_309_dstories_ko ===
[00:05:02Z] Free RAM: 3451 MB (seuil 200 MB)
[00:34:08Z] OK  scaleup_309_dstories_ko en 1746s
[00:34:08Z] === MISSION START: scaleup_532_stories ===
[00:34:08Z] Free RAM: 3573 MB (seuil 200 MB)
[00:34:09Z] KO  scaleup_532_stories rc=2 en 1s (continue malgre tout)
[00:34:09Z] === MISSION START: extract_p0_cerebras ===
[00:34:09Z] Free RAM: 3547 MB (seuil 200 MB)
[00:40:39Z] OK  extract_p0_cerebras en 390s
[00:40:39Z] === MISSION START: ai_pos_mission_runner ===
[00:40:39Z] Free RAM: 4634 MB (seuil 200 MB)
[00:40:39Z] KO  ai_pos_mission_runner rc=2 en 0s (continue malgre tout)
[00:40:39Z] === MISSION START: enrich_top_voting_capital_passB ===
[00:40:39Z] Free RAM: 4628 MB (seuil 200 MB)
[02:09:58Z] OK  enrich_top_voting_capital_passB en 5359s
[02:09:58Z] === MISSION START: enrich_risks_rationale_cerebras ===
[02:09:58Z] Free RAM: 4597 MB (seuil 200 MB)
[09:58:56Z] OK  enrich_risks_rationale_cerebras en 28138s
[09:58:56Z] ===== CRON CEREBRAS RESTART end =====
[00:10:51Z] ===== CRON CEREBRAS RESTART start =====
[00:10:51Z] Run ID: 20260524T001051Z
[00:10:51Z] Cerebras probe HTTP 000
[00:10:51Z] Cerebras OK -> lancement des 6 missions sequentielles
[00:10:51Z] === MISSION START: scaleup_309_dstories_ko ===
[00:10:51Z] Free RAM: 4281 MB (seuil 200 MB)
[08:53:13Z] OK  scaleup_309_dstories_ko en 31342s
[08:53:14Z] === MISSION START: scaleup_532_stories ===
[08:53:14Z] Free RAM: 4524 MB (seuil 200 MB)
[08:53:14Z] KO  scaleup_532_stories rc=2 en 0s (continue malgre tout)
[08:53:14Z] === MISSION START: extract_p0_cerebras ===
[08:53:14Z] Free RAM: 4490 MB (seuil 200 MB)
[08:59:33Z] OK  extract_p0_cerebras en 379s
[08:59:33Z] === MISSION START: ai_pos_mission_runner ===
[08:59:33Z] Free RAM: 4482 MB (seuil 200 MB)
[08:59:33Z] KO  ai_pos_mission_runner rc=2 en 0s (continue malgre tout)
[08:59:34Z] === MISSION START: enrich_top_voting_capital_passB ===
[08:59:34Z] Free RAM: 4474 MB (seuil 200 MB)
[10:26:07Z] OK  enrich_top_voting_capital_passB en 5193s
[10:26:07Z] === MISSION START: enrich_risks_rationale_cerebras ===
[10:26:07Z] Free RAM: 5027 MB (seuil 200 MB)
[14:11:25Z] OK  enrich_risks_rationale_cerebras en 13518s
[14:11:25Z] ===== CRON CEREBRAS RESTART end =====
[00:05:04Z] ===== CRON CEREBRAS RESTART start =====
[00:05:04Z] Run ID: 20260525T000504Z
[00:05:04Z] Cerebras probe HTTP 200
[00:05:04Z] Cerebras OK -> lancement des 6 missions sequentielles
[00:05:04Z] === MISSION START: scaleup_309_dstories_ko ===
[00:05:04Z] Free RAM: 3366 MB (seuil 200 MB)
[00:39:22Z] OK  scaleup_309_dstories_ko en 2058s
[00:39:22Z] === MISSION START: scaleup_532_stories ===
[00:39:22Z] Free RAM: 3653 MB (seuil 200 MB)
[00:39:22Z] KO  scaleup_532_stories rc=2 en 0s (continue malgre tout)
[00:39:22Z] === MISSION START: extract_p0_cerebras ===
[00:39:22Z] Free RAM: 3629 MB (seuil 200 MB)
[00:46:17Z] OK  extract_p0_cerebras en 415s
[00:46:17Z] === MISSION START: ai_pos_mission_runner ===
[00:46:17Z] Free RAM: 3398 MB (seuil 200 MB)
[00:46:17Z] KO  ai_pos_mission_runner rc=2 en 0s (continue malgre tout)
[00:46:17Z] === MISSION START: enrich_top_voting_capital_passB ===
[00:46:17Z] Free RAM: 3404 MB (seuil 200 MB)
[02:16:25Z] OK  enrich_top_voting_capital_passB en 5408s
[02:16:25Z] === MISSION START: enrich_risks_rationale_cerebras ===
[02:16:25Z] Free RAM: 3324 MB (seuil 200 MB)
[06:33:53Z] OK  enrich_risks_rationale_cerebras en 15448s
[06:33:53Z] ===== CRON CEREBRAS RESTART end =====
[00:05:01Z] ===== CRON CEREBRAS RESTART start =====
[00:05:01Z] Run ID: 20260526T000501Z
[00:05:02Z] Cerebras probe HTTP 200
[00:05:02Z] Cerebras OK -> lancement des 6 missions sequentielles
[00:05:02Z] === MISSION START: scaleup_309_dstories_ko ===
[00:05:02Z] Free RAM: 3929 MB (seuil 200 MB)
[00:05:03Z] KO  scaleup_309_dstories_ko rc=1 en 1s (continue malgre tout)
[00:05:03Z] === MISSION START: scaleup_532_stories ===
[00:05:03Z] Free RAM: 3915 MB (seuil 200 MB)
[00:05:03Z] KO  scaleup_532_stories rc=2 en 0s (continue malgre tout)
[00:05:03Z] === MISSION START: extract_p0_cerebras ===
[00:05:03Z] Free RAM: 3859 MB (seuil 200 MB)
[00:27:18Z] OK  extract_p0_cerebras en 1335s
[00:27:18Z] === MISSION START: ai_pos_mission_runner ===
[00:27:18Z] Free RAM: 4643 MB (seuil 200 MB)
[00:27:18Z] KO  ai_pos_mission_runner rc=2 en 0s (continue malgre tout)
[00:27:18Z] === MISSION START: enrich_top_voting_capital_passB ===
[00:27:18Z] Free RAM: 4648 MB (seuil 200 MB)
[02:40:44Z] OK  enrich_top_voting_capital_passB en 8006s
[02:40:44Z] === MISSION START: enrich_risks_rationale_cerebras ===
[02:40:44Z] Free RAM: 3944 MB (seuil 200 MB)
[07:20:52Z] OK  enrich_risks_rationale_cerebras en 16808s
[07:20:52Z] ===== CRON CEREBRAS RESTART end =====
[00:05:02Z] ===== CRON CEREBRAS RESTART start =====
[00:05:02Z] Run ID: 20260527T000502Z
[00:05:03Z] Cerebras probe HTTP 200
[00:05:03Z] Cerebras OK -> lancement des 6 missions sequentielles
[00:05:03Z] === MISSION START: scaleup_309_dstories_ko ===
[00:05:03Z] Free RAM: 4064 MB (seuil 200 MB)
[00:05:03Z] KO  scaleup_309_dstories_ko rc=1 en 0s (continue malgre tout)
[00:05:03Z] === MISSION START: scaleup_532_stories ===
[00:05:03Z] Free RAM: 4031 MB (seuil 200 MB)
[00:05:03Z] KO  scaleup_532_stories rc=2 en 0s (continue malgre tout)
[00:05:03Z] === MISSION START: extract_p0_cerebras ===
[00:05:03Z] Free RAM: 4025 MB (seuil 200 MB)
[00:20:16Z] OK  extract_p0_cerebras en 913s
[00:20:16Z] === MISSION START: ai_pos_mission_runner ===
[00:20:16Z] Free RAM: 3876 MB (seuil 200 MB)
[00:20:16Z] KO  ai_pos_mission_runner rc=2 en 0s (continue malgre tout)
[00:20:16Z] === MISSION START: enrich_top_voting_capital_passB ===
[00:20:16Z] Free RAM: 3868 MB (seuil 200 MB)
[02:41:12Z] OK  enrich_top_voting_capital_passB en 8456s
[02:41:12Z] === MISSION START: enrich_risks_rationale_cerebras ===
[02:41:12Z] Free RAM: 2547 MB (seuil 200 MB)
[07:59:05Z] OK  enrich_risks_rationale_cerebras en 19073s
[07:59:05Z] ===== CRON CEREBRAS RESTART end =====
[00:05:01Z] ===== CRON CEREBRAS RESTART start =====
[00:05:01Z] Run ID: 20260528T000501Z
[00:05:03Z] Cerebras probe HTTP 404
[00:05:03Z] Cerebras OK -> lancement des 6 missions sequentielles
[00:05:03Z] === MISSION START: scaleup_309_dstories_ko ===
[00:05:04Z] Free RAM: 2964 MB (seuil 200 MB)
[00:05:06Z] KO  scaleup_309_dstories_ko rc=1 en 2s (continue malgre tout)
[00:05:09Z] === MISSION START: scaleup_532_stories ===
[00:05:09Z] Free RAM: 2728 MB (seuil 200 MB)
[00:05:11Z] KO  scaleup_532_stories rc=2 en 2s (continue malgre tout)
[00:05:12Z] === MISSION START: extract_p0_cerebras ===
[00:05:12Z] Free RAM: 2706 MB (seuil 200 MB)
[00:07:13Z] OK  extract_p0_cerebras en 121s
[00:07:14Z] === MISSION START: ai_pos_mission_runner ===
[00:07:14Z] Free RAM: 2935 MB (seuil 200 MB)
[00:07:16Z] KO  ai_pos_mission_runner rc=2 en 2s (continue malgre tout)
[00:07:17Z] === MISSION START: enrich_top_voting_capital_passB ===
[00:07:17Z] Free RAM: 2719 MB (seuil 200 MB)
[00:54:05Z] OK  enrich_top_voting_capital_passB en 2808s
[00:54:05Z] === MISSION START: enrich_risks_rationale_cerebras ===
[00:54:05Z] Free RAM: 2903 MB (seuil 200 MB)
[02:52:41Z] OK  enrich_risks_rationale_cerebras en 7116s
[02:52:41Z] ===== CRON CEREBRAS RESTART end =====
[00:05:02Z] ===== CRON CEREBRAS RESTART start =====
[00:05:02Z] Run ID: 20260529T000502Z
[00:05:03Z] Cerebras probe HTTP 404
[00:05:03Z] Cerebras OK -> lancement des 6 missions sequentielles
[00:05:03Z] === MISSION START: scaleup_309_dstories_ko ===
[00:05:03Z] Free RAM: 3324 MB (seuil 200 MB)
[00:05:03Z] KO  scaleup_309_dstories_ko rc=1 en 0s (continue malgre tout)
[00:05:03Z] === MISSION START: scaleup_532_stories ===
[00:05:03Z] Free RAM: 3306 MB (seuil 200 MB)
[00:05:03Z] KO  scaleup_532_stories rc=2 en 0s (continue malgre tout)
[00:05:03Z] === MISSION START: extract_p0_cerebras ===
[00:05:03Z] Free RAM: 3302 MB (seuil 200 MB)
[00:06:55Z] OK  extract_p0_cerebras en 112s
[00:06:55Z] === MISSION START: ai_pos_mission_runner ===
[00:06:55Z] Free RAM: 3544 MB (seuil 200 MB)
[00:06:55Z] KO  ai_pos_mission_runner rc=2 en 0s (continue malgre tout)
[00:06:55Z] === MISSION START: enrich_top_voting_capital_passB ===
[00:06:55Z] Free RAM: 3532 MB (seuil 200 MB)
[00:28:43Z] OK  enrich_top_voting_capital_passB en 1308s
[00:28:43Z] === MISSION START: enrich_risks_rationale_cerebras ===
[00:28:43Z] Free RAM: 3171 MB (seuil 200 MB)
[02:26:15Z] OK  enrich_risks_rationale_cerebras en 7052s
[02:26:15Z] ===== CRON CEREBRAS RESTART end =====
[00:05:00Z] ===== CRON CEREBRAS RESTART start =====
[00:05:00Z] Run ID: 20260530T000500Z
[00:05:01Z] Cerebras probe HTTP 404
[00:05:01Z] Cerebras OK -> lancement des 6 missions sequentielles
[00:05:01Z] === MISSION START: scaleup_309_dstories_ko ===
[00:05:01Z] Free RAM: 4154 MB (seuil 200 MB)
[00:05:01Z] KO  scaleup_309_dstories_ko rc=1 en 0s (continue malgre tout)
[00:05:01Z] === MISSION START: scaleup_532_stories ===
[00:05:01Z] Free RAM: 4140 MB (seuil 200 MB)
[00:05:01Z] KO  scaleup_532_stories rc=2 en 0s (continue malgre tout)
[00:05:01Z] === MISSION START: extract_p0_cerebras ===
[00:05:01Z] Free RAM: 4140 MB (seuil 200 MB)
[00:06:51Z] OK  extract_p0_cerebras en 110s
[00:06:51Z] === MISSION START: ai_pos_mission_runner ===
[00:06:51Z] Free RAM: 3939 MB (seuil 200 MB)
[00:06:51Z] KO  ai_pos_mission_runner rc=2 en 0s (continue malgre tout)
[00:06:51Z] === MISSION START: enrich_top_voting_capital_passB ===
[00:06:51Z] Free RAM: 3941 MB (seuil 200 MB)
[00:36:28Z] OK  enrich_top_voting_capital_passB en 1777s
[00:36:28Z] === MISSION START: enrich_risks_rationale_cerebras ===
[00:36:28Z] Free RAM: 3364 MB (seuil 200 MB)
[02:33:01Z] OK  enrich_risks_rationale_cerebras en 6993s
[02:33:01Z] ===== CRON CEREBRAS RESTART end =====
[00:05:03Z] ===== CRON CEREBRAS RESTART start =====
[00:05:03Z] Run ID: 20260531T000503Z
[00:05:15Z] Cerebras probe HTTP 404
[00:05:15Z] Cerebras OK -> lancement des 6 missions sequentielles
[00:05:15Z] === MISSION START: scaleup_309_dstories_ko ===
[00:05:15Z] Free RAM: 3569 MB (seuil 200 MB)
[00:05:15Z] KO  scaleup_309_dstories_ko rc=1 en 0s (continue malgre tout)
[00:05:15Z] === MISSION START: scaleup_532_stories ===
[00:05:15Z] Free RAM: 3527 MB (seuil 200 MB)
[00:05:15Z] KO  scaleup_532_stories rc=2 en 0s (continue malgre tout)
[00:05:15Z] === MISSION START: extract_p0_cerebras ===
[00:05:15Z] Free RAM: 3547 MB (seuil 200 MB)
[00:12:51Z] OK  extract_p0_cerebras en 456s
[00:12:51Z] === MISSION START: ai_pos_mission_runner ===
[00:12:51Z] Free RAM: 3237 MB (seuil 200 MB)
[00:12:51Z] KO  ai_pos_mission_runner rc=2 en 0s (continue malgre tout)
[00:12:51Z] === MISSION START: enrich_top_voting_capital_passB ===
[00:12:51Z] Free RAM: 3241 MB (seuil 200 MB)
[01:09:33Z] OK  enrich_top_voting_capital_passB en 3402s
[01:09:34Z] === MISSION START: enrich_risks_rationale_cerebras ===
[01:09:34Z] Free RAM: 2498 MB (seuil 200 MB)
[04:46:22Z] OK  enrich_risks_rationale_cerebras en 13008s
[04:46:22Z] ===== CRON CEREBRAS RESTART end =====
[00:05:05Z] ===== CRON CEREBRAS RESTART start =====
[00:05:05Z] Run ID: 20260601T000505Z
[00:05:06Z] Cerebras probe HTTP 404
[00:05:06Z] Cerebras OK -> lancement des 6 missions sequentielles
[00:05:06Z] === MISSION START: scaleup_309_dstories_ko ===
[00:05:06Z] Free RAM: 2909 MB (seuil 200 MB)
[00:05:06Z] KO  scaleup_309_dstories_ko rc=1 en 0s (continue malgre tout)
[00:05:06Z] === MISSION START: scaleup_532_stories ===
[00:05:06Z] Free RAM: 2953 MB (seuil 200 MB)
[00:05:06Z] KO  scaleup_532_stories rc=2 en 0s (continue malgre tout)
[00:05:06Z] === MISSION START: extract_p0_cerebras ===
[00:05:06Z] Free RAM: 3071 MB (seuil 200 MB)
[00:06:56Z] OK  extract_p0_cerebras en 110s
[00:06:56Z] === MISSION START: ai_pos_mission_runner ===
[00:06:56Z] Free RAM: 3028 MB (seuil 200 MB)
[00:06:56Z] KO  ai_pos_mission_runner rc=2 en 0s (continue malgre tout)
[00:06:56Z] === MISSION START: enrich_top_voting_capital_passB ===
[00:06:56Z] Free RAM: 3015 MB (seuil 200 MB)
[00:47:23Z] OK  enrich_top_voting_capital_passB en 2427s
[00:47:23Z] === MISSION START: enrich_risks_rationale_cerebras ===
[00:47:23Z] Free RAM: 3048 MB (seuil 200 MB)
[02:41:14Z] OK  enrich_risks_rationale_cerebras en 6831s
[02:41:14Z] ===== CRON CEREBRAS RESTART end =====
