[2026-05-04 22:37:01] AUTOPILOT démarrage
[2026-05-04 22:41:22] === AUTOPILOT démarrage ===
[2026-05-04 22:47:27] sec-data accessible après 360s
pending=692
[2026-05-04 22:47:28] Pending list construite
[2026-05-04 22:47:28] 6 procs Pass 3 lancés. PIDs: 1383 1384 1385 1386 1387 1388
[2026-05-04 22:47:28] === AUTOPILOT setup terminé, parent script exit ===
[2026-05-08 23:21:46] === AUTOPILOT démarrage ===
[2026-05-08 23:21:46] sec-data accessible après 0s
pending=5
[2026-05-08 23:21:53] Pending list construite
[2026-05-08 23:21:53] 6 procs Pass 3 lancés. PIDs: 1018 1019 1020 1021 1022 1023
[2026-05-08 23:21:53] === AUTOPILOT setup terminé, parent script exit ===
[2026-05-08 23:29:57] === AUTOPILOT démarrage ===
[2026-05-08 23:29:58] sec-data accessible après 0s
pending=5
[2026-05-08 23:30:04] Pending list construite
[2026-05-08 23:30:04] 6 procs Pass 3 lancés. PIDs: 1055 1056 1057 1058 1059 1060
[2026-05-08 23:30:04] === AUTOPILOT setup terminé, parent script exit ===
[2026-05-10 10:39:10] === AUTOPILOT démarrage ===
[2026-05-10 10:39:11] sec-data accessible après 0s
pending=5
[2026-05-10 10:39:16] Pending list construite
[2026-05-10 10:39:16] 6 procs Pass 3 lancés. PIDs: 1031 1032 1033 1034 1035 1036
[2026-05-10 10:39:16] === AUTOPILOT setup terminé, parent script exit ===
[2026-05-12 13:04:27] === AUTOPILOT démarrage ===
[2026-05-12 13:04:27] sec-data accessible après 0s
pending=5
[2026-05-12 13:04:31] Pending list construite
[2026-05-12 13:04:31] 6 procs Pass 3 lancés. PIDs: 1284 1285 1286 1287 1288 1289
[2026-05-12 13:04:31] === AUTOPILOT setup terminé, parent script exit ===
[2026-05-13 23:28:47] === AUTOPILOT démarrage ===
[2026-05-13 23:28:49] sec-data accessible après 0s
pending=5
[2026-05-13 23:28:59] Pending list construite
[2026-05-13 23:28:59] 6 procs Pass 3 lancés. PIDs: 1001 1002 1003 1004 1005 1006
[2026-05-13 23:28:59] === AUTOPILOT setup terminé, parent script exit ===
[2026-05-14 00:59:58] === AUTOPILOT démarrage ===
[2026-05-14 00:59:58] sec-data accessible après 0s
pending=5
[2026-05-14 00:59:59] Pending list construite
[2026-05-14 00:59:59] 6 procs Pass 3 lancés. PIDs: 2143 2144 2145 2146 2147 2148
[2026-05-14 00:59:59] === AUTOPILOT setup terminé, parent script exit ===
