[REPARTITION CEREBRAS PAID] key#0 | 35 tickers | 3 keys
[1/35] TD ...
  SKIP filing_unreadable
[2/35] KKR ...
  SKIP both_invalid seg=null geo=null
[3/35] EIPAF ...
  SKIP both_invalid seg=null geo=null
[4/35] MRK.DE ...
  SKIP both_invalid seg=null geo=null
[5/35] REL.L ...
  SKIP no_segment_or_geo_section_found
[6/35] SAND.ST ...
  SKIP no_segment_or_geo_section_found
[7/35] ARES ...
  SKIP both_invalid seg=share_pct_sum_50.4_out_of_range geo=null
[8/35] DANSKE.CO ...
  SKIP no_segment_or_geo_section_found
[9/35] LONN.SW ...
  SKIP no_segment_or_geo_section_found
[10/35] SLHN.SW ...
  SKIP no_segment_or_geo_section_found
[11/35] AV.L ...
  SKIP no_segment_or_geo_section_found
[12/35] VNA.DE ...
  SKIP no_segment_or_geo_section_found
[13/35] NHY.OL ...
  SKIP both_invalid seg=share_pct_sum_139.2_out_of_range geo=null
[14/35] AMUN.PA ...
  SKIP no_segment_or_geo_section_found
[15/35] SGSN.SW ...
  OK seg_slices=2 geo_slices=0 src=cerebras_paid_k0
[16/35] MB.MI ...
  SKIP filing_unreadable
[17/35] UNI.MI ...
  SKIP no_segment_or_geo_section_found
[18/35] RI.PA ...
  SKIP filing_unreadable
[19/35] URW.PA ...
  SKIP no_segment_or_geo_section_found
[20/35] BCP.LS ...
  SKIP both_invalid seg=null geo=null
[21/35] CA.PA ...
  SKIP no_segment_or_geo_section_found
[22/35] BNT ...
  OK seg_slices=4 geo_slices=1 src=cerebras_paid_k1
[23/35] YAR.OL ...
  OK seg_slices=7 geo_slices=0 src=cerebras_paid_k1
[24/35] AGN.AS ...
  SKIP both_invalid seg=null geo=null
[25/35] CNA.L ...
  SKIP no_segment_or_geo_section_found
[26/35] SOON.SW ...
  SKIP no_segment_or_geo_section_found
[27/35] PAH3.DE ...
  SKIP no_segment_or_geo_section_found
[28/35] LI.PA ...
  SKIP no_segment_or_geo_section_found
[29/35] ABVX ...
  OK seg_slices=0 geo_slices=0 src=cerebras_paid_k2
[30/35] SPM.MI ...
  SKIP both_invalid seg=null geo=null
[31/35] BK ...
  SKIP both_invalid seg=null geo=null
[32/35] ELV ...
  OK seg_slices=0 geo_slices=1 src=cerebras_paid_k1
[33/35] IBM ...
  SKIP both_invalid seg=null geo=null
[34/35] REGN ...
  OK seg_slices=0 geo_slices=0 src=cerebras_paid_k1
[35/35] USB ...
  OK seg_slices=0 geo_slices=1 src=cerebras_paid_k1

DONE key#0: 7/35 OK in 42s
