[EU FALLBACK] 22 tickers | 3 keys
[1/22] EIPAF ...
  SKIP both_invalid seg=null geo=null
[2/22] MRK.DE ...
  SKIP both_invalid seg=only_1_valid_slices geo=share_pct_sum_140.0_out_of_range
[3/22] REL.L ...
  OK seg=0 geo=3 src=cerebras_paid_k2
[4/22] SAND.ST ...
  SKIP both_invalid seg=null geo=null
[5/22] DANSKE.CO ...
  SKIP both_invalid seg=null geo=null
[6/22] LONN.SW ...
  OK seg=5 geo=0 src=cerebras_paid_k2
[7/22] SLHN.SW ...
  SKIP both_invalid seg=null geo=null
[8/22] AV.L ...
  SKIP both_invalid seg=null geo=null
[9/22] VNA.DE ...
  OK seg=0 geo=3 src=cerebras_paid_k2
[10/22] NHY.OL ...
  SKIP both_invalid seg=null geo=null
[11/22] AMUN.PA ...
  SKIP both_invalid seg=null geo=null
[12/22] UNI.MI ...
  OK seg=2 geo=0 src=cerebras_paid_k2
[13/22] BCP.LS ...
  SKIP both_invalid seg=null geo=null
[14/22] CA.PA ...
  SKIP both_invalid seg=null geo=null
[15/22] AGN.AS ...
  SKIP both_invalid seg=null geo=null
[16/22] CNA.L ...
  SKIP both_invalid seg=null geo=null
[17/22] SOON.SW ...
  SKIP both_invalid seg=null geo=null
[18/22] PAH3.DE ...
  SKIP both_invalid seg=null geo=null
[19/22] LI.PA ...
  OK seg=0 geo=0 src=cerebras_paid_k2
[20/22] SPM.MI ...
  SKIP both_invalid seg=null geo=null
[21/22] IBM ...
  OK seg=4 geo=4 src=cerebras_paid_k2
[22/22] TD ...
  SKIP filing_unreadable

DONE: 6/22 OK
