[REPARTITION CEREBRAS PAID] key#0 | 22 tickers | 3 keys
[1/22] AGN.AS ...
  SKIP both_invalid seg=null geo=null
[2/22] AMUN.PA ...
  SKIP no_segment_or_geo_section_found
[3/22] AV.L ...
  SKIP no_segment_or_geo_section_found
[4/22] BCP.LS ...
  SKIP both_invalid seg=null geo=null
[5/22] CA.PA ...
  SKIP no_segment_or_geo_section_found
[6/22] CNA.L ...
  SKIP no_segment_or_geo_section_found
[7/22] DANSKE.CO ...
  SKIP no_segment_or_geo_section_found
[8/22] EIPAF ...
  SKIP no_segment_or_geo_section_found
[9/22] LONN.SW ...
  SKIP no_segment_or_geo_section_found
[10/22] MRK.DE ...
  SKIP both_invalid seg=null geo=null
[11/22] NHY.OL ...
  SKIP both_invalid seg=share_pct_sum_139.2_out_of_range geo=null
[12/22] REL.L ...
  SKIP no_segment_or_geo_section_found
[13/22] SAND.ST ...
  SKIP no_segment_or_geo_section_found
[14/22] SLHN.SW ...
  SKIP no_segment_or_geo_section_found
[15/22] SOON.SW ...
  SKIP no_segment_or_geo_section_found
[16/22] SPM.MI ...
  SKIP both_invalid seg=null geo=null
[17/22] UNI.MI ...
  SKIP no_segment_or_geo_section_found
[18/22] YAR.OL ...
  OK seg_slices=7 geo_slices=0 src=cerebras_paid_k2
[19/22] URW.PA ...
  SKIP no_segment_or_geo_section_found
[20/22] BRK.B ...
  OK seg_slices=7 geo_slices=4 src=cerebras_paid_k2
[21/22] ELV ...
  OK seg_slices=0 geo_slices=1 src=cerebras_paid_k1
[22/22] USB ...
  OK seg_slices=0 geo_slices=1 src=cerebras_paid_k2

DONE key#0: 4/22 OK in 235s
