[REPARTITION CEREBRAS PAID] key#0 | 34 tickers | 3 keys
[1/34] ARES ...
  SKIP both_invalid seg=share_pct_sum_50.4_out_of_range geo=null
[2/34] BK ...
  SKIP both_invalid seg=null geo=null
[3/34] ELV ...
  OK seg_slices=0 geo_slices=1 src=cerebras_paid_k1
[4/34] IBM ...
  SKIP both_invalid seg=null geo=null
[5/34] KKR ...
  SKIP both_invalid seg=null geo=null
[6/34] REGN ...
  OK seg_slices=0 geo_slices=0 src=cerebras_paid_k1
[7/34] USB ...
  OK seg_slices=0 geo_slices=1 src=cerebras_paid_k1
[8/34] EIPAF ...
  SKIP no_segment_or_geo_section_found
[9/34] MRK.DE ...
  SKIP both_invalid seg=null geo=null
[10/34] REL.L ...
  SKIP no_segment_or_geo_section_found
[11/34] SAND.ST ...
  SKIP no_segment_or_geo_section_found
[12/34] DANSKE.CO ...
  SKIP no_segment_or_geo_section_found
[13/34] LONN.SW ...
  SKIP no_segment_or_geo_section_found
[14/34] FRES.L ...
  OK seg_slices=8 geo_slices=1 src=cerebras_paid_k2
[15/34] SLHN.SW ...
  SKIP no_segment_or_geo_section_found
[16/34] AV.L ...
  SKIP no_segment_or_geo_section_found
[17/34] VNA.DE ...
  SKIP no_segment_or_geo_section_found
[18/34] NHY.OL ...
  SKIP both_invalid seg=share_pct_sum_139.2_out_of_range geo=null
[19/34] AMUN.PA ...
  SKIP no_segment_or_geo_section_found
[20/34] SGSN.SW ...
  OK seg_slices=2 geo_slices=0 src=cerebras_paid_k2
[21/34] MB.MI ...
  SKIP filing_unreadable
[22/34] UNI.MI ...
  SKIP no_segment_or_geo_section_found
[23/34] RI.PA ...
  SKIP filing_unreadable
[24/34] BCP.LS ...
  SKIP both_invalid seg=null geo=null
[25/34] CA.PA ...
  SKIP no_segment_or_geo_section_found
[26/34] YAR.OL ...
  OK seg_slices=7 geo_slices=0 src=cerebras_paid_k2
[27/34] AGN.AS ...
  SKIP both_invalid seg=null geo=null
[28/34] CNA.L ...
  SKIP no_segment_or_geo_section_found
[29/34] SOON.SW ...
  SKIP no_segment_or_geo_section_found
[30/34] PAH3.DE ...
  SKIP no_segment_or_geo_section_found
[31/34] LI.PA ...
  SKIP no_segment_or_geo_section_found
[32/34] ABVX ...
  SKIP filing_unreadable
[33/34] SPM.MI ...
  SKIP api_fail:all_keys_failed: http429 key=2 b'{"message":"We\'re experiencing high traffic right now! Please try again soon.
[34/34] TD ...
  SKIP filing_unreadable

DONE key#0: 6/34 OK in 61s
