[REPARTITION CEREBRAS PAID] key#1 | 28 tickers | 3 keys
[1/28] ELV ...
  OK seg_slices=0 geo_slices=1 src=cerebras_paid_k2
[2/28] IBM ...
  SKIP both_invalid seg=null geo=null
[3/28] TD ...
  SKIP filing_unreadable
[4/28] EIPAF ...
  SKIP no_segment_or_geo_section_found
[5/28] MRK.DE ...
  SKIP both_invalid seg=null geo=null
[6/28] REL.L ...
  SKIP no_segment_or_geo_section_found
[7/28] SAND.ST ...
  SKIP no_segment_or_geo_section_found
[8/28] DANSKE.CO ...
  SKIP no_segment_or_geo_section_found
[9/28] LONN.SW ...
  SKIP no_segment_or_geo_section_found
[10/28] SLHN.SW ...
  SKIP no_segment_or_geo_section_found
[11/28] AV.L ...
  SKIP no_segment_or_geo_section_found
[12/28] VNA.DE ...
  SKIP no_segment_or_geo_section_found
[13/28] NHY.OL ...
  SKIP both_invalid seg=share_pct_sum_139.2_out_of_range geo=null
[14/28] AMUN.PA ...
  SKIP no_segment_or_geo_section_found
[15/28] SGSN.SW ...
  OK seg_slices=2 geo_slices=0 src=cerebras_paid_k1
[16/28] UNI.MI ...
  SKIP no_segment_or_geo_section_found
[17/28] BCP.LS ...
  SKIP both_invalid seg=null geo=null
[18/28] CA.PA ...
  SKIP no_segment_or_geo_section_found
[19/28] YAR.OL ...
  OK seg_slices=7 geo_slices=0 src=cerebras_paid_k1
[20/28] AGN.AS ...
  SKIP both_invalid seg=null geo=null
[21/28] CNA.L ...
  SKIP no_segment_or_geo_section_found
[22/28] SOON.SW ...
  SKIP no_segment_or_geo_section_found
[23/28] PAH3.DE ...
  SKIP no_segment_or_geo_section_found
[24/28] LI.PA ...
  SKIP no_segment_or_geo_section_found
[25/28] ABVX ...
  SKIP filing_unreadable
[26/28] SPM.MI ...
  SKIP both_invalid seg=null geo=null
[27/28] MB.MI ...
  SKIP filing_unreadable
[28/28] RI.PA ...
  SKIP filing_unreadable

DONE key#1: 3/28 OK in 36s
