[REPARTITION CEREBRAS PAID] key#1 | 18 tickers | 3 keys
[1/18] AGN.AS ...
  SKIP both_invalid seg=null geo=null
[2/18] AMUN.PA ...
  SKIP both_invalid seg=null geo=null
[3/18] AV.L ...
  OK seg_slices=0 geo_slices=2 src=cerebras_paid_k1
[4/18] BCP.LS ...
  SKIP both_invalid seg=null geo=null
[5/18] CA.PA ...
  SKIP both_invalid seg=null geo=null
[6/18] CNA.L ...
  SKIP both_invalid seg=null geo=null
[7/18] DANSKE.CO ...
  SKIP both_invalid seg=null geo=null
[8/18] EIPAF ...
  SKIP both_invalid seg=null geo=null
[9/18] LONN.SW ...
  OK seg_slices=5 geo_slices=0 src=cerebras_paid_k1
[10/18] MRK.DE ...
  SKIP both_invalid seg=null geo=null
[11/18] NHY.OL ...
  SKIP both_invalid seg=share_pct_sum_139.2_out_of_range geo=null
[12/18] REL.L ...
  OK seg_slices=4 geo_slices=3 src=cerebras_paid_k2
[13/18] SAND.ST ...
  SKIP both_invalid seg=null geo=null
[14/18] SLHN.SW ...
  SKIP both_invalid seg=share_pct_sum_225.5_out_of_range geo=share_pct_sum_300.8_out_of_range
[15/18] SOON.SW ...
  SKIP both_invalid seg=null geo=null
[16/18] SPM.MI ...
  OK seg_slices=3 geo_slices=0 src=cerebras_paid_k1
[17/18] UNI.MI ...
  OK seg_slices=2 geo_slices=0 src=cerebras_paid_k2
[18/18] URW.PA ...
  SKIP both_invalid seg=null geo=null

DONE key#1: 5/18 OK in 176s
