[EU FALLBACK] 25 tickers | 3 keys
[1/25] ELV ...
  OK seg=0 geo=1 src=cerebras_paid_k2
[2/25] USB ...
  OK seg=0 geo=1 src=cerebras_paid_k2
[3/25] TD ...
  SKIP filing_unreadable
[4/25] EIPAF ...
  SKIP json_parse_fail
[5/25] MRK.DE ...
  SKIP both_invalid seg=only_1_valid_slices geo=share_pct_sum_140.0_out_of_range
[6/25] SAND.ST ...
  SKIP both_invalid seg=null geo=null
[7/25] DANSKE.CO ...
  SKIP both_invalid seg=null geo=null
[8/25] SLHN.SW ...
  SKIP both_invalid seg=null geo=null
[9/25] AV.L ...
  SKIP both_invalid seg=null geo=null
[10/25] NHY.OL ...
  SKIP both_invalid seg=null geo=null
[11/25] AMUN.PA ...
  SKIP both_invalid seg=null geo=null
[12/25] MB.MI ...
  SKIP filing_unreadable
[13/25] RI.PA ...
  SKIP filing_unreadable
[14/25] BCP.LS ...
  SKIP both_invalid seg=null geo=null
[15/25] CA.PA ...
  SKIP both_invalid seg=null geo=null
[16/25] YAR.OL ...
  SKIP both_invalid seg=null geo=null
[17/25] AGN.AS ...
  SKIP both_invalid seg=null geo=null
[18/25] CNA.L ...
  SKIP both_invalid seg=null geo=null
[19/25] SOON.SW ...
  SKIP both_invalid seg=null geo=null
[20/25] PAH3.DE ...
  SKIP both_invalid seg=null geo=null
[21/25] ABVX ...
  SKIP filing_unreadable
[22/25] SPM.MI ...
  SKIP both_invalid seg=null geo=null
[23/25] REL.L ...
  OK seg=0 geo=3 src=cerebras_paid_k2
[24/25] LONN.SW ...
  OK seg=5 geo=0 src=cerebras_paid_k2
[25/25] UNI.MI ...
  OK seg=2 geo=0 src=cerebras_paid_k2

DONE: 5/25 OK
