==== TRV ====
('Inflation et pression sur les coûts', 'haut', 12347, 1, 'inflation. The impact of inflation on loss costs could be more pronounced for those lines')
('Pression concurrentielle', 'bas', 27001, 0, 'competitive environment, reinsurance arrangements, other credit exposures, regulatory developments and the impact of rating agency')
('Pandémies et événements sanitaires', 'milieu', 13468, 0, 'pandemic, or during volatile or uncertain economic conditions, due to unexpected changes in behavior of')
('Litiges et procédures judiciaires', 'haut', 11165, 0, 'litigation, expanded theories of liability, higher jury awards, lawsuit abuse and third-party litigation finance, among')
("Chaîne d'approvisionnement et fournisseurs", 'haut', 10699, 0, 'supply chain disruptions, higher costs of used vehicles and parts, and increased demand and decreased')
('Tensions géopolitiques et tarifs douaniers', 'haut', 12300, 0, 'tariffs, could lead to higher than anticipated inflation. The impact of inflation on loss costs')
("Risque de taux d'intérêt", 'haut', 11371, 0, 'interest rates, which can result in higher post-judgment interest costs; and legislative changes, among others.')
('Intelligence artificielle et nouvelles technologies', 'haut', 4892, 0, 'artificial intelligence. In addition, increases in the value and geographic concentration of insured property, the')
==== TSCO ====
('Risques climatiques et événements extrêmes', 'haut', 3537, 0, 'natural disasters, while also managing appropriate inventory levels in our stores and distribution or fulfillment')
('Réputation et image de marque', 'haut', 11299, 1, 'reputation could have a material adverse effect on our brand name or any of our')
('Risques réglementaires et juridiques', 'bas', 28104, 1, 'regulations affecting distribution, including the imposition of higher tariffs or other changes in trade policies.')
('Dépendance aux tiers et prestataires', 'bas', 27102, 1, 'Third-Party Vendor Risks We face risks associated with vendors from whom our products are sourced.')
('Intelligence artificielle et nouvelles technologies', None, None, None, None)
('Tensions géopolitiques et tarifs douaniers', 'bas', 28175, 1, 'tariffs or other changes in trade policies. Our vendors may be forced to reduce their')
('Risques financiers', 'bas', 32182, 0, 'liquidity and net income. In addition, the imposition of tariffs by the U.S. has resulted')
("Cybersécurité et sécurité de l'information", 'bas', 28876, 1, 'cyber-attacks or security breaches at a vendor could subject the Company to litigation and adversely')
==== TSLA ====
("Chaîne d'approvisionnement et fournisseurs", 'milieu', 13464, 1, 'suppliers such as Panasonic and Contemporary Amperex Technology Co. Limited (CATL) for these cells. We')
('Qualité et sécurité des produits', 'bas', 30183, 1, 'product liability claim may subject us to lawsuits and substantial monetary damages, product recalls or')
('Litiges et procédures judiciaires', 'bas', 30225, 1, 'lawsuits and substantial monetary damages, product recalls or redesign efforts, and even a meritless claim')
('Risques climatiques et événements extrêmes', 'bas', 35461, 1, 'catastrophic event, our customers may be unable or unwilling to satisfy their payment obligations to')
('Dépendance aux tiers et prestataires', 'milieu', 20115, 0, 'service providers of competing energy technologies, as well as from large utilities. In addition, decreases')
('Capital humain et relations sociales', 'bas', 35797, 1, 'employees and qualified personnel, our ability to compete may be harmed. The loss of the')
('Propriété intellectuelle', 'bas', 39044, 0, 'intellectual property theft, claims, litigation, regulatory investigations, significant liability, reputational damage and other adverse consequences.')
('Pression concurrentielle', 'milieu', 16561, 0, 'competition, including from other types of alternative fuel vehicles, plug-in hybrid electric vehicles and high')
==== TSN ====
('Qualité et sécurité des produits', 'bas', 28762, 0, 'Product liability claims could adversely affect our business operations and financial results, or damage our')
('Pression concurrentielle', 'milieu', 14665, 0, 'competition from other food producers and processors. The food industry in general is intensely competitive.')
('Réputation et image de marque', 'haut', 5446, 0, 'reputation could suffer if we are unable to protect our information technology systems against, or')
('Inflation et pression sur les coûts', 'milieu', 26480, 0, 'inflation could have an adverse impact on our operations, results of operations, liquidity or cash')
('Engagements de retraite', None, None, None, None)
('Acquisitions et intégrations', 'haut', 6383, 0, 'integrating software and databases, user errors, natural disasters, telecommunications failures, computer viruses, cyber attacks, disruptions')
('Litiges et procédures judiciaires', 'haut', 7784, 0, 'litigation and regulatory enforcement actions. If there is wide scale disruption to our systems, we')
('Évolution des préférences clients', 'milieu', 17799, 0, 'consumer preference and failure to maintain favorable consumer perception of our brands and products could')
==== TT ====
('Litiges et procédures judiciaires', 'milieu', 20227, 1, 'Litigation Material adverse legal judgments, fines, penalties or settlements could adversely affect our results of')
("Chaîne d'approvisionnement et fournisseurs", 'haut', 2802, 1, 'suppliers and customers to fulfill their obligations, limit our ability to sell products in certain')
('Pression concurrentielle', 'haut', 7615, 1, 'competitive harm, harm to our reputation, or legal liability. A failure or inability to effectively')
("Cybersécurité et sécurité de l'information", 'milieu', 17255, 0, 'cyberattacks; trade disruptions; additional tariffs; energy shortages or rationing that may adversely impact our manufacturing')
('Tensions géopolitiques et tarifs douaniers', 'milieu', 17711, 1, 'geopolitical conflicts, including the situations in Ukraine and the Middle East. Although neither the Russia-Ukraine')
('Risques climatiques et événements extrêmes', 'haut', 2203, 0, 'natural disasters, or other events affecting the supply of labor, materials and components; •difficulty of')
('Propriété intellectuelle', 'bas', 35960, 1, 'Intellectual property infringement claims of others and the inability to protect our intellectual property rights')
('Acquisitions et intégrations', 'haut', 10233, 1, 'integrated AI solutions in our products and services, could have a material adverse impact on')
==== TTD ====
('Pression concurrentielle', 'milieu', 13930, 0, 'competitive, and we may not be able to compete successfully with our current or future')
('Protection des données personnelles', 'bas', 32286, 1, 'privacy law remains a possibility. If ultimately passed, such a law would likely substantially impact')
("Cybersécurité et sécurité de l'information", 'milieu', 23075, 0, 'cybersecurity risks that threaten the confidentiality, integrity and availability of our systems and the data')
('Risques opérationnels', None, None, None, None)
('Intelligence artificielle et nouvelles technologies', 'milieu', 14663, 0, 'machine learning models in our platform for nearly a decade and plan to continue such')
("Chaîne d'approvisionnement et fournisseurs", 'haut', 10365, 1, 'suppliers respond to changes in the legal and regulatory landscape. A few inventory suppliers hold')
('Dépendance aux tiers et prestataires', 'bas', 27668, 1, 'third-party data providers are subject may cause us to incur additional or unexpected costs, subject')
('Risques technologiques et IT', 'haut', 10120, 1, 'networks and exchanges and social media platforms, including CTV and other video, mobile, display and')
==== TTWO ====
('Pression concurrentielle', 'haut', 2852, 1, 'competition for retailer support could increase expenses •A limited number of customers account for a')
('Dépendance aux tiers et prestataires', 'haut', 12721, 1, 'third-party software developers to develop new interactive entertainment software within anticipated release schedules and cost')
('Litiges et procédures judiciaires', 'haut', 4922, 0, 'legal proceedings that may result in adverse outcomes Risks relating to our business and industry')
('Opérations internationales', 'haut', 2382, 0, 'International operations risks •The loss of server capacity, lack of sufficient bandwidth, or connectivity issues')
('Acquisitions et intégrations', 'milieu', 23448, 1, 'integrating these technologies into our operations, we may face significant risks to our competitive position,')
("Cybersécurité et sécurité de l'information", 'haut', 1564, 0, 'security breaches •Potential adverse impact of inadequate consumer data protection •Dependence on key management and')
('Risques technologiques et IT', 'haut', 1488, 0, 'information technology systems and networks and potential adverse impact of security breaches •Potential adverse impact')
("Chaîne d'approvisionnement et fournisseurs", 'milieu', 24339, 0, 'supply chain issues, and which has been and could be affected by an increase in')
==== TXN ====
("Chaîne d'approvisionnement et fournisseurs", 'haut', 1870, 0, 'supply chains. Certain countries where we operate, particularly the United States and China, have experienced,')
("Cybersécurité et sécurité de l'information", 'bas', 6875, 0, 'cybersecurity events, breaches, disruptions or other incidents relating to our information technology systems. Breaches, disruptions')
('Pression concurrentielle', 'milieu', 3565, 1, 'competition that requires us to respond rapidly to product development and pricing pressures. We face')
('Risques climatiques et événements extrêmes', 'haut', 2952, 0, 'climate change risks and possible disruptions in power, water supply, transportation, communications and information technology')
('Tensions géopolitiques et tarifs douaniers', 'haut', 2017, 0, 'geopolitical tensions and administrative measures that affect global trade and macroeconomic conditions through the imposition')
('Risques réglementaires et juridiques', 'haut', 1768, 0, 'regulatory activity and scrutiny, which has contributed to variability in global trade conditions and supply')
('Acquisitions et intégrations', 'bas', 8559, 0, 'acquisitions, divestitures, capital investments and restructuring actions, to support or carry out our objectives. If')
('Dépendance aux tiers et prestataires', 'bas', 7127, 0, 'third parties could be caused by factors such as computer viruses, ransomware, malware, software vulnerabilities,')
==== TXT ====
('Risques financiers', 'haut', 4839, 1, 'liquidity. U.S. Government contracts can be terminated at any time and may contain other unfavorable')
("Chaîne d'approvisionnement et fournisseurs", 'milieu', 20990, 1, 'supply chain challenges, continue or if global macroeconomic conditions deteriorate and remain at depressed levels')
("Cybersécurité et sécurité de l'information", 'haut', 8054, 0, 'cybersecurity and the recently issued Executive Order relating to underperformance of U.S. defense contracts, investment')
('Risques opérationnels', 'milieu', 20262, 0, 'Operational Risks Global macroeconomic conditions could negatively impact our business. Global macroeconomic conditions have negatively')
('Capital humain et relations sociales', 'milieu', 20980, 1, 'labor and supply chain challenges, continue or if global macroeconomic conditions deteriorate and remain at')
('Qualité et sécurité des produits', 'milieu', 17490, 0, 'product liability risks, potential product recalls and other regulatory issues that could have an adverse')
('Risques climatiques et événements extrêmes', 'bas', 27754, 0, 'natural disasters, acts of war, and other events beyond their control and may be subject')
('Litiges et procédures judiciaires', 'bas', 29191, 0, 'litigation. We are subject to risks of doing business globally that could adversely impact our')
==== TYL ====
("Cybersécurité et sécurité de l'information", 'haut', 1496, 0, 'Cyber-attacks, the use of artificial intelligence and security vulnerabilities can disrupt our business and harm')
('Récession et ralentissement économique', 'milieu', 25320, 0, 'recession could reduce demand for our software products and services. Governments may face financial pressures')
('Dépendance aux tiers et prestataires', 'milieu', 14112, 1, 'third parties or our ability to license or otherwise use their software or tools could')
('Risques réglementaires et juridiques', 'haut', 4614, 0, 'regulatory enforcement actions and litigation that could result in financial judgments, the payment of settlement')
('Propriété intellectuelle', 'milieu', 21596, 1, 'intellectual property rights could have a material adverse effect on our business, regardless of the')
('Réseau immobilier et points de vente', 'haut', 1158, 0, 'lease the results of any revisions to these forward-looking statements. Our actual results may differ')
('Pression concurrentielle', 'haut', 1613, 0, 'competitive position. Threats to IT security can take, and have in the past taken, a')
('Acquisitions et intégrations', 'haut', 6531, 0, 'integrate with the software, systems, or infrastructure requirements of other vendors and service providers used')
==== UAL ====
('Litiges et procédures judiciaires', 'haut', 4935, 0, 'litigation risks, and may be required to seek extensions of the terms for certain leased')
('Dépendance aux tiers et prestataires', 'milieu', 23763, 1, 'third-party service providers, including certain technology providers. Failure of these parties to perform as expected,')
('Pression concurrentielle', 'haut', 12671, 1, 'competitive and susceptible to price discounting and changes in capacity, which could have a material')
('Risques climatiques et événements extrêmes', 'haut', 11786, 2, "catastrophe or incident, which may result in a material adverse effect on the Company's business,")
('Engagements de retraite', 'bas', 32785, 0, "pension of the Company's overflying in Russian airspace as a result of the Russia-Ukraine military")
('Opérations internationales', 'milieu', 16166, 0, 'international operations are subject to competition from both foreign and domestic carriers. For instance, competition')
('Intelligence artificielle et nouvelles technologies', 'bas', 39657, 0, 'artificial intelligence ("AI"), to operate its business, including, but not limited to, computerized airline reservation')
("Cybersécurité et sécurité de l'information", 'bas', 39172, 1, 'cybersecurity attacks and any significant declines in demand for air travel services. Information Technology, Cybersecurity')
==== UBER ====
('Pression concurrentielle', 'milieu', 20892, 1, 'competitive advantages such as greater brand recognition, longer operating histories, larger marketing budgets, better localized')
('Acquisitions et intégrations', 'haut', 4411, 0, 'acquisition of, use of, disclosure of, alteration of or destruction of our proprietary or confidential')
('Restructuration et plan de réduction des coûts', None, None, None, None)
('Litiges et procédures judiciaires', 'haut', 6956, 0, 'litigation, fines, legislative and regulatory action, and negative press about our privacy and data protection')
('Risques réglementaires et juridiques', 'haut', 4227, 0, 'regulatory conditions, public health concerns or other circumstances. •We have experienced and may experience security')
('Réseau immobilier et points de vente', 'bas', 39699, 0, 'leased a third safety report, which provides the public with data related to reports of')
('Réputation et image de marque', 'milieu', 15491, 1, 'reputation, disrupt our operations and reduce our net revenues, and the resolution of labor disputes')
('Tensions géopolitiques et tarifs douaniers', 'bas', 32629, 0, 'geopolitical affiliations, a pandemic or an outbreak of disease or similar public health concern, or')
