[quarterly-refresh] start 20260809-073004
[quarterly-refresh-detect] 2026-08-09T05:31:00.320207+00:00 progress 50/589
[quarterly-refresh-detect] 2026-08-09T05:31:58.446117+00:00 progress 100/589
[quarterly-refresh-detect] 2026-08-09T05:32:57.366922+00:00 progress 150/589
[quarterly-refresh-detect] 2026-08-09T05:33:57.139021+00:00 progress 200/589
[quarterly-refresh-detect] 2026-08-09T05:34:53.546410+00:00 progress 250/589
[quarterly-refresh-detect] 2026-08-09T05:35:47.569612+00:00 progress 300/589
[quarterly-refresh-detect] 2026-08-09T05:36:44.943402+00:00 progress 350/589
[quarterly-refresh-detect] 2026-08-09T05:38:40.466262+00:00 progress 450/589
[quarterly-refresh-detect] 2026-08-09T05:39:40.055126+00:00 progress 500/589
[quarterly-refresh-detect] 2026-08-09T05:40:04.136608+00:00 progress 550/589
[quarterly-refresh-detect] 2026-08-09T05:40:26.733392+00:00 NEW CCEP: 3 filing(s) → ['SC 13G/A 2019-02-14', 'SC 13G/A 2020-02-14', 'SC 13G/A 2021-02-16']
[quarterly-refresh-detect] 2026-08-09T05:40:28.777876+00:00 NEW FER: 2 filing(s) → ['SC 13G 2024-10-22', 'SC 13G 2024-11-01']
[quarterly-refresh-detect] 2026-08-09T05:40:33.006177+00:00 NEW NBIS: 8 filing(s) → ['SC 13D/A 2014-10-15', 'SC 13D/A 2015-03-18', 'SC 13D/A 2015-05-22', 'SC 13G/A 2024-02-09', 'SC 13G/A 2024-02-09', 'SC 13G/A 2024-11-12', '424B5 2025-09-12', '424B5 2025-11-12']
[quarterly-refresh-detect] 2026-08-09T05:40:34.022685+00:00 NEW PDD: 8 filing(s) → ['SC 13D 2020-07-06', '424B5 2020-11-19', '424B5 2020-11-19', 'SC 13D/A 2020-11-25', 'SC 13D/A 2021-03-24', 'SC 13G/A 2023-07-07', 'SC 13G 2024-10-21', 'SC 13G 2024-10-22']
[quarterly-refresh-detect] 2026-08-09T05:40:39.133771+00:00 NEW TRI: 6 filing(s) → ['SC 13D/A 2022-02-11', 'SC 13G/A 2022-02-11', 'SC 13D/A 2023-02-10', 'SC 13G/A 2023-02-10', 'SC 13D/A 2024-02-14', 'SC 13G/A 2024-02-14']
[quarterly-refresh-detect] 2026-08-09T05:40:39.783137+00:00 Ecrit /Users/yann/spx-app/.conv-state/quarterly-refresh-detected.json : 5 ste(s) a rafraichir, 44 erreur(s)
[quarterly-refresh] detect rc=0, 5 ste(s) a rafraichir
[quarterly-refresh-run] 2026-08-09T05:40:39.921567+00:00 === CCEP (docs, 3 filing(s)) ===
[quarterly-refresh-run] 2026-08-09T05:40:40.792186+00:00   down CCEP SC 13G/A 2019-02-14 -> data-lake/CCEP/SC13G/CCEP_2019-02-14_0001422849-19-000026.htm.gz
[quarterly-refresh-run] 2026-08-09T05:40:41.710822+00:00   down CCEP SC 13G/A 2020-02-14 -> data-lake/CCEP/SC13G/CCEP_2020-02-14_0001422849-20-000028.htm.gz
[quarterly-refresh-run] 2026-08-09T05:40:42.775575+00:00   down CCEP SC 13G/A 2021-02-16 -> data-lake/CCEP/SC13G/CCEP_2021-02-16_0001422849-21-000013.htm.gz
[quarterly-refresh-run] 2026-08-09T05:40:44.202745+00:00   CCEP: facts=0 kpi_updated=0 kpi_added=0 errors=2
[quarterly-refresh-run] 2026-08-09T05:40:44.202768+00:00 === FER (docs, 2 filing(s)) ===
[quarterly-refresh-run] 2026-08-09T05:40:45.152571+00:00   down FER SC 13G 2024-10-22 -> data-lake/FER/SC13G/FER_2024-10-22_0000950103-24-015225.htm.gz
[quarterly-refresh-run] 2026-08-09T05:40:46.129915+00:00   down FER SC 13G 2024-11-01 -> data-lake/FER/SC13G/FER_2024-11-01_0001104659-24-113275.htm.gz
[quarterly-refresh-run] 2026-08-09T05:40:47.432673+00:00   FER: facts=0 kpi_updated=0 kpi_added=0 errors=2
[quarterly-refresh-run] 2026-08-09T05:40:47.432763+00:00 === NBIS (docs, 8 filing(s)) ===
[quarterly-refresh-run] 2026-08-09T05:40:48.498040+00:00   down NBIS SC 13D/A 2014-10-15 -> data-lake/NBIS/SC13D/NBIS_2014-10-15_0001193125-14-372701.htm.gz
[quarterly-refresh-run] 2026-08-09T05:40:49.809718+00:00   down NBIS SC 13D/A 2015-03-18 -> data-lake/NBIS/SC13D/NBIS_2015-03-18_0001193125-15-097078.htm.gz
[quarterly-refresh-run] 2026-08-09T05:40:50.884566+00:00   down NBIS SC 13D/A 2015-05-22 -> data-lake/NBIS/SC13D/NBIS_2015-05-22_0001193125-15-198751.htm.gz
[quarterly-refresh-run] 2026-08-09T05:40:51.805378+00:00   down NBIS SC 13G/A 2024-02-09 -> data-lake/NBIS/SC13G/NBIS_2024-02-09_0001422848-24-000026.htm.gz
[quarterly-refresh-run] 2026-08-09T05:40:52.685619+00:00   down NBIS SC 13G/A 2024-02-09 -> data-lake/NBIS/SC13G/NBIS_2024-02-09_0000315066-24-001591.htm.gz
[quarterly-refresh-run] 2026-08-09T05:40:53.708908+00:00   down NBIS SC 13G/A 2024-11-12 -> data-lake/NBIS/SC13G/NBIS_2024-11-12_0000315066-24-002816.htm.gz
[quarterly-refresh-run] 2026-08-09T05:40:54.934107+00:00   down NBIS 424B5 2025-09-12 -> data-lake/NBIS/424B/NBIS_2025-09-12_0001410578-25-002147.htm.gz
[quarterly-refresh-run] 2026-08-09T05:40:56.036177+00:00   down NBIS 424B5 2025-11-12 -> data-lake/NBIS/424B/NBIS_2025-11-12_0001104659-25-110025.htm.gz
[quarterly-refresh-run] 2026-08-09T05:40:57.505918+00:00   NBIS: facts=45 kpi_updated=0 kpi_added=0 errors=1
[quarterly-refresh-run] 2026-08-09T05:40:57.505932+00:00 === PDD (docs, 8 filing(s)) ===
[quarterly-refresh-run] 2026-08-09T05:40:58.567333+00:00   down PDD SC 13D 2020-07-06 -> data-lake/PDD/SC13D/PDD_2020-07-06_0001104659-20-080986.htm.gz
[quarterly-refresh-run] 2026-08-09T05:41:00.361474+00:00   down PDD 424B5 2020-11-19 -> data-lake/PDD/424B/PDD_2020-11-19_0001047469-20-005552.htm.gz
[quarterly-refresh-run] 2026-08-09T05:41:02.738965+00:00   down PDD 424B5 2020-11-19 -> data-lake/PDD/424B/PDD_2020-11-19_0001047469-20-005551.htm.gz
[quarterly-refresh-run] 2026-08-09T05:41:03.735350+00:00   down PDD SC 13D/A 2020-11-25 -> data-lake/PDD/SC13D/PDD_2020-11-25_0000950103-20-022956.htm.gz
[quarterly-refresh-run] 2026-08-09T05:41:04.575312+00:00   down PDD SC 13D/A 2021-03-24 -> data-lake/PDD/SC13D/PDD_2021-03-24_0000950103-21-004487.htm.gz
[quarterly-refresh-run] 2026-08-09T05:41:05.474561+00:00   down PDD SC 13G/A 2023-07-07 -> data-lake/PDD/SC13G/PDD_2023-07-07_0001306550-23-009627.htm.gz
[quarterly-refresh-run] 2026-08-09T05:41:06.606555+00:00   down PDD SC 13G 2024-10-21 -> data-lake/PDD/SC13G/PDD_2024-10-21_0002012383-24-000868.htm.gz
[quarterly-refresh-run] 2026-08-09T05:41:07.482501+00:00   down PDD SC 13G 2024-10-22 -> data-lake/PDD/SC13G/PDD_2024-10-22_0002012383-24-000978.htm.gz
[quarterly-refresh-run] 2026-08-09T05:41:08.891036+00:00   PDD: facts=42 kpi_updated=0 kpi_added=0 errors=1
[quarterly-refresh-run] 2026-08-09T05:41:08.891084+00:00 === TRI (docs, 6 filing(s)) ===
[quarterly-refresh-run] 2026-08-09T05:41:09.848623+00:00   down TRI SC 13D/A 2022-02-11 -> data-lake/TRI/SC13D/TRI_2022-02-11_0001193125-22-037231.htm.gz
[quarterly-refresh-run] 2026-08-09T05:41:10.891812+00:00   down TRI SC 13G/A 2022-02-11 -> data-lake/TRI/SC13G/TRI_2022-02-11_0001193125-22-037236.htm.gz
[quarterly-refresh-run] 2026-08-09T05:41:11.810518+00:00   down TRI SC 13D/A 2023-02-10 -> data-lake/TRI/SC13D/TRI_2023-02-10_0001193125-23-032730.htm.gz
[quarterly-refresh-run] 2026-08-09T05:41:13.027571+00:00   down TRI SC 13G/A 2023-02-10 -> data-lake/TRI/SC13G/TRI_2023-02-10_0001193125-23-032731.htm.gz
[quarterly-refresh-run] 2026-08-09T05:41:14.011858+00:00   down TRI SC 13D/A 2024-02-14 -> data-lake/TRI/SC13D/TRI_2024-02-14_0001193125-24-036504.htm.gz
[quarterly-refresh-run] 2026-08-09T05:41:15.010176+00:00   down TRI SC 13G/A 2024-02-14 -> data-lake/TRI/SC13G/TRI_2024-02-14_0001193125-24-036394.htm.gz
[quarterly-refresh-run] 2026-08-09T05:41:16.379966+00:00   TRI: facts=0 kpi_updated=0 kpi_added=0 errors=2
[quarterly-refresh-run] 2026-08-09T05:41:16.380272+00:00 Ecrit /Users/yann/spx-app/.conv-state/quarterly-refresh-run-result.json (5 ste(s))
[quarterly-refresh] run rc=0
[lock1] CCEP: UNVERIFIABLE (0/0 points concordants, 0 écarts, 1 invérifiables)
[lock1] FER: UNVERIFIABLE (0/0 points concordants, 0 écarts, 1 invérifiables)
[lock1] NBIS: UNVERIFIABLE (0/0 points concordants, 0 écarts, 1 invérifiables)
[lock1] PDD: UNVERIFIABLE (0/0 points concordants, 0 écarts, 1 invérifiables)
[lock1] TRI: UNVERIFIABLE (0/0 points concordants, 0 écarts, 1 invérifiables)
[lock1] résultat écrit: /Users/yann/spx-app/.conv-state/qr-lock1-result.json
[quarterly-refresh] lock1 rc=0
[lock2] CCEP: INCOMPLETE (0/0 KPI à jour, 0 manquants, todo=['ec_synthesis', 'stories_rotation', 'risks', 'segments_geo', 'events', 'profit_warning', 'governance', 'governance_top_holders', 'dilution', 'description', 'headcount', 'ai_positioning'], lock1=UNVERIFIABLE)
[lock2] FER: INCOMPLETE (1/1 KPI à jour, 0 manquants, todo=['ec_synthesis', 'stories_rotation', 'risks', 'segments_geo', 'events', 'profit_warning', 'governance', 'governance_top_holders', 'dilution', 'description', 'headcount', 'ai_positioning'], lock1=UNVERIFIABLE)
[lock2] NBIS: INCOMPLETE (0/0 KPI à jour, 0 manquants, todo=['ec_synthesis', 'stories_rotation', 'risks', 'segments_geo', 'events', 'profit_warning', 'governance', 'governance_top_holders', 'dilution', 'description', 'headcount', 'ai_positioning'], lock1=UNVERIFIABLE)
[lock2] PDD: INCOMPLETE (0/0 KPI à jour, 0 manquants, todo=['ec_synthesis', 'stories_rotation', 'risks', 'segments_geo', 'events', 'profit_warning', 'governance', 'governance_top_holders', 'dilution', 'description', 'headcount', 'ai_positioning'], lock1=UNVERIFIABLE)
[lock2] TRI: INCOMPLETE (0/0 KPI à jour, 0 manquants, todo=['ec_synthesis', 'stories_rotation', 'risks', 'segments_geo', 'events', 'profit_warning', 'governance', 'governance_top_holders', 'dilution', 'description', 'headcount', 'ai_positioning'], lock1=UNVERIFIABLE)
[lock2] résultat écrit: /Users/yann/spx-app/.conv-state/qr-lock2-result.json
[quarterly-refresh] lock2 rc=0
[quarterly-refresh] audit pages: CCEP FER NBIS PDD TRI
special_kpis merge failed for CCEP: Error: supabaseUrl is required.
    at validateSupabaseUrl (/Users/yann/spx-app/node_modules/@supabase/supabase-js/src/lib/helpers.ts:86:11)
    at new SupabaseClient (/Users/yann/spx-app/node_modules/@supabase/supabase-js/src/SupabaseClient.ts:284:21)
    at createClient (/Users/yann/spx-app/node_modules/@supabase/supabase-js/src/index.ts:65:10)
    at admin (/Users/yann/spx-app/src/lib/desk/special-kpis.ts:107:10)
    at listPublishedForTicker (/Users/yann/spx-app/src/lib/desk/special-kpis.ts:130:16)
    at loadV17Company (/Users/yann/spx-app/src/lib/company-core/load-company.ts:1600:30)
    at async auditTicker (/Users/yann/spx-app/scripts/audit-pages-full.ts:51:19)
    at async main (/Users/yann/spx-app/scripts/audit-pages-full.ts:153:17)
kpi_requests merge failed for CCEP: Error: supabaseUrl is required.
    at validateSupabaseUrl (/Users/yann/spx-app/node_modules/@supabase/supabase-js/src/lib/helpers.ts:86:11)
    at new SupabaseClient (/Users/yann/spx-app/node_modules/@supabase/supabase-js/src/SupabaseClient.ts:284:21)
    at createClient (/Users/yann/spx-app/node_modules/@supabase/supabase-js/src/index.ts:65:10)
    at loadV17Company (/Users/yann/spx-app/src/lib/company-core/load-company.ts:1664:18)
    at async auditTicker (/Users/yann/spx-app/scripts/audit-pages-full.ts:51:19)
    at async main (/Users/yann/spx-app/scripts/audit-pages-full.ts:153:17)
image_findings merge failed for CCEP: Error: supabaseUrl is required.
    at validateSupabaseUrl (/Users/yann/spx-app/node_modules/@supabase/supabase-js/src/lib/helpers.ts:86:11)
    at new SupabaseClient (/Users/yann/spx-app/node_modules/@supabase/supabase-js/src/SupabaseClient.ts:284:21)
    at createClient (/Users/yann/spx-app/node_modules/@supabase/supabase-js/src/index.ts:65:10)
    at admin (/Users/yann/spx-app/src/lib/desk/image-findings.ts:118:10)
    at listApprovedForTicker (/Users/yann/spx-app/src/lib/desk/image-findings.ts:222:16)
    at loadV17Company (/Users/yann/spx-app/src/lib/company-core/load-company.ts:1727:30)
    at async auditTicker (/Users/yann/spx-app/scripts/audit-pages-full.ts:51:19)
    at async main (/Users/yann/spx-app/scripts/audit-pages-full.ts:153:17)
[hero-kpi-overrides] refetch failed, using stale cache Error: SUPABASE_SERVICE_ROLE_KEY manquante — vérifier .env.local
    at createSupabaseAdminClient (/Users/yann/spx-app/src/lib/supabase/admin.ts:16:11)
    at fetchAll (/Users/yann/spx-app/src/lib/company-core/hero-kpi-overrides.ts:31:20)
    at getHeroKpiOverride (/Users/yann/spx-app/src/lib/company-core/hero-kpi-overrides.ts:58:21)
    at loadV17Company (/Users/yann/spx-app/src/lib/company-core/load-company.ts:2720:28)
    at async auditTicker (/Users/yann/spx-app/scripts/audit-pages-full.ts:51:19)
    at async main (/Users/yann/spx-app/scripts/audit-pages-full.ts:153:17)
special_kpis merge failed for FER: Error: supabaseUrl is required.
    at validateSupabaseUrl (/Users/yann/spx-app/node_modules/@supabase/supabase-js/src/lib/helpers.ts:86:11)
    at new SupabaseClient (/Users/yann/spx-app/node_modules/@supabase/supabase-js/src/SupabaseClient.ts:284:21)
    at createClient (/Users/yann/spx-app/node_modules/@supabase/supabase-js/src/index.ts:65:10)
    at admin (/Users/yann/spx-app/src/lib/desk/special-kpis.ts:107:10)
    at listPublishedForTicker (/Users/yann/spx-app/src/lib/desk/special-kpis.ts:130:16)
    at loadV17Company (/Users/yann/spx-app/src/lib/company-core/load-company.ts:1600:30)
    at async auditTicker (/Users/yann/spx-app/scripts/audit-pages-full.ts:51:19)
    at async main (/Users/yann/spx-app/scripts/audit-pages-full.ts:153:17)
kpi_requests merge failed for FER: Error: supabaseUrl is required.
    at validateSupabaseUrl (/Users/yann/spx-app/node_modules/@supabase/supabase-js/src/lib/helpers.ts:86:11)
    at new SupabaseClient (/Users/yann/spx-app/node_modules/@supabase/supabase-js/src/SupabaseClient.ts:284:21)
    at createClient (/Users/yann/spx-app/node_modules/@supabase/supabase-js/src/index.ts:65:10)
    at loadV17Company (/Users/yann/spx-app/src/lib/company-core/load-company.ts:1664:18)
    at async auditTicker (/Users/yann/spx-app/scripts/audit-pages-full.ts:51:19)
    at async main (/Users/yann/spx-app/scripts/audit-pages-full.ts:153:17)
image_findings merge failed for FER: Error: supabaseUrl is required.
    at validateSupabaseUrl (/Users/yann/spx-app/node_modules/@supabase/supabase-js/src/lib/helpers.ts:86:11)
    at new SupabaseClient (/Users/yann/spx-app/node_modules/@supabase/supabase-js/src/SupabaseClient.ts:284:21)
    at createClient (/Users/yann/spx-app/node_modules/@supabase/supabase-js/src/index.ts:65:10)
    at admin (/Users/yann/spx-app/src/lib/desk/image-findings.ts:118:10)
    at listApprovedForTicker (/Users/yann/spx-app/src/lib/desk/image-findings.ts:222:16)
    at loadV17Company (/Users/yann/spx-app/src/lib/company-core/load-company.ts:1727:30)
    at async auditTicker (/Users/yann/spx-app/scripts/audit-pages-full.ts:51:19)
    at async main (/Users/yann/spx-app/scripts/audit-pages-full.ts:153:17)
[hero-kpi-overrides] refetch failed, using stale cache Error: SUPABASE_SERVICE_ROLE_KEY manquante — vérifier .env.local
    at createSupabaseAdminClient (/Users/yann/spx-app/src/lib/supabase/admin.ts:16:11)
    at fetchAll (/Users/yann/spx-app/src/lib/company-core/hero-kpi-overrides.ts:31:20)
    at getHeroKpiOverride (/Users/yann/spx-app/src/lib/company-core/hero-kpi-overrides.ts:58:21)
    at loadV17Company (/Users/yann/spx-app/src/lib/company-core/load-company.ts:2720:28)
    at async auditTicker (/Users/yann/spx-app/scripts/audit-pages-full.ts:51:19)
    at async main (/Users/yann/spx-app/scripts/audit-pages-full.ts:153:17)
[hero-kpi-overrides] refetch failed, using stale cache Error: SUPABASE_SERVICE_ROLE_KEY manquante — vérifier .env.local
    at createSupabaseAdminClient (/Users/yann/spx-app/src/lib/supabase/admin.ts:16:11)
    at fetchAll (/Users/yann/spx-app/src/lib/company-core/hero-kpi-overrides.ts:31:20)
    at getHeroKpiOverride (/Users/yann/spx-app/src/lib/company-core/hero-kpi-overrides.ts:58:21)
    at loadV17Company (/Users/yann/spx-app/src/lib/company-core/load-company.ts:2720:28)
    at async auditTicker (/Users/yann/spx-app/scripts/audit-pages-full.ts:51:19)
    at async main (/Users/yann/spx-app/scripts/audit-pages-full.ts:153:17)
[hero-kpi-overrides] refetch failed, using stale cache Error: SUPABASE_SERVICE_ROLE_KEY manquante — vérifier .env.local
    at createSupabaseAdminClient (/Users/yann/spx-app/src/lib/supabase/admin.ts:16:11)
    at fetchAll (/Users/yann/spx-app/src/lib/company-core/hero-kpi-overrides.ts:31:20)
    at getHeroKpiOverride (/Users/yann/spx-app/src/lib/company-core/hero-kpi-overrides.ts:58:21)
    at loadV17Company (/Users/yann/spx-app/src/lib/company-core/load-company.ts:2720:28)
    at async auditTicker (/Users/yann/spx-app/scripts/audit-pages-full.ts:51:19)
    at async main (/Users/yann/spx-app/scripts/audit-pages-full.ts:153:17)
[hero-kpi-overrides] refetch failed, using stale cache Error: SUPABASE_SERVICE_ROLE_KEY manquante — vérifier .env.local
    at createSupabaseAdminClient (/Users/yann/spx-app/src/lib/supabase/admin.ts:16:11)
    at fetchAll (/Users/yann/spx-app/src/lib/company-core/hero-kpi-overrides.ts:31:20)
    at getHeroKpiOverride (/Users/yann/spx-app/src/lib/company-core/hero-kpi-overrides.ts:58:21)
    at loadV17Company (/Users/yann/spx-app/src/lib/company-core/load-company.ts:2720:28)
    at async auditTicker (/Users/yann/spx-app/scripts/audit-pages-full.ts:51:19)
    at async main (/Users/yann/spx-app/scripts/audit-pages-full.ts:153:17)
{
 "audited": 5,
 "stes_with_issues": 5,
 "stats": {
  "S1": 4,
  "H2": 2,
  "S2": 1,
  "GEO": 2,
  "R0": 1
 }
}
[quarterly-refresh] rapport ecrit: /Users/yann/spx-app/.conv-state/quarterly-refresh-report.json (5 stes)
[lock4] run archivé: 5 sté(s), 0 publiable(s), 5 bloquée(s) → /Users/yann/spx-app/src/data/_quarterly-refresh-history.json
[quarterly-refresh] lock4 rc=0
[publish] 0 sté publiable (5 bloquée(s)), rien à publier
[quarterly-refresh] publish rc=0
[quarterly-refresh] done 20260809-074117
