univers 671, deja fait 1, a faire 670
  10/670  ACGL  ok
  20/670  ADYEN.AS  ok
  30/670  AIZ  ok
  40/670  ALLE  ok
  50/670  AMRZ.SW  ok
  60/670  APP  ok
  70/670  AVY  ok
  80/670  BAYN.DE  ok
  90/670  BKNG  ok
  100/670  BR  ok
  110/670  CAH  ok
  120/670  CCI  ok
  130/670  CHTR  ok
  140/670  CMS  ok
  150/670  COST  ok
  160/670  CS.PA  ok
  170/670  D  ok
  180/670  DG  echec
  190/670  DOC  ok
  200/670  DTG.DE  ok
  210/670  EDEN.PA  ok
  220/670  ENGI.PA  ok
  230/670  ERIE  ok
  240/670  EXPD  ok
  250/670  FE  ok
  260/670  FLEX  ok
  270/670  G24.DE  ok
  280/670  GIS  ok
  290/670  GPN  ok
  300/670  HEIA.AS  ok
  310/670  HONA  ok
  320/670  HUM  ok
  330/670  INCY  ok
  340/670  IT  ok
  350/670  JPM  ok
  360/670  KMI  ok
  370/670  LHX  ok
  380/670  LOW  ok
  390/670  MAA  ok
  400/670  MDT  ok
  410/670  MO  ok
  420/670  MSCI  ok
  430/670  NBIS  ok
  440/670  NN.AS  ok
  450/670  NVR  ok
  460/670  ORA.PA  ok
  470/670  PCG  ok
  480/670  PHIA.AS  ok
  490/670  POOL  ok
  500/670  PUM.DE  ok
  510/670  REG  ok
  520/670  RMD  ok
  530/670  RVTY  ok
  540/670  SCMN.SW  ok
  550/670  SLB  ok
  560/670  SPG  ok
  570/670  STZ  ok
  580/670  TAP  ok
  590/670  TMO  ok
  600/670  TSLA  ok
  610/670  UAL  ok
  620/670  UPS  ok
  630/670  VMC  ok
  640/670  VTR  ok
  650/670  WFC  ok
  660/670  WYNN  ok
  670/670  ZURN.SW  ok
termine
