[15:01:26] START re-extract hero history : 12 stés top 307 (sleep 5.0s, 1 proc)
[15:01:29]   ⚪ BAC: history non trouvée → mark unverified (non trouvé)
[15:01:33]   ✅ BJ: 2 valeurs vérifiées | Comparable club sales (b) | 1.0 | % | 2.5 | % pour les pério
[15:01:38]   ✅ BURL: 2 valeurs vérifiées | 104 net new stores opened since the end of Fiscal 2024 (anné
[15:01:43]   ✅ COST: 3 valeurs vérifiées | Membership Fees table: 2025 | 2024 | 2023 | Membership fees 
[15:01:49]   ⚪ DANSKE.CO: history non trouvée → mark unverified (non trouvé)
[15:01:53]   ✅ ELAN: 2 valeurs vérifiées | Research and Development Year Ended December 31, (Dollars in
[15:02:00]   ⚪ GIS: history non trouvée → mark unverified (non trouvé)
[15:02:05]   ⚪ NOKIA.HE: history non trouvée → mark unverified (non trouvé)
[15:02:09]   ⚪ NVS: history non trouvée → mark unverified (non trouvé)
[15:02:13]   ✅ PANW: 3 valeurs vérifiées | Total revenue | $ | 9,221.5 | $ | 8,027.5 | $ | 6,892.7 (dol
[15:02:18]   ✅ T: 3 valeurs vérifiées | COMMUNICATIONS SEGMENT - Segment Operating Revenues - Mobili
[15:02:24]   ⚪ WWD: history non trouvée → mark unverified (non trouvé)
[15:02:24] END : written=12 fails=0
[16:07:10] START re-extract hero history MODE=enhance : 30 stés top 307 (sleep 5.0s, 1 proc)
[16:07:15]   ⏭ AMAT: history non trouvée → skip (enhance mode)
[16:07:15]   ⚠ 9984.T: hero_kpi 'NAV (Net Asset Value)' introuvable dans kpis[]
[16:07:20]   ⚠ BP.L: hero_kpi 'Operating Margin' introuvable dans kpis[]
[16:07:25]   ⚠ BARC.L: hero_kpi 'AUM Growth' introuvable dans kpis[]
[16:07:30]   ⚠ EIPAF: hero_kpi 'EP Production Growth' introuvable dans kpis[]
[16:07:35]   ⚠ DGE.L: hero_kpi 'Operating Margin' introuvable dans kpis[]
[16:07:40]   ⚠ ON: hero_kpi 'Revenu du segment Power Solutions Group (PSG)' introuvable dans kpis[]
[16:07:45]   ⚠ SHL.DE: hero_kpi 'Equipment Book-to-Bill' introuvable dans kpis[]
[16:07:50]   ⚠ KOG.OL: hero_kpi 'R&D Investment' introuvable dans kpis[]
[16:07:55]   ⚠ VIE.PA: hero_kpi 'Water Technologies & Waste Growth' introuvable dans kpis[]
[16:08:00]   ⚠ NTRS: hero_kpi 'Trust, Investment and Other Servicing Fees' introuvable dans kpis[]
[16:08:05]   ⚠ PHIA.AS: hero_kpi 'AI API Calls' introuvable dans kpis[]
[16:08:10]   ⚠ HEN.DE: hero_kpi 'Adhesive Technologies Revenue' introuvable dans kpis[]
[16:08:15]   ⚠ NESTE.HE: hero_kpi 'GHG Reduction via Renewables' introuvable dans kpis[]
[16:08:20]   ⚠ WRB: hero_kpi 'Net Premiums Written' introuvable dans kpis[]
[16:08:25]   ⚠ CMS: hero_kpi 'Capital Expenditures' introuvable dans kpis[]
[16:08:30]   ⚠ EDP.LS: hero_kpi 'AI API Calls' introuvable dans kpis[]
[16:08:35]   ⚠ ILMN: hero_kpi 'R&D Investment' introuvable dans kpis[]
[16:08:40]   ⚠ RBA: hero_kpi 'Gross Transaction Value (GTV)' introuvable dans kpis[]
[16:08:45]   ⚠ MB.MI: hero_kpi 'Common Equity Tier 1 (CET1) Ratio' introuvable dans kpis[]
[16:08:50]   ⚠ UNI.MI: hero_kpi 'Operating Margin' introuvable dans kpis[]
[16:08:55]   ⚠ BIP: hero_kpi 'Service/ARR Revenue' introuvable dans kpis[]
[16:09:00]   ⚠ GRAB: hero_kpi 'Gross Merchandise Value (GMV)' introuvable dans kpis[]
[16:09:05]   ⚠ YAR.OL: hero_kpi 'Operating Margin' introuvable dans kpis[]
[16:09:10]   ⚠ AGN.AS: hero_kpi 'Service / ARR Revenue' introuvable dans kpis[]
[16:09:15]   ⚠ MEDP: hero_kpi 'Oncology Revenue Growth' introuvable dans kpis[]
[16:09:20]   ⚠ ABVX: hero_kpi 'Pipeline - Phase 3 Candidate' introuvable dans kpis[]
[16:09:25]   ⚠ PAH3.DE: hero_kpi 'Adjusted Group Result & Group Net Debt' introuvable dans kpis[]
[16:09:30]   ⚠ RRC: hero_kpi 'Production Growth' introuvable dans kpis[]
[16:09:35]   ⚠ AOS: hero_kpi 'North America Sales Mix' introuvable dans kpis[]
[16:09:35] END : written=0 fails=30
[01:22:42] START re-extract hero history MODE=strict : 7 stés top 307 (sleep 5.0s, 1 proc)
[01:22:45]   ⚪ BAC: history non trouvée → mark unverified (non trouvé)
[01:22:50]   ⚪ NVS: history non trouvée → mark unverified (non trouvé)
[01:22:56]   ⚪ NOKIA.HE: history non trouvée → mark unverified (non trouvé)
[01:23:00]   ⚪ DANSKE.CO: history non trouvée → mark unverified (non trouvé)
[01:23:05]   ⚪ NESTE.HE: history non trouvée → mark unverified (non trouvé)
[01:23:10]   ⚪ WWD: history non trouvée → mark unverified (non trouvé)
[01:23:15]   ⚪ GIS: history non trouvée → mark unverified (non trouvé)
[01:23:15] END : written=7 fails=0
