[04:41:41] START : enrich freshness top 305 V1.8, workers=4
[04:41:42]   ✅ MSFT       pub=—           next=2026-07-29  [updated]
[04:41:42]   ✅ AAPL       pub=—           next=2026-07-30  [updated]
[04:41:42]   ✅ GOOGL      pub=—           next=2026-07-23  [updated]
[04:41:42]   ✅ NVDA       pub=—           next=2026-05-20  [updated]
[04:41:42]   ✅ AVGO       pub=—           next=2026-06-03  [updated]
[04:41:42]   ✅ TSLA       pub=—           next=2026-07-22  [updated]
[04:41:42]   ✅ LLY        pub=—           next=2026-08-05  [updated]
[04:41:42]   ✅ JPM        pub=—           next=2026-07-14  [updated]
[04:41:42]   ✅ V          pub=—           next=2026-07-28  [updated]
[04:41:42]   ✅ MU         pub=—           next=2026-06-24  [updated]
[04:41:42]   ✅ ASML       pub=—           next=2026-07-15  [updated]
[04:41:42]   ✅ ASMLF      pub=—           next=2026-07-15  [updated]
[04:41:43]   ✅ COST       pub=—           next=2026-05-28  [updated]
[04:41:43]   ✅ ORCL       pub=—           next=2026-06-10  [updated]
[04:41:43]   ✅ BAC        pub=—           next=2026-07-14  [updated]
[04:41:43]   ✅ JNJ        pub=—           next=2026-07-15  [updated]
[04:41:44]   ✅ PG         pub=—           next=2026-07-29  [updated]
[04:41:44]   ✅ CVX        pub=—           next=2026-07-31  [updated]
[04:41:44]   ✅ AMAT       pub=—           next=2026-05-14  [updated]
[04:41:44]   ✅ NFLX       pub=—           next=2026-07-16  [updated]
[04:41:44]   ✅ UNH        pub=—           next=2026-07-28  [updated]
[04:41:44]   ✅ HD         pub=—           next=2026-05-19  [updated]
[04:41:44]   ✅ GE         pub=—           next=2026-07-16  [updated]
[04:41:44]   ✅ AZN.ST     pub=—           next=2026-07-27  [updated]
[04:41:44]   [25/305] counts={'updated': 24, 'unchanged': 1, 'error': 0}
[04:41:44]   ✅ MRK        pub=—           next=2026-08-04  [updated]
[04:41:44]   ✅ NVS        pub=—           next=2026-07-21  [updated]
[04:41:45]   ✅ TXN        pub=—           next=2026-07-28  [updated]
[04:41:45]   ✅ ARM        pub=—           next=2026-07-29  [updated]
[04:41:45]   ✅ 9984.T     pub=—           next=2026-05-13  [updated]
[04:41:45]   ✅ KLAC       pub=—           next=2026-07-30  [updated]
[04:41:45]   ✅ OR.PA      pub=—           next=2026-02-12  [updated]
[04:41:45]   ✅ C          pub=—           next=2026-07-14  [updated]
[04:41:45]   ✅ AXP        pub=—           next=2026-07-24  [updated]
[04:41:45]   ✅ MUFG       pub=—           next=2026-05-15  [updated]
[04:41:45]   ✅ SIE.DE     pub=—           next=2026-05-13  [updated]
[04:41:45]   ✅ NEE        pub=—           next=2026-07-22  [updated]
[04:41:46]   ✅ SAP        pub=—           next=2026-07-23  [updated]
[04:41:46]   ✅ QCOM       pub=—           next=2026-07-29  [updated]
[04:41:46]   ✅ TTE.PA     pub=—           next=2026-07-23  [updated]
[04:41:46]   ✅ VZ         pub=—           next=2026-07-21  [updated]
[04:41:46]   ✅ ABBN.SW    pub=—           next=2026-07-16  [updated]
[04:41:46]   ✅ ABLZF      pub=—           next=2026-07-16  [updated]
[04:41:46]   ✅ TD         pub=—           next=2026-05-28  [updated]
[04:41:46]   ✅ BA         pub=—           next=2026-07-28  [updated]
[04:41:46]   ✅ AMGN       pub=—           next=2026-08-04  [updated]
[04:41:46]   ✅ T          pub=—           next=2026-07-22  [updated]
[04:41:47]   ✅ TMO        pub=—           next=2026-07-22  [updated]
[04:41:47]   ✅ BLK        pub=—           next=2026-07-15  [updated]
[04:41:47]   [50/305] counts={'updated': 48, 'unchanged': 2, 'error': 0}
[04:41:47]   ✅ DTEGF      pub=—           next=2026-05-13  [updated]
[04:41:47]   ✅ DTEGY      pub=—           next=2026-05-13  [updated]
[04:41:47]   ✅ BUD        pub=—           next=2026-07-30  [updated]
[04:41:47]   ✅ APP        pub=—           next=2026-08-05  [updated]
[04:41:47]   ✅ PFE        pub=—           next=2026-07-29  [updated]
[04:41:47]   ✅ PANW       pub=—           next=2026-06-02  [updated]
[04:41:47]   ✅ CRM        pub=—           next=2026-05-27  [updated]
[04:41:47]   ✅ IBKR       pub=—           next=2026-07-14  [updated]
[04:41:48]   ✅ ADTTF      pub=—           next=2026-04-27  [updated]
[04:41:48]   ✅ SHOP       pub=—           next=2026-08-05  [updated]
[04:41:48]   ✅ PBR        pub=—           next=2026-05-11  [updated]
[04:41:48]   ✅ BTAFF      pub=—           next=2026-02-12  [updated]
[04:41:48]   ✅ PLD        pub=—           next=2026-07-15  [updated]
[04:41:48]   ✅ BKNG       pub=—           next=2026-07-29  [updated]
[04:41:48]   ✅ UL         pub=—           next=2026-02-12  [updated]
[04:41:48]   ✅ BBVXF      pub=—           next=2026-07-30  [updated]
[04:41:48]   ✅ BBVA.MC    pub=—           next=2026-07-30  [updated]
[04:41:49]   ✅ BPAQF      pub=—           next=2026-04-28  [updated]
[04:41:49]   ✅ ISP.MI     pub=—           next=2026-07-29  [updated]
[04:41:49]   ✅ MO         pub=—           next=2026-07-30  [updated]
[04:41:49]   ✅ PGR        pub=—           next=2026-07-15  [updated]
[04:41:49]   ✅ BP         pub=—           next=2026-08-04  [updated]
[04:41:49]   ✅ BP.L       pub=—           next=2026-04-28  [updated]
[04:41:49]   ✅ SYK        pub=—           next=2026-07-30  [updated]
[04:41:49]   [75/305] counts={'updated': 72, 'unchanged': 3, 'error': 0}
[04:41:49]   ✅ CVS        pub=—           next=2026-07-30  [updated]
[04:41:49]   ✅ HWM        pub=—           next=2026-08-06  [updated]
[04:41:49]   ✅ CS.PA      pub=—           next=2026-02-26  [updated]
[04:41:49]   ✅ MDT        pub=—           next=2026-06-03  [updated]
[04:41:50]   ✅ ATCO-A.ST  pub=—           next=2026-07-16  [updated]
[04:41:50]   ✅ NOW        pub=—           next=2026-07-22  [updated]
[04:41:50]   ✅ MAR        pub=—           next=2026-08-04  [updated]
[04:41:50]   ✅ KKR        pub=—           next=2026-07-30  [updated]
[04:41:50]   ✅ EQNR.OL    pub=—           next=2026-07-22  [updated]
[04:41:50]   ✅ INGA.AS    pub=—           next=2026-07-30  [updated]
[04:41:50]   ✅ FDX        pub=—           next=2026-06-23  [updated]
[04:41:50]   ✅ GLEN.L     pub=—           next=2026-02-18  [updated]
[04:41:51]   ✅ BSX        pub=—           next=2026-07-29  [updated]
[04:41:51]   ✅ UPS        pub=—           next=2026-07-28  [updated]
[04:41:51]   ✅ NG.L       pub=—           next=2026-05-14  [updated]
[04:41:51]   ✅ ABNB       pub=—           next=2026-08-05  [updated]
[04:41:51]   ✅ BCLYF      pub=—           next=2026-07-28  [updated]
[04:41:51]   ✅ EMR        pub=—           next=2026-08-05  [updated]
[04:41:51]   ✅ BARC.L     pub=—           next=2026-07-28  [updated]
[04:41:51]   ✅ BA.L       pub=—           next=2026-02-18  [updated]
[04:41:51]   ✅ EIPAF      pub=—           next=2026-04-24  [updated]
[04:41:51]   ✅ SHW        pub=—           next=2026-07-21  [updated]
[04:41:52]   ✅ CRH        pub=—           next=2026-07-30  [updated]
[04:41:52]   ✅ ROST       pub=—           next=2026-05-21  [updated]
[04:41:52]   [100/305] counts={'updated': 96, 'unchanged': 4, 'error': 0}
[04:41:52]   ✅ AEP        pub=—           next=2026-07-30  [updated]
[04:41:52]   ✅ CRWV       pub=—           next=2026-05-07  [updated]
[04:41:52]   ✅ NOKIA.HE   pub=—           next=2026-07-23  [updated]
[04:41:52]   ✅ HOOD       pub=—           next=2026-07-29  [updated]
[04:41:52]   ✅ PSX        pub=—           next=2026-07-24  [updated]
[04:41:53]   ✅ BKR        pub=—           next=2026-07-21  [updated]
[04:41:53]   ✅ CTAS       pub=—           next=2026-03-25  [updated]
[04:41:53]   ✅ WBD        pub=—           next=2026-08-06  [updated]
[04:41:53]   ✅ MUV2.DE    pub=—           next=2026-05-12  [updated]
[04:41:53]   ✅ TRV        pub=—           next=2026-07-16  [updated]
[04:41:53]   ✅ NKE        pub=—           next=2026-06-25  [updated]
[04:41:53]   ✅ MSTR       pub=—           next=2026-07-30  [updated]
[04:41:53]   ✅ NWG.L      pub=—           next=2026-07-31  [updated]
[04:41:53]   ✅ NDA-FI.HE  pub=—           next=2026-07-16  [updated]
[04:41:53]   ✅ NDA-DK.CO  pub=—           next=2026-07-16  [updated]
[04:41:53]   ✅ NDA-SE.ST  pub=—           next=2026-07-16  [updated]
[04:41:54]   ✅ REL.L      pub=—           next=2026-02-12  [updated]
[04:41:54]   ✅ TGT        pub=—           next=2026-05-20  [updated]
[04:41:54]   ✅ URI        pub=—           next=2026-07-22  [updated]
[04:41:54]   ✅ AZO        pub=—           next=2026-05-26  [updated]
[04:41:54]   ✅ AFL        pub=—           next=2026-04-29  [updated]
[04:41:55]   ✅ MCHP       pub=—           next=2026-08-06  [updated]
[04:41:55]   ✅ SAND.ST    pub=—           next=2026-07-17  [updated]
[04:41:55]   ✅ GWW        pub=—           next=2026-08-04  [updated]
[04:41:55]   ✅ PSA        pub=—           next=2026-04-27  [updated]
[04:41:55]   [125/305] counts={'updated': 121, 'unchanged': 4, 'error': 0}
[04:41:55]   ✅ ARGX       pub=—           next=2026-07-23  [updated]
[04:41:55]   ✅ AJG        pub=—           next=2026-07-30  [updated]
[04:41:55]   ✅ MRK.DE     pub=—           next=2026-05-13  [updated]
[04:41:55]   ✅ ADSK       pub=—           next=2026-05-28  [updated]
[04:41:56]   ✅ PRY.MI     pub=—           next=2026-07-30  [updated]
[04:41:56]   ✅ DAL        pub=—           next=2026-07-09  [updated]
[04:41:56]   ✅ BN.PA      pub=—           next=2026-02-20  [updated]
[04:41:56]   ✅ EW         pub=—           next=2026-07-23  [updated]
[04:41:56]   ✅ DGE.L      pub=—           next=2026-02-25  [updated]
[04:41:56]   ✅ CCEP       pub=—           next=2026-02-17  [updated]
[04:41:56]   ✅ VOW.DE     pub=—           next=2026-07-24  [updated]
[04:41:56]   ✅ DANSKE.CO  pub=—           next=2026-07-17  [updated]
[04:41:56]   ✅ ON         pub=—           next=2026-08-03  [updated]
[04:41:56]   ✅ KR         pub=—           next=2026-03-05  [updated]
[04:41:56]   ✅ STT        pub=—           next=2026-07-14  [updated]
[04:41:57]   ✅ BDX        pub=—           next=2026-08-06  [updated]
[04:41:57]   ✅ ARES       pub=—           next=2026-07-30  [updated]
[04:41:57]   ✅ PYPL       pub=—           next=2026-07-28  [updated]
[04:41:57]   ✅ HLN.L      pub=—           next=2026-02-25  [updated]
[04:41:57]   ✅ JBL        pub=—           next=2026-06-16  [updated]
[04:41:57]   ✅ MLM        pub=—           next=2026-04-30  [updated]
[04:41:57]   ✅ FRES.L     pub=—           next=2026-03-03  [updated]
[04:41:57]   ✅ SHL.DE     pub=—           next=2026-07-31  [updated]
[04:41:57]   ✅ III.L      pub=—           next=2026-05-14  [updated]
[04:41:57]   [150/305] counts={'updated': 145, 'unchanged': 5, 'error': 0}
[04:41:57]   ✅ ADYEN.AS   pub=—           next=2026-02-12  [updated]
[04:41:57]   ✅ SLHN.SW    pub=—           next=2026-05-21  [updated]
[04:41:58]   ✅ RDDT       pub=—           next=2026-07-30  [updated]
[04:41:58]   ✅ MTB        pub=—           next=2026-07-15  [updated]
[04:41:58]   ✅ KOG.OL     pub=—           next=2026-07-13  [updated]
[04:41:58]   ✅ VIE.PA     pub=—           next=2026-02-26  [updated]
[04:41:58]   ✅ VICI       pub=—           next=2026-07-29  [updated]
[04:41:58]   ✅ DOV        pub=—           next=2026-07-23  [updated]
[04:41:58]   ✅ RMD        pub=—           next=2026-04-30  [updated]
[04:41:58]   ✅ AEE        pub=—           next=2026-07-30  [updated]
[04:41:59]   ✅ VWS.CO     pub=—           next=2026-05-06  [updated]
[04:41:59]   ✅ OTIS       pub=—           next=2026-07-22  [updated]
[04:41:59]   ✅ NTRS       pub=—           next=2026-07-22  [updated]
[04:41:59]   ✅ HEXA-B.ST  pub=—           next=2026-04-23  [updated]
[04:41:59]   ✅ GEHC       pub=—           next=2026-07-29  [updated]
[04:41:59]   ✅ PPL        pub=—           next=2026-07-30  [updated]
[04:41:59]   ✅ SAMPO.HE   pub=—           next=2026-05-06  [updated]
[04:41:59]   ✅ CW         pub=—           next=2026-08-05  [updated]
[04:41:59]   ✅ EIX        pub=—           next=2026-04-28  [updated]
[04:41:59]   ✅ KHC        pub=—           next=2026-07-29  [updated]
[04:41:59]   ✅ HUBB       pub=—           next=2026-07-28  [updated]
[04:42:00]   ✅ PHIA.AS    pub=—           next=2026-07-28  [updated]
[04:42:00]   ✅ AV.L       pub=—           next=2026-03-05  [updated]
[04:42:00]   ✅ AVB        pub=—           next=2026-04-27  [updated]
[04:42:00]   [175/305] counts={'updated': 169, 'unchanged': 6, 'error': 0}
[04:42:00]   ✅ HEN.DE     pub=—           next=2026-08-06  [updated]
[04:42:00]   ✅ NESTE.HE   pub=—           next=2026-07-24  [updated]
[04:42:00]   ✅ CTRA       pub=—           next=2026-08-03  [updated]
[04:42:00]   ✅ FICO       pub=—           next=2026-04-28  [updated]
[04:42:00]   ✅ WRB        pub=—           next=2026-07-20  [updated]
[04:42:00]   ✅ AWK        pub=—           next=2026-07-29  [updated]
[04:42:01]   ✅ BESI.AS    pub=—           next=2026-07-23  [updated]
[04:42:01]   ✅ WTW        pub=—           next=2026-07-30  [updated]
[04:42:01]   ✅ ENTG       pub=—           next=2026-07-30  [updated]
[04:42:01]   ✅ TSN        pub=—           next=2026-08-03  [updated]
[04:42:01]   ✅ LYB        pub=—           next=2026-07-31  [updated]
[04:42:01]   ✅ NMR        pub=—           next=2026-04-24  [updated]
[04:42:01]   ✅ FUTU       pub=—           next=2026-05-28  [updated]
[04:42:01]   ✅ NN.AS      pub=—           next=2026-02-12  [updated]
[04:42:01]   ✅ NHY.OL     pub=—           next=2026-07-22  [updated]
[04:42:01]   ✅ PHM        pub=—           next=2026-07-21  [updated]
[04:42:01]   ✅ WWD        pub=—           next=2026-07-27  [updated]
[04:42:01]   ✅ CMS        pub=—           next=2026-04-28  [updated]
[04:42:02]   ✅ TROW       pub=—           next=2026-07-31  [updated]
[04:42:02]   ✅ FRE.DE     pub=—           next=2026-08-05  [updated]
[04:42:02]   ✅ FORTUM.HE  pub=—           next=2026-07-21  [updated]
[04:42:02]   ✅ PSTG       pub=—           next=2026-05-27  [updated]
[04:42:02]   ✅ CLNX.MC    pub=—           next=2026-04-29  [updated]
[04:42:02]   ✅ WST        pub=—           next=2026-07-23  [updated]
[04:42:02]   [200/305] counts={'updated': 193, 'unchanged': 7, 'error': 0}
[04:42:02]   ✅ ILMN       pub=—           next=2026-07-30  [updated]
[04:42:02]   ✅ EDP.LS     pub=—           next=2026-07-30  [updated]
[04:42:03]   ✅ EDPFY      pub=—           next=2026-07-30  [updated]
[04:42:03]   ✅ STE        pub=—           next=2026-05-11  [updated]
[04:42:03]   ✅ SOFI       pub=—           next=2026-07-28  [updated]
[04:42:03]   ✅ EFX        pub=—           next=2026-07-21  [updated]
[04:42:03]   ✅ DKS        pub=—           next=2026-05-27  [updated]
[04:42:03]   ✅ AMUN.PA    pub=—           next=2026-07-30  [updated]
[04:42:04]   ✅ CHRW       pub=—           next=2026-07-29  [updated]
[04:42:04]   ✅ BURL       pub=—           next=2026-05-28  [updated]
[04:42:04]   ✅ RBA        pub=—           next=2026-05-04  [updated]
[04:42:04]   ✅ MKSI       pub=—           next=2026-08-05  [updated]
[04:42:04]   ✅ MB.MI      pub=—           next=2026-05-11  [updated]
[04:42:04]   ✅ RIVN       pub=—           next=2026-04-30  [updated]
[04:42:04]   ✅ VNA.DE     pub=—           next=2026-08-05  [updated]
[04:42:04]   ✅ MRNA       pub=—           next=2026-07-31  [updated]
[04:42:04]   ✅ RS         pub=—           next=2026-07-22  [updated]
[04:42:04]   ✅ RI.PA      pub=—           next=2026-02-19  [updated]
[04:42:05]   ✅ UNI.MI     pub=—           next=2026-05-15  [updated]
[04:42:05]   ✅ DIM.PA     pub=—           next=2026-07-23  [updated]
[04:42:05]   ✅ GIS        pub=—           next=2026-03-18  [updated]
[04:42:05]   ✅ ESS        pub=—           next=2026-07-28  [updated]
[04:42:05]   ✅ CF         pub=—           next=2026-08-05  [updated]
[04:42:05]   ✅ JDEP.AS    pub=—           next=2026-02-24  [updated]
[04:42:05]   [225/305] counts={'updated': 217, 'unchanged': 8, 'error': 0}
[04:42:05]   ✅ AKAM       pub=—           next=2026-08-06  [updated]
[04:42:05]   ✅ FLTR.L     pub=—           next=2026-08-06  [updated]
[04:42:05]   ✅ ABF.L      pub=—           next=2026-04-21  [updated]
[04:42:05]   ✅ URW.PA     pub=—           next=2026-02-12  [updated]
[04:42:06]   ✅ BIP        pub=—           next=2026-07-30  [updated]
[04:42:06]   ✅ LDOS       pub=—           next=2026-07-28  [updated]
[04:42:06]   ✅ ANA.MC     pub=—           next=2026-02-26  [updated]
[04:42:06]   ✅ NVR        pub=—           next=2026-07-22  [updated]
[04:42:06]   ✅ NLY        pub=—           next=2026-04-21  [updated]
[04:42:06]   ✅ PTC        pub=—           next=2026-08-05  [updated]
[04:42:06]   ✅ NWS        pub=—           next=2026-08-04  [updated]
[04:42:07]   ✅ BCP.LS     pub=—           next=2026-07-29  [updated]
[04:42:07]   ✅ MAP.MC     pub=—           next=2026-07-24  [updated]
[04:42:07]   ✅ UPM.HE     pub=—           next=2026-07-23  [updated]
[04:42:07]   ✅ GRAB       pub=—           next=2026-07-29  [updated]
[04:42:07]   ✅ LOGN.SW    pub=—           next=2026-08-04  [updated]
[04:42:08]   ✅ GPC        pub=—           next=2026-07-21  [updated]
[04:42:08]   ✅ DECK       pub=—           next=2026-05-21  [updated]
[04:42:08]   ✅ NBIX       pub=—           next=2026-07-29  [updated]
[04:42:08]   ✅ YAR.OL     pub=—           next=2026-07-17  [updated]
[04:42:08]   ✅ ONTO       pub=—           next=2026-05-05  [updated]
[04:42:08]   ✅ OHI        pub=—           next=2026-04-28  [updated]
[04:42:08]   ✅ JAZZ       pub=—           next=2026-08-04  [updated]
[04:42:08]   ✅ CA.PA      pub=—           next=2026-02-17  [updated]
[04:42:08]   ✅ SOON.SW    pub=—           next=2026-05-18  [updated]
[04:42:08]   [250/305] counts={'updated': 242, 'unchanged': 8, 'error': 0}
[04:42:08]   ✅ BVI.PA     pub=—           next=2026-02-25  [updated]
[04:42:08]   ✅ TEL2-B.ST  pub=—           next=2026-07-16  [updated]
[04:42:08]   ✅ DY         pub=—           next=2026-05-27  [updated]
[04:42:09]   ✅ GLPI       pub=—           next=2026-07-30  [updated]
[04:42:09]   ✅ NYT        pub=—           next=2026-08-05  [updated]
[04:42:09]   ✅ APA        pub=—           next=2026-08-05  [updated]
[04:42:09]   ✅ MKC        pub=—           next=2026-03-31  [updated]
[04:42:09]   ✅ DINO       pub=—           next=2026-07-30  [updated]
[04:42:09]   ✅ ELAN       pub=—           next=2026-08-06  [updated]
[04:42:09]   ✅ UNM        pub=—           next=2026-07-28  [updated]
[04:42:10]   ✅ AGN.AS     pub=—           next=2026-02-19  [updated]
[04:42:10]   ✅ ALGN       pub=—           next=2026-07-29  [updated]
[04:42:10]   ✅ BNT        pub=—           next=2026-05-12  [updated]
[04:42:10]   ✅ CNA.L      pub=—           next=2026-02-19  [updated]
[04:42:10]   ✅ VIAV       pub=—           next=2026-04-29  [updated]
[04:42:10]   ✅ BBY        pub=—           next=2026-05-28  [updated]
[04:42:10]   ✅ BWA        pub=—           next=2026-07-30  [updated]
[04:42:10]   ✅ MEDP       pub=—           next=2026-07-20  [updated]
[04:42:10]   ✅ SOLV       pub=—           next=2026-05-05  [updated]
[04:42:10]   ✅ GL         pub=—           next=2026-07-22  [updated]
[04:42:11]   ✅ BJ         pub=—           next=2026-05-21  [updated]
[04:42:11]   ✅ GEN        pub=—           next=2026-08-06  [updated]
[04:42:11]   ✅ CHKP       pub=—           next=2026-08-06  [updated]
[04:42:11]   [275/305] counts={'updated': 265, 'unchanged': 10, 'error': 0}
[04:42:11]   ✅ AIZ        pub=—           next=2026-08-04  [updated]
[04:42:11]   ✅ POWL       pub=—           next=2026-08-04  [updated]
[04:42:11]   ✅ WMS        pub=—           next=2026-05-21  [updated]
[04:42:11]   ✅ NTNX       pub=—           next=2026-05-27  [updated]
[04:42:11]   ✅ LI.PA      pub=—           next=2026-02-19  [updated]
[04:42:12]   ✅ ZBRA       pub=—           next=2026-05-12  [updated]
[04:42:12]   ✅ SMTC       pub=—           next=2026-05-27  [updated]
[04:42:12]   ✅ ERIE       pub=—           next=2026-04-23  [updated]
[04:42:12]   ✅ SCI        pub=—           next=2026-07-29  [updated]
[04:42:12]   ✅ ITRK.L     pub=—           next=2026-03-03  [updated]
[04:42:12]   ✅ JEF        pub=—           next=2026-06-24  [updated]
[04:42:12]   ✅ BMRN       pub=—           next=2026-08-03  [updated]
[04:42:12]   ✅ CAVA       pub=—           next=2026-05-19  [updated]
[04:42:12]   ✅ CGNX       pub=—           next=2026-07-29  [updated]
[04:42:12]   ✅ JKHY       pub=—           next=2026-05-05  [updated]
[04:42:12]   ✅ AKZA.AS    pub=—           next=2026-07-21  [updated]
[04:42:13]   ✅ SNAP       pub=—           next=2026-08-04  [updated]
[04:42:13]   ✅ HLI        pub=—           next=2026-07-28  [updated]
[04:42:13]   ✅ AES        pub=—           next=2026-07-30  [updated]
[04:42:13]   ✅ CHWY       pub=—           next=2026-06-10  [updated]
[04:42:13]   ✅ SPM.MI     pub=—           next=2026-04-21  [updated]
[04:42:13]   ✅ ABVX       pub=—           next=2026-03-23  [updated]
[04:42:13]   ✅ OSK        pub=—           next=2026-07-31  [updated]
[04:42:13]   ✅ SWKS       pub=—           next=2026-08-04  [updated]
[04:42:13]   [300/305] counts={'updated': 289, 'unchanged': 11, 'error': 0}
[04:42:13]   ✅ SBRY.L     pub=—           next=2026-04-23  [updated]
[04:42:14]   ✅ PAH3.DE    pub=—           next=2026-03-26  [updated]
[04:42:14]   ✅ BSY        pub=—           next=2026-08-05  [updated]
[04:42:14]   ✅ KESKOB.HE  pub=—           next=2026-07-22  [updated]
[04:42:14]   ✅ RRC        pub=—           next=2026-04-21  [updated]
[04:42:14] END : {'updated': 294, 'unchanged': 11, 'error': 0}
[04:46:22] START : enrich freshness top 305 V1.8, workers=4
[04:46:24]   ✅ GOOGL      pub=—           next=2026-07-23  [unchanged]
[04:46:24]   ✅ AAPL       pub=—           next=2026-07-30  [unchanged]
[04:46:24]   ✅ NVDA       pub=—           next=2026-05-20  [unchanged]
[04:46:24]   ✅ MSFT       pub=—           next=2026-07-29  [unchanged]
[04:46:24]   ✅ LLY        pub=—           next=2026-08-05  [unchanged]
[04:46:25]   ✅ AVGO       pub=—           next=2026-06-03  [unchanged]
[04:46:25]   ✅ TSLA       pub=—           next=2026-07-22  [unchanged]
[04:46:25]   ✅ MU         pub=—           next=2026-06-24  [unchanged]
[04:46:25]   ✅ ASML       pub=—           next=2026-07-15  [unchanged]
[04:46:26]   ✅ JPM        pub=—           next=2026-07-14  [unchanged]
[04:46:26]   ✅ V          pub=—           next=2026-07-28  [unchanged]
[04:46:26]   ✅ ORCL       pub=—           next=2026-06-10  [unchanged]
[04:46:26]   ✅ ASMLF      pub=—           next=2026-07-15  [unchanged]
[04:46:26]   ✅ COST       pub=—           next=2026-05-28  [unchanged]
[04:46:27]   ✅ JNJ        pub=—           next=2026-07-15  [unchanged]
[04:46:27]   ✅ NFLX       pub=—           next=2026-07-16  [unchanged]
[04:46:27]   ✅ BAC        pub=—           next=2026-07-14  [unchanged]
[04:46:28]   ✅ CVX        pub=—           next=2026-07-31  [unchanged]
[04:46:28]   ✅ PG         pub=—           next=2026-07-29  [unchanged]
[04:46:28]   ✅ UNH        pub=—           next=2026-07-28  [unchanged]
[04:46:28]   ✅ AMAT       pub=—           next=2026-05-14  [unchanged]
[04:46:28]   ✅ AZN.ST     pub=—           next=2026-07-27  [unchanged]
[04:46:29]   ✅ HD         pub=—           next=2026-05-19  [unchanged]
[04:46:29]   ✅ GE         pub=—           next=2026-07-16  [unchanged]
[04:46:29]   [25/305] counts={'updated': 0, 'unchanged': 25, 'error': 0}
[04:46:29]   ✅ NVS        pub=—           next=2026-07-21  [unchanged]
[04:46:29]   ✅ MRK        pub=—           next=2026-08-04  [unchanged]
[04:46:29]   ✅ 9984.T     pub=—           next=2026-05-13  [unchanged]
[04:46:30]   ✅ TXN        pub=—           next=2026-07-28  [unchanged]
[04:46:30]   ✅ KLAC       pub=—           next=2026-07-30  [unchanged]
[04:46:30]   ✅ ARM        pub=—           next=2026-07-29  [unchanged]
[04:46:30]   ✅ OR.PA      pub=—           next=2026-02-12  [unchanged]
[04:46:30]   ✅ SIE.DE     pub=—           next=2026-05-13  [unchanged]
[04:46:30]   ✅ C          pub=—           next=2026-07-14  [unchanged]
[04:46:31]   ✅ AXP        pub=—           next=2026-07-24  [unchanged]
[04:46:31]   ✅ MUFG       pub=—           next=2026-05-15  [unchanged]
[04:46:31]   ✅ TTE.PA     pub=—           next=2026-07-23  [unchanged]
[04:46:31]   ✅ SAP        pub=—           next=2026-07-23  [unchanged]
[04:46:31]   ✅ QCOM       pub=—           next=2026-07-29  [unchanged]
[04:46:32]   ✅ ABBN.SW    pub=—           next=2026-07-16  [unchanged]
[04:46:32]   ✅ VZ         pub=—           next=2026-07-21  [unchanged]
[04:46:32]   ✅ NEE        pub=—           next=2026-07-22  [unchanged]
[04:46:33]   ✅ TD         pub=—           next=2026-05-28  [unchanged]
[04:46:33]   ✅ ABLZF      pub=—           next=2026-07-16  [unchanged]
[04:46:33]   ✅ AMGN       pub=—           next=2026-08-04  [unchanged]
[04:46:33]   ✅ BA         pub=—           next=2026-07-28  [unchanged]
[04:46:34]   ✅ T          pub=—           next=2026-07-22  [unchanged]
[04:46:34]   ✅ TMO        pub=—           next=2026-07-22  [unchanged]
[04:46:34]   ✅ BLK        pub=—           next=2026-07-15  [unchanged]
[04:46:34]   [50/305] counts={'updated': 0, 'unchanged': 50, 'error': 0}
[04:46:34]   ✅ DTEGF      pub=—           next=2026-05-13  [unchanged]
[04:46:34]   ✅ DTEGY      pub=—           next=2026-05-13  [unchanged]
[04:46:34]   ✅ BUD        pub=—           next=2026-07-30  [unchanged]
[04:46:35]   ✅ APP        pub=—           next=2026-08-05  [unchanged]
[04:46:35]   ✅ PFE        pub=—           next=2026-07-29  [unchanged]
[04:46:35]   ✅ CRM        pub=—           next=2026-05-27  [unchanged]
[04:46:35]   ✅ PANW       pub=—           next=2026-06-02  [unchanged]
[04:46:35]   ✅ IBKR       pub=—           next=2026-07-14  [unchanged]
[04:46:36]   ✅ ADTTF      pub=—           next=2026-04-27  [unchanged]
[04:46:36]   ✅ SHOP       pub=—           next=2026-08-05  [unchanged]
[04:46:36]   ✅ PBR        pub=—           next=2026-05-11  [unchanged]
[04:46:37]   ✅ BTAFF      pub=—           next=2026-02-12  [unchanged]
[04:46:37]   ✅ BKNG       pub=—           next=2026-07-29  [unchanged]
[04:46:37]   ✅ PLD        pub=—           next=2026-07-15  [unchanged]
[04:46:37]   ✅ UL         pub=—           next=2026-02-12  [unchanged]
[04:46:37]   ✅ BBVA.MC    pub=—           next=2026-07-30  [unchanged]
[04:46:37]   ✅ BBVXF      pub=—           next=2026-07-30  [unchanged]
[04:46:37]   ✅ ISP.MI     pub=—           next=2026-07-29  [unchanged]
[04:46:38]   ✅ BPAQF      pub=—           next=2026-04-28  [unchanged]
[04:46:38]   ✅ MO         pub=—           next=2026-07-30  [unchanged]
[04:46:38]   ✅ BP         pub=—           next=2026-08-04  [unchanged]
[04:46:38]   ✅ PGR        pub=—           next=2026-07-15  [unchanged]
[04:46:38]   ✅ BP.L       pub=—           next=2026-04-28  [unchanged]
[04:46:39]   ✅ CVS        pub=—           next=2026-07-30  [unchanged]
[04:46:39]   [75/305] counts={'updated': 0, 'unchanged': 75, 'error': 0}
[04:46:39]   ✅ MDT        pub=—           next=2026-06-03  [unchanged]
[04:46:39]   ✅ HWM        pub=—           next=2026-08-06  [unchanged]
[04:46:39]   ✅ SYK        pub=—           next=2026-07-30  [unchanged]
[04:46:39]   ✅ CS.PA      pub=—           next=2026-02-26  [unchanged]
[04:46:39]   ✅ ATCO-A.ST  pub=—           next=2026-07-16  [unchanged]
[04:46:40]   ✅ MAR        pub=—           next=2026-08-04  [unchanged]
[04:46:40]   ✅ EQNR.OL    pub=—           next=2026-07-22  [unchanged]
[04:46:40]   ✅ KKR        pub=—           next=2026-07-30  [unchanged]
[04:46:40]   ✅ GLEN.L     pub=—           next=2026-02-18  [unchanged]
[04:46:40]   ✅ INGA.AS    pub=—           next=2026-07-30  [unchanged]
[04:46:40]   ✅ NOW        pub=—           next=2026-07-22  [unchanged]
[04:46:41]   ✅ FDX        pub=—           next=2026-06-23  [unchanged]
[04:46:41]   ✅ NG.L       pub=—           next=2026-05-14  [unchanged]
[04:46:41]   ✅ ABNB       pub=—           next=2026-08-05  [unchanged]
[04:46:41]   ✅ UPS        pub=—           next=2026-07-28  [unchanged]
[04:46:41]   ✅ BSX        pub=—           next=2026-07-29  [unchanged]
[04:46:41]   ✅ EMR        pub=—           next=2026-08-05  [unchanged]
[04:46:42]   ✅ BARC.L     pub=—           next=2026-07-28  [unchanged]
[04:46:42]   ✅ BA.L       pub=—           next=2026-02-18  [unchanged]
[04:46:42]   ✅ EIPAF      pub=—           next=2026-04-24  [unchanged]
[04:46:42]   ✅ SHW        pub=—           next=2026-07-21  [unchanged]
[04:46:42]   ✅ CRH        pub=—           next=2026-07-30  [unchanged]
[04:46:43]   ✅ BCLYF      pub=—           next=2026-07-28  [unchanged]
[04:46:43]   ✅ NOKIA.HE   pub=—           next=2026-07-23  [unchanged]
[04:46:43]   [100/305] counts={'updated': 0, 'unchanged': 100, 'error': 0}
[04:46:43]   ✅ ROST       pub=—           next=2026-05-21  [unchanged]
[04:46:43]   ✅ AEP        pub=—           next=2026-07-30  [unchanged]
[04:46:43]   ✅ CRWV       pub=—           next=2026-05-07  [unchanged]
[04:46:44]   ✅ HOOD       pub=—           next=2026-07-29  [unchanged]
[04:46:44]   ✅ PSX        pub=—           next=2026-07-24  [unchanged]
[04:46:44]   ✅ CTAS       pub=—           next=2026-03-25  [unchanged]
[04:46:44]   ✅ WBD        pub=—           next=2026-08-06  [unchanged]
[04:46:44]   ✅ MUV2.DE    pub=—           next=2026-05-12  [unchanged]
[04:46:45]   ✅ BKR        pub=—           next=2026-07-21  [unchanged]
[04:46:45]   ✅ MSTR       pub=—           next=2026-07-30  [unchanged]
[04:46:45]   ✅ NDA-FI.HE  pub=—           next=2026-07-16  [unchanged]
[04:46:45]   ✅ NKE        pub=—           next=2026-06-25  [unchanged]
[04:46:45]   ✅ TRV        pub=—           next=2026-07-16  [unchanged]
[04:46:46]   ✅ NDA-SE.ST  pub=—           next=2026-07-16  [unchanged]
[04:46:46]   ✅ NDA-DK.CO  pub=—           next=2026-07-16  [unchanged]
[04:46:46]   ✅ NWG.L      pub=—           next=2026-07-31  [unchanged]
[04:46:46]   ✅ REL.L      pub=—           next=2026-02-12  [unchanged]
[04:46:46]   ✅ URI        pub=—           next=2026-07-22  [unchanged]
[04:46:47]   ✅ TGT        pub=—           next=2026-05-20  [unchanged]
[04:46:47]   ✅ AZO        pub=—           next=2026-05-26  [unchanged]
[04:46:47]   ✅ AFL        pub=—           next=2026-04-29  [unchanged]
[04:46:47]   ✅ MCHP       pub=—           next=2026-08-06  [unchanged]
[04:46:47]   ✅ SAND.ST    pub=—           next=2026-07-17  [unchanged]
[04:46:47]   ✅ GWW        pub=—           next=2026-08-04  [unchanged]
[04:46:48]   ✅ PSA        pub=—           next=2026-04-27  [unchanged]
[04:46:48]   [125/305] counts={'updated': 0, 'unchanged': 125, 'error': 0}
[04:46:48]   ✅ ARGX       pub=—           next=2026-07-23  [unchanged]
[04:46:48]   ✅ AJG        pub=—           next=2026-07-30  [unchanged]
[04:46:48]   ✅ ADSK       pub=—           next=2026-05-28  [unchanged]
[04:46:48]   ✅ MRK.DE     pub=—           next=2026-05-13  [unchanged]
[04:46:48]   ✅ BN.PA      pub=—           next=2026-02-20  [unchanged]
[04:46:48]   ✅ PRY.MI     pub=—           next=2026-07-30  [unchanged]
[04:46:49]   ✅ VOW.DE     pub=—           next=2026-07-24  [unchanged]
[04:46:49]   ✅ DGE.L      pub=—           next=2026-02-25  [unchanged]
[04:46:49]   ✅ DAL        pub=—           next=2026-07-09  [unchanged]
[04:46:49]   ✅ EW         pub=—           next=2026-07-23  [unchanged]
[04:46:49]   ✅ DANSKE.CO  pub=—           next=2026-07-17  [unchanged]
[04:46:50]   ✅ CCEP       pub=—           next=2026-02-17  [unchanged]
[04:46:50]   ✅ STT        pub=—           next=2026-07-14  [unchanged]
[04:46:50]   ✅ KR         pub=—           next=2026-03-05  [unchanged]
[04:46:50]   ✅ ON         pub=—           next=2026-08-03  [unchanged]
[04:46:50]   ✅ BDX        pub=—           next=2026-08-06  [unchanged]
[04:46:50]   ✅ HLN.L      pub=—           next=2026-02-25  [unchanged]
[04:46:51]   ✅ PYPL       pub=—           next=2026-07-28  [unchanged]
[04:46:51]   ✅ ARES       pub=—           next=2026-07-30  [unchanged]
[04:46:51]   ✅ SHL.DE     pub=—           next=2026-07-31  [unchanged]
[04:46:51]   ✅ FRES.L     pub=—           next=2026-03-03  [unchanged]
[04:46:51]   ✅ III.L      pub=—           next=2026-05-14  [unchanged]
[04:46:51]   ✅ JBL        pub=—           next=2026-06-16  [unchanged]
[04:46:51]   ✅ MLM        pub=—           next=2026-04-30  [unchanged]
[04:46:51]   [150/305] counts={'updated': 0, 'unchanged': 150, 'error': 0}
[04:46:52]   ✅ ADYEN.AS   pub=—           next=2026-02-12  [unchanged]
[04:46:52]   ✅ SLHN.SW    pub=—           next=2026-05-21  [unchanged]
[04:46:52]   ✅ KOG.OL     pub=—           next=2026-07-13  [unchanged]
[04:46:52]   ✅ VIE.PA     pub=—           next=2026-02-26  [unchanged]
[04:46:52]   ✅ RDDT       pub=—           next=2026-07-30  [unchanged]
[04:46:52]   ✅ MTB        pub=—           next=2026-07-15  [unchanged]
[04:46:53]   ✅ DOV        pub=—           next=2026-07-23  [unchanged]
[04:46:53]   ✅ VICI       pub=—           next=2026-07-29  [unchanged]
[04:46:53]   ✅ RMD        pub=—           next=2026-04-30  [unchanged]
[04:46:53]   ✅ VWS.CO     pub=—           next=2026-05-06  [unchanged]
[04:46:53]   ✅ AEE        pub=—           next=2026-07-30  [unchanged]
[04:46:54]   ✅ HEXA-B.ST  pub=—           next=2026-04-23  [unchanged]
[04:46:54]   ✅ OTIS       pub=—           next=2026-07-22  [unchanged]
[04:46:54]   ✅ NTRS       pub=—           next=2026-07-22  [unchanged]
[04:46:54]   ✅ SAMPO.HE   pub=—           next=2026-05-06  [unchanged]
[04:46:55]   ✅ GEHC       pub=—           next=2026-07-29  [unchanged]
[04:46:55]   ✅ PPL        pub=—           next=2026-07-30  [unchanged]
[04:46:55]   ✅ CW         pub=—           next=2026-08-05  [unchanged]
[04:46:55]   ✅ KHC        pub=—           next=2026-07-29  [unchanged]
[04:46:55]   ✅ PHIA.AS    pub=—           next=2026-07-28  [unchanged]
[04:46:55]   ✅ EIX        pub=—           next=2026-04-28  [unchanged]
[04:46:55]   ✅ HUBB       pub=—           next=2026-07-28  [unchanged]
[04:46:55]   ✅ AV.L       pub=—           next=2026-03-05  [unchanged]
[04:46:56]   ✅ AVB        pub=—           next=2026-04-27  [unchanged]
[04:46:56]   [175/305] counts={'updated': 0, 'unchanged': 175, 'error': 0}
[04:46:56]   ✅ HEN.DE     pub=—           next=2026-08-06  [unchanged]
[04:46:56]   ✅ NESTE.HE   pub=—           next=2026-07-24  [unchanged]
[04:46:56]   ✅ FICO       pub=—           next=2026-04-28  [unchanged]
[04:46:56]   ✅ CTRA       pub=—           next=2026-08-03  [unchanged]
[04:46:56]   ✅ WRB        pub=—           next=2026-07-20  [unchanged]
[04:46:57]   ✅ AWK        pub=—           next=2026-07-29  [unchanged]
[04:46:57]   ✅ BESI.AS    pub=—           next=2026-07-23  [unchanged]
[04:46:57]   ✅ TSN        pub=—           next=2026-08-03  [unchanged]
[04:46:57]   ✅ WTW        pub=—           next=2026-07-30  [unchanged]
[04:46:57]   ✅ ENTG       pub=—           next=2026-07-30  [unchanged]
[04:46:58]   ✅ LYB        pub=—           next=2026-07-31  [unchanged]
[04:46:58]   ✅ NN.AS      pub=—           next=2026-02-12  [unchanged]
[04:46:58]   ✅ NMR        pub=—           next=2026-04-24  [unchanged]
[04:46:58]   ✅ NHY.OL     pub=—           next=2026-07-22  [unchanged]
[04:46:58]   ✅ FUTU       pub=—           next=2026-05-28  [unchanged]
[04:46:59]   ✅ WWD        pub=—           next=2026-07-27  [unchanged]
[04:46:59]   ✅ CMS        pub=—           next=2026-04-28  [unchanged]
[04:46:59]   ✅ PHM        pub=—           next=2026-07-21  [unchanged]
[04:46:59]   ✅ FRE.DE     pub=—           next=2026-08-05  [unchanged]
[04:46:59]   ✅ PSTG       pub=—           next=2026-05-27  [unchanged]
[04:46:59]   ✅ TROW       pub=—           next=2026-07-31  [unchanged]
[04:46:59]   ✅ FORTUM.HE  pub=—           next=2026-07-21  [unchanged]
[04:46:59]   ✅ CLNX.MC    pub=—           next=2026-04-29  [unchanged]
[04:46:59]   [200/305] counts={'updated': 0, 'unchanged': 200, 'error': 0}
[04:47:00]   ✅ EDP.LS     pub=—           next=2026-07-30  [unchanged]
[04:47:00]   ✅ WST        pub=—           next=2026-07-23  [unchanged]
[04:47:00]   ✅ ILMN       pub=—           next=2026-07-30  [unchanged]
[04:47:00]   ✅ EDPFY      pub=—           next=2026-07-30  [unchanged]
[04:47:00]   ✅ SOFI       pub=—           next=2026-07-28  [unchanged]
[04:47:01]   ✅ STE        pub=—           next=2026-05-11  [unchanged]
[04:47:01]   ✅ AMUN.PA    pub=—           next=2026-07-30  [unchanged]
[04:47:01]   ✅ EFX        pub=—           next=2026-07-21  [unchanged]
[04:47:01]   ✅ BURL       pub=—           next=2026-05-28  [unchanged]
[04:47:01]   ✅ CHRW       pub=—           next=2026-07-29  [unchanged]
[04:47:01]   ✅ DKS        pub=—           next=2026-05-27  [unchanged]
[04:47:02]   ✅ MB.MI      pub=—           next=2026-05-11  [unchanged]
[04:47:02]   ✅ MKSI       pub=—           next=2026-08-05  [unchanged]
[04:47:02]   ✅ RBA        pub=—           next=2026-05-04  [unchanged]
[04:47:02]   ✅ RIVN       pub=—           next=2026-04-30  [unchanged]
[04:47:02]   ✅ VNA.DE     pub=—           next=2026-08-05  [unchanged]
[04:47:02]   ✅ RI.PA      pub=—           next=2026-02-19  [unchanged]
[04:47:03]   ✅ UNI.MI     pub=—           next=2026-05-15  [unchanged]
[04:47:03]   ✅ MRNA       pub=—           next=2026-07-31  [unchanged]
[04:47:03]   ✅ DIM.PA     pub=—           next=2026-07-23  [unchanged]
[04:47:03]   ✅ RS         pub=—           next=2026-07-22  [unchanged]
[04:47:03]   ✅ ESS        pub=—           next=2026-07-28  [unchanged]
[04:47:03]   ✅ GIS        pub=—           next=2026-03-18  [unchanged]
[04:47:03]   ✅ JDEP.AS    pub=—           next=2026-02-24  [unchanged]
[04:47:04]   ✅ CF         pub=—           next=2026-08-05  [unchanged]
[04:47:04]   [225/305] counts={'updated': 0, 'unchanged': 225, 'error': 0}
[04:47:04]   ✅ FLTR.L     pub=—           next=2026-08-06  [unchanged]
[04:47:04]   ✅ URW.PA     pub=—           next=2026-02-12  [unchanged]
[04:47:04]   ✅ ABF.L      pub=—           next=2026-04-21  [unchanged]
[04:47:04]   ✅ AKAM       pub=—           next=2026-08-06  [unchanged]
[04:47:04]   ✅ ANA.MC     pub=—           next=2026-02-26  [unchanged]
[04:47:04]   ✅ LDOS       pub=—           next=2026-07-28  [unchanged]
[04:47:05]   ✅ BIP        pub=—           next=2026-07-30  [unchanged]
[04:47:05]   ✅ NVR        pub=—           next=2026-07-22  [unchanged]
[04:47:05]   ✅ BCP.LS     pub=—           next=2026-07-29  [unchanged]
[04:47:05]   ✅ NWS        pub=—           next=2026-08-04  [unchanged]
[04:47:05]   ✅ NLY        pub=—           next=2026-04-21  [unchanged]
[04:47:05]   ✅ PTC        pub=—           next=2026-08-05  [unchanged]
[04:47:06]   ✅ UPM.HE     pub=—           next=2026-07-23  [unchanged]
[04:47:09] START : enrich freshness top 305 V1.8, workers=4
[04:47:11]   ✅ MSFT       pub=2026-04-29  next=2026-07-29  [updated]
[04:47:11]   ✅ GOOGL      pub=2026-04-30  next=2026-07-23  [updated]
[04:47:11]   ✅ NVDA       pub=2026-02-25  next=2026-05-20  [updated]
[04:47:11]   ✅ AAPL       pub=2026-05-01  next=2026-07-30  [updated]
[04:47:12]   ✅ AVGO       pub=2026-03-11  next=2026-06-03  [updated]
[04:47:12]   ✅ LLY        pub=2026-04-30  next=2026-08-05  [updated]
[04:47:12]   ✅ TSLA       pub=2026-04-23  next=2026-07-22  [updated]
[04:47:12]   ✅ JPM        pub=2026-05-01  next=2026-07-14  [updated]
[04:47:12]   ✅ MU         pub=2026-03-19  next=2026-06-24  [updated]
[04:47:13]   ✅ V          pub=2026-04-29  next=2026-07-28  [updated]
[04:47:13]   ✅ ASML       pub=2026-04-23  next=2026-07-15  [updated]
[04:47:13]   ✅ ASMLF      pub=2026-04-23  next=2026-07-15  [updated]
[04:47:13]   ✅ ORCL       pub=2026-03-11  next=2026-06-10  [updated]
[04:47:13]   ✅ COST       pub=2026-03-11  next=2026-05-28  [updated]
[04:47:14]   ✅ JNJ        pub=2026-04-22  next=2026-07-15  [updated]
[04:47:14]   ✅ BAC        pub=2026-05-01  next=2026-07-14  [updated]
[04:47:14]   ✅ NFLX       pub=2026-04-17  next=2026-07-16  [updated]
[04:47:14]   ✅ CVX        pub=2026-05-07  next=2026-07-31  [updated]
[04:47:14]   ✅ PG         pub=2026-04-24  next=2026-07-29  [updated]
[04:47:15]   ✅ AMAT       pub=2026-02-19  next=2026-05-14  [updated]
[04:47:15]   ✅ UNH        pub=2026-05-05  next=2026-07-28  [updated]
[04:47:15]   ✅ AZN.ST     pub=—           next=2026-07-27  [unchanged]
[04:47:15]   ✅ HD         pub=2026-03-18  next=2026-05-19  [updated]
[04:47:15]   ✅ GE         pub=2026-04-21  next=2026-07-16  [updated]
[04:47:15]   [25/305] counts={'updated': 23, 'unchanged': 2, 'error': 0}
[04:47:15]   ✅ NVS        pub=2026-04-28  next=2026-07-21  [updated]
[04:47:16]   ✅ TXN        pub=2026-04-24  next=2026-07-28  [updated]
[04:47:16]   ✅ MRK        pub=2026-05-04  next=2026-08-04  [updated]
[04:47:16]   ✅ ARM        pub=2026-05-06  next=2026-07-29  [updated]
[04:47:16]   ✅ KLAC       pub=2026-04-30  next=2026-07-30  [updated]
[04:47:16]   ✅ 9984.T     pub=—           next=2026-05-13  [unchanged]
[04:47:16]   ✅ OR.PA      pub=—           next=2026-02-12  [unchanged]
[04:47:17]   ✅ SIE.DE     pub=—           next=2026-05-13  [unchanged]
[04:47:17]   ✅ AXP        pub=2026-04-23  next=2026-07-24  [updated]
[04:47:17]   ✅ C          pub=2026-05-07  next=2026-07-14  [updated]
[04:47:17]   ✅ MUFG       pub=2026-04-21  next=2026-05-15  [updated]
[04:47:17]   ✅ SAP        pub=2026-05-08  next=2026-07-23  [updated]
[04:47:17]   ✅ TTE.PA     pub=—           next=2026-07-23  [unchanged]
[04:47:18]   ✅ QCOM       pub=2026-04-29  next=2026-07-29  [updated]
[04:47:18]   ✅ ABBN.SW    pub=—           next=2026-07-16  [unchanged]
[04:47:18]   ✅ NEE        pub=2026-04-23  next=2026-07-22  [updated]
[04:47:18]   ✅ VZ         pub=2026-05-01  next=2026-07-21  [updated]
[04:47:18]   ✅ ABBNY      pub=2024-05-23  next=—           [updated]
[04:47:19]   ✅ ABLZF      pub=2024-05-23  next=2026-07-16  [updated]
[04:47:19]   ✅ TD         pub=2026-04-24  next=2026-05-28  [updated]
[04:47:19]   ✅ BA         pub=2026-04-22  next=2026-07-28  [updated]
[04:47:19]   ✅ AMGN       pub=2026-05-01  next=2026-08-04  [updated]
[04:47:19]   ✅ TMO        pub=2026-05-01  next=2026-07-22  [updated]
[04:47:19]   ✅ T          pub=2026-04-27  next=2026-07-22  [updated]
[04:47:20]   ✅ DTEGF      pub=2010-05-27  next=2026-05-13  [updated]
[04:47:20]   [50/305] counts={'updated': 43, 'unchanged': 7, 'error': 0}
[04:47:20]   ✅ BLK        pub=2026-05-06  next=2026-07-15  [updated]
[04:47:20]   ✅ BUD        pub=2026-05-05  next=2026-07-30  [updated]
[04:47:20]   ✅ DTEGY      pub=2010-05-27  next=2026-05-13  [updated]
[04:47:21]   ✅ APP        pub=2026-05-06  next=2026-08-05  [updated]
[04:47:21]   ✅ PFE        pub=2026-05-05  next=2026-07-29  [updated]
[04:47:21]   ✅ PANW       pub=2026-02-18  next=2026-06-02  [updated]
[04:47:21]   ✅ CRM        pub=2026-03-02  next=2026-05-27  [updated]
[04:47:21]   ✅ ATEYY      pub=2016-04-01  next=—           [updated]
[04:47:22]   ✅ IBKR       pub=2026-05-07  next=2026-07-14  [updated]
[04:47:22]   ✅ ADTTF      pub=2016-04-01  next=2026-04-27  [updated]
[04:47:22]   ✅ SHOP       pub=2026-05-05  next=2026-08-05  [updated]
[04:47:22]   ✅ PBR        pub=2026-05-05  next=2026-05-11  [updated]
[04:47:22]   ✅ PLD        pub=2026-04-30  next=2026-07-15  [updated]
[04:47:22]   ✅ BKNG       pub=2026-04-28  next=2026-07-29  [updated]
[04:47:22]   ✅ BTAFF      pub=2026-05-08  next=2026-02-12  [updated]
[04:47:23]   ✅ BBVA.MC    pub=—           next=2026-07-30  [unchanged]
[04:47:23]   ✅ ISP.MI     pub=—           next=2026-07-29  [unchanged]
[04:47:23]   ✅ UL         pub=2026-05-06  next=2026-02-12  [updated]
[04:47:23]   ✅ BBVXF      pub=2026-05-11  next=2026-07-30  [updated]
[04:47:24]   ✅ MO         pub=2026-04-30  next=2026-07-30  [updated]
[04:47:24]   ✅ BPAQF      pub=2026-05-01  next=2026-04-28  [updated]
[04:47:24]   ✅ BP         pub=2026-05-01  next=2026-08-04  [updated]
[04:47:24]   ✅ PGR        pub=2026-05-04  next=2026-07-15  [updated]
[04:47:24]   ✅ BP.L       pub=—           next=2026-04-28  [unchanged]
[04:47:24]   ✅ SYK        pub=2026-05-11  next=2026-07-30  [updated]
[04:47:24]   [75/305] counts={'updated': 65, 'unchanged': 10, 'error': 0}
[04:47:24]   ✅ CVS        pub=2026-05-06  next=2026-07-30  [updated]
[04:47:25]   ✅ HWM        pub=2026-05-07  next=2026-08-06  [updated]
[04:47:25]   ✅ MDT        pub=2026-02-24  next=2026-06-03  [updated]
[04:47:25]   ✅ CS.PA      pub=—           next=2026-02-26  [unchanged]
[04:47:25]   ✅ ATCO-A.ST  pub=—           next=2026-07-16  [unchanged]
[04:47:25]   ✅ MAR        pub=2026-05-06  next=2026-08-04  [updated]
[04:47:25]   ✅ EQNR.OL    pub=—           next=2026-07-22  [unchanged]
[04:47:26]   ✅ KKR        pub=2026-05-08  next=2026-07-30  [updated]
[04:47:26]   ✅ NOW        pub=2026-04-23  next=2026-07-22  [updated]
[04:47:26]   ✅ GLEN.L     pub=—           next=2026-02-18  [unchanged]
[04:47:26]   ✅ INGA.AS    pub=—           next=2026-07-30  [unchanged]
[04:47:26]   ✅ NG.L       pub=—           next=2026-05-14  [unchanged]
[04:47:26]   ✅ FDX        pub=2026-03-19  next=2026-06-23  [updated]
[04:47:27]   ✅ UPS        pub=2026-05-06  next=2026-07-28  [updated]
[04:47:27]   ✅ BSX        pub=2026-05-01  next=2026-07-29  [updated]
[04:47:27]   ✅ ABNB       pub=2026-05-07  next=2026-08-05  [updated]
[04:47:27]   ✅ BARC.L     pub=—           next=2026-07-28  [unchanged]
[04:47:27]   ✅ EMR        pub=2026-05-05  next=2026-08-05  [updated]
[04:47:27]   ✅ BA.L       pub=—           next=2026-02-18  [unchanged]
[04:47:28]   ✅ BCLYF      pub=2026-05-07  next=2026-07-28  [updated]
[04:47:28]   ✅ EIPAF      pub=2026-05-07  next=2026-04-24  [updated]
[04:47:28]   ✅ SHW        pub=2026-04-28  next=2026-07-21  [updated]
[04:47:28]   ✅ CRH        pub=2026-04-30  next=2026-07-30  [updated]
[04:47:28]   ✅ ROST       pub=2026-03-31  next=2026-05-21  [updated]
[04:47:28]   [100/305] counts={'updated': 81, 'unchanged': 19, 'error': 0}
[04:47:28]   ✅ NOKIA.HE   pub=—           next=2026-07-23  [unchanged]
[04:47:28]   ✅ CRWV       pub=2026-05-08  next=2026-05-07  [updated]
[04:47:29]   ✅ AEP        pub=2026-05-05  next=2026-07-30  [updated]
[04:47:29]   ✅ HOOD       pub=2026-04-29  next=2026-07-29  [updated]
[04:47:29]   ✅ PSX        pub=2026-04-29  next=2026-07-24  [updated]
[04:47:29]   ✅ WBD        pub=2026-05-06  next=2026-08-06  [updated]
[04:47:29]   ✅ CTAS       pub=2026-04-07  next=2026-03-25  [updated]
[04:47:30]   ✅ MUV2.DE    pub=—           next=2026-05-12  [unchanged]
[04:47:30]   ✅ BKR        pub=2026-04-24  next=2026-07-21  [updated]
[04:47:30]   ✅ MSTR       pub=2026-05-06  next=2026-07-30  [updated]
[04:47:30]   ✅ NKE        pub=2026-04-01  next=2026-06-25  [updated]
[04:47:30]   ✅ TRV        pub=2026-04-16  next=2026-07-16  [updated]
[04:47:30]   ✅ NDA-FI.HE  pub=—           next=2026-07-16  [unchanged]
[04:47:30]   ✅ NDA-DK.CO  pub=—           next=2026-07-16  [unchanged]
[04:47:31]   ✅ NDA-SE.ST  pub=—           next=2026-07-16  [unchanged]
[04:47:31]   ✅ NWG.L      pub=—           next=2026-07-31  [unchanged]
[04:47:31]   ✅ REL.L      pub=—           next=2026-02-12  [unchanged]
[04:47:31]   ✅ URI        pub=2026-04-22  next=2026-07-22  [updated]
[04:47:31]   ✅ TGT        pub=2026-03-11  next=2026-05-20  [updated]
[04:47:31]   ✅ AZO        pub=2026-03-20  next=2026-05-26  [updated]
[04:47:32]   ✅ AFL        pub=2026-05-06  next=2026-04-29  [updated]
[04:47:32]   ✅ SAND.ST    pub=—           next=2026-07-17  [unchanged]
[04:47:32]   ✅ GWW        pub=2026-05-07  next=2026-08-04  [updated]
[04:47:32]   ✅ MCHP       pub=2026-02-05  next=2026-08-06  [updated]
[04:47:32]   ✅ PSA        pub=2026-04-27  next=2026-04-27  [updated]
[04:47:32]   [125/305] counts={'updated': 98, 'unchanged': 27, 'error': 0}
[04:47:32]   ✅ ADSK       pub=2026-03-03  next=2026-05-28  [updated]
[04:47:33]   ✅ MRK.DE     pub=—           next=2026-05-13  [unchanged]
[04:47:33]   ✅ AJG        pub=2026-05-07  next=2026-07-30  [updated]
[04:47:33]   ✅ ARGX       pub=2026-05-11  next=2026-07-23  [updated]
[04:47:33]   ✅ PRY.MI     pub=—           next=2026-07-30  [unchanged]
[04:47:33]   ✅ BN.PA      pub=—           next=2026-02-20  [unchanged]
[04:47:33]   ✅ DGE.L      pub=—           next=2026-02-25  [unchanged]
[04:47:33]   ✅ DAL        pub=2026-04-08  next=2026-07-09  [updated]
[04:47:34]   ✅ VOW.DE     pub=—           next=2026-07-24  [unchanged]
[04:47:34]   ✅ EW         pub=2026-05-06  next=2026-07-23  [updated]
[04:47:34]   ✅ DANSKE.CO  pub=—           next=2026-07-17  [unchanged]
[04:47:34]   ✅ CCEP       pub=2026-05-01  next=2026-02-17  [updated]
[04:47:34]   ✅ STT        pub=2026-04-29  next=2026-07-14  [updated]
[04:47:34]   ✅ KR         pub=2026-03-31  next=2026-03-05  [updated]
[04:47:35]   ✅ ON         pub=2026-05-04  next=2026-08-03  [updated]
[04:47:35]   ✅ BDX        pub=2026-05-07  next=2026-08-06  [updated]
[04:47:35]   ✅ HLN.L      pub=—           next=2026-02-25  [unchanged]
[04:47:35]   ✅ PYPL       pub=2026-05-05  next=2026-07-28  [updated]
[04:47:35]   ✅ ARES       pub=2026-05-08  next=2026-07-30  [updated]
[04:47:35]   ✅ SHL.DE     pub=—           next=2026-07-31  [unchanged]
[04:47:36]   ✅ FRES.L     pub=—           next=2026-03-03  [unchanged]
[04:47:36]   ✅ JBL        pub=2026-04-08  next=2026-06-16  [updated]
[04:47:36]   ✅ III.L      pub=—           next=2026-05-14  [unchanged]
[04:47:36]   ✅ MLM        pub=2026-04-30  next=2026-04-30  [updated]
[04:47:36]   [150/305] counts={'updated': 112, 'unchanged': 38, 'error': 0}
[04:47:36]   ✅ ADYEN.AS   pub=—           next=2026-02-12  [unchanged]
[04:47:36]   ✅ SLHN.SW    pub=—           next=2026-05-21  [unchanged]
[04:47:36]   ✅ KOG.OL     pub=—           next=2026-07-13  [unchanged]
[04:47:37]   ✅ VIE.PA     pub=—           next=2026-02-26  [unchanged]
[04:47:37]   ✅ RDDT       pub=2026-05-01  next=2026-07-30  [updated]
[04:47:37]   ✅ MTB        pub=2026-05-05  next=2026-07-15  [updated]
[04:47:37]   ✅ VICI       pub=2026-04-29  next=2026-07-29  [updated]
[04:47:37]   ✅ RMD        pub=2026-05-01  next=2026-04-30  [updated]
[04:47:38]   ✅ DOV        pub=2026-04-23  next=2026-07-23  [updated]
[04:47:38]   ✅ AEE        pub=2026-05-08  next=2026-07-30  [updated]
[04:47:38]   ✅ VWS.CO     pub=—           next=2026-05-06  [unchanged]
[04:47:38]   ✅ NTRS       pub=2026-04-30  next=2026-07-22  [updated]
[04:47:38]   ✅ HEXA-B.ST  pub=—           next=2026-04-23  [unchanged]
[04:47:38]   ✅ OTIS       pub=2026-04-23  next=2026-07-22  [updated]
[04:47:38]   ✅ SAMPO.HE   pub=—           next=2026-05-06  [unchanged]
[04:47:39]   ✅ GEHC       pub=2026-04-29  next=2026-07-29  [updated]
[04:47:39]   ✅ PPL        pub=2026-05-08  next=2026-07-30  [updated]
[04:47:39]   ✅ CW         pub=2026-05-07  next=2026-08-05  [updated]
[04:47:39]   ✅ KHC        pub=2026-05-06  next=2026-07-29  [updated]
[04:47:39]   ✅ PHIA.AS    pub=—           next=2026-07-28  [unchanged]
[04:47:40]   ✅ HUBB       pub=2026-05-01  next=2026-07-28  [updated]
[04:47:40]   ✅ EIX        pub=2026-04-28  next=2026-04-28  [updated]
[04:47:40]   ✅ AV.L       pub=—           next=2026-03-05  [unchanged]
[04:47:40]   ✅ HEN.DE     pub=—           next=2026-08-06  [unchanged]
[04:47:40]   [175/305] counts={'updated': 126, 'unchanged': 49, 'error': 0}
[04:47:40]   ✅ AVB        pub=2026-05-07  next=2026-04-27  [updated]
[04:47:40]   ✅ NESTE.HE   pub=—           next=2026-07-24  [unchanged]
[04:47:41]   ✅ FICO       pub=2026-04-28  next=2026-04-28  [updated]
[04:47:41]   ✅ WRB        pub=2026-05-01  next=2026-07-20  [updated]
[04:47:41]   ✅ AWK        pub=2026-04-29  next=2026-07-29  [updated]
[04:47:41]   ✅ CTRA       pub=2026-05-06  next=2026-08-03  [updated]
[04:47:41]   ✅ BESI.AS    pub=—           next=2026-07-23  [unchanged]
[04:47:41]   ✅ TSN        pub=2026-05-04  next=2026-08-03  [updated]
[04:47:42]   ✅ ENTG       pub=2026-04-30  next=2026-07-30  [updated]
[04:47:42]   ✅ WTW        pub=2026-04-30  next=2026-07-30  [updated]
[04:47:42]   ✅ LYB        pub=2026-05-01  next=2026-07-31  [updated]
[04:47:42]   ✅ NN.AS      pub=—           next=2026-02-12  [unchanged]
[04:47:42]   ✅ NHY.OL     pub=—           next=2026-07-22  [unchanged]
[04:47:43]   ✅ NMR        pub=2026-05-07  next=2026-04-24  [updated]
[04:47:43]   ✅ FUTU       pub=2026-04-15  next=2026-05-28  [updated]
[04:47:43]   ✅ CMS        pub=2026-04-28  next=2026-04-28  [updated]
[04:47:43]   ✅ PHM        pub=2026-04-23  next=2026-07-21  [updated]
[04:47:43]   ✅ WWD        pub=2026-04-30  next=2026-07-27  [updated]
[04:47:43]   ✅ TROW       pub=2026-04-30  next=2026-07-31  [updated]
[04:47:44]   ✅ PSTG       pub=—           next=2026-05-27  [unchanged]
[04:47:44]   ✅ FRE.DE     pub=—           next=2026-08-05  [unchanged]
[04:47:44]   ✅ FORTUM.HE  pub=—           next=2026-07-21  [unchanged]
[04:47:44]   ✅ CLNX.MC    pub=—           next=2026-04-29  [unchanged]
[04:47:44]   [200/305] counts={'updated': 141, 'unchanged': 59, 'error': 0}
[04:47:44]   ✅ EDP.LS     pub=—           next=2026-07-30  [unchanged]
[04:47:45]   ✅ WST        pub=2026-04-23  next=2026-07-23  [updated]
[04:47:45]   ✅ ILMN       pub=2026-05-04  next=2026-07-30  [updated]
[04:47:45]   ✅ EDPFY      pub=2007-06-05  next=2026-07-30  [updated]
[04:47:45]   ✅ STE        pub=2026-02-06  next=2026-05-11  [updated]
[04:47:45]   ✅ AMUN.PA    pub=—           next=2026-07-30  [unchanged]
[04:47:45]   ✅ SOFI       pub=2026-05-07  next=2026-07-28  [updated]
[04:47:46]   ✅ EFX        pub=2026-04-21  next=2026-07-21  [updated]
[04:47:46]   ✅ DKS        pub=2026-03-27  next=2026-05-27  [updated]
[04:47:46]   ✅ CHRW       pub=2026-05-01  next=2026-07-29  [updated]
[04:47:46]   ✅ BURL       pub=2026-03-19  next=2026-05-28  [updated]
[04:47:46]   ✅ MKSI       pub=2026-05-07  next=2026-08-05  [updated]
[04:47:46]   ✅ RBA        pub=2026-05-04  next=2026-05-04  [updated]
[04:47:46]   ✅ MB.MI      pub=—           next=2026-05-11  [unchanged]
[04:47:47]   ✅ VNA.DE     pub=—           next=2026-08-05  [unchanged]
[04:47:47]   ✅ RI.PA      pub=—           next=2026-02-19  [unchanged]
[04:47:47]   ✅ RIVN       pub=2026-04-30  next=2026-04-30  [updated]
[04:47:47]   ✅ UNI.MI     pub=—           next=2026-05-15  [unchanged]
[04:47:48]   ✅ MRNA       pub=2026-05-01  next=2026-07-31  [updated]
[04:47:48]   ✅ DIM.PA     pub=—           next=2026-07-23  [unchanged]
[04:47:48]   ✅ RS         pub=2026-04-29  next=2026-07-22  [updated]
[04:47:48]   ✅ GIS        pub=2026-03-18  next=2026-03-18  [updated]
[04:47:48]   ✅ CF         pub=2026-05-07  next=2026-08-05  [updated]
[04:47:48]   ✅ JDEP.AS    pub=—           next=2026-02-24  [unchanged]
[04:47:48]   ✅ ESS        pub=2026-04-29  next=2026-07-28  [updated]
[04:47:48]   [225/305] counts={'updated': 158, 'unchanged': 67, 'error': 0}
[04:47:49]   ✅ FLTR.L     pub=—           next=2026-08-06  [unchanged]
[04:47:49]   ✅ URW.PA     pub=—           next=2026-02-12  [unchanged]
[04:47:49]   ✅ ABF.L      pub=—           next=2026-04-21  [unchanged]
[04:47:49]   ✅ AKAM       pub=2026-05-08  next=2026-08-06  [updated]
[04:47:49]   ✅ ANA.MC     pub=—           next=2026-02-26  [unchanged]
[04:47:49]   ✅ LDOS       pub=2026-05-05  next=2026-07-28  [updated]
[04:47:50]   ✅ BIP        pub=2026-05-08  next=2026-07-30  [updated]
[04:47:50]   ✅ NVR        pub=2026-05-06  next=2026-07-22  [updated]
[04:47:50]   ✅ BCP.LS     pub=—           next=2026-07-29  [unchanged]
[04:47:50]   ✅ NWS        pub=2026-05-08  next=2026-08-04  [updated]
[04:47:50]   ✅ NLY        pub=2026-04-29  next=2026-04-21  [updated]
[04:47:50]   ✅ UPM.HE     pub=—           next=2026-07-23  [unchanged]
[04:47:51]   ✅ PTC        pub=2026-05-07  next=2026-08-05  [updated]
[04:47:51]   ✅ MAP.MC     pub=—           next=2026-07-24  [unchanged]
[04:47:51]   ✅ LOGN.SW    pub=—           next=2026-08-04  [unchanged]
[04:47:51]   ✅ GRAB       pub=2026-05-05  next=2026-07-29  [updated]
[04:47:51]   ✅ NBIX       pub=2026-05-05  next=2026-07-29  [updated]
[04:47:52]   ✅ DECK       pub=2026-02-03  next=2026-05-21  [updated]
[04:47:52]   ✅ YAR.OL     pub=—           next=2026-07-17  [unchanged]
[04:47:52]   ✅ GPC        pub=2026-04-21  next=2026-07-21  [updated]
[04:47:52]   ✅ CA.PA      pub=—           next=2026-02-17  [unchanged]
[04:47:52]   ✅ ONTO       pub=2026-05-05  next=2026-05-05  [updated]
[04:47:52]   ✅ JAZZ       pub=2026-05-05  next=2026-08-04  [updated]
[04:47:52]   ✅ OHI        pub=2026-04-29  next=2026-04-28  [updated]
[04:47:53]   ✅ SOON.SW    pub=—           next=2026-05-18  [unchanged]
[04:47:53]   [250/305] counts={'updated': 172, 'unchanged': 78, 'error': 0}
[04:47:53]   ✅ BVI.PA     pub=—           next=2026-02-25  [unchanged]
[04:47:53]   ✅ TEL2-B.ST  pub=—           next=2026-07-16  [unchanged]
[04:47:53]   ✅ DY         pub=2026-03-09  next=2026-05-27  [updated]
[04:47:54]   ✅ GLPI       pub=2026-04-23  next=2026-07-30  [updated]
[04:47:54]   ✅ NYT        pub=2026-05-06  next=2026-08-05  [updated]
[04:47:54]   ✅ APA        pub=2026-05-07  next=2026-08-05  [updated]
[04:47:54]   ✅ ELAN       pub=2026-05-06  next=2026-08-06  [updated]
[04:47:55]   ✅ UNM        pub=2026-04-29  next=2026-07-28  [updated]
[04:47:55]   ✅ MKC        pub=2026-03-31  next=2026-03-31  [updated]
[04:47:55]   ✅ AGN.AS     pub=—           next=2026-02-19  [unchanged]
[04:47:55]   ✅ DINO       pub=2026-05-01  next=2026-07-30  [updated]
[04:47:55]   ✅ CNA.L      pub=—           next=2026-02-19  [unchanged]
[04:47:55]   ✅ BNT        pub=2026-05-05  next=2026-05-12  [updated]
[04:47:55]   ✅ ALGN       pub=2026-05-06  next=2026-07-29  [updated]
[04:47:56]   ✅ VIAV       pub=2026-04-30  next=2026-04-29  [updated]
[04:47:56]   ✅ BBY        pub=2026-03-18  next=2026-05-28  [updated]
[04:47:56]   ✅ BWA        pub=2026-05-06  next=2026-07-30  [updated]
[04:47:57]   ✅ MEDP       pub=2026-04-23  next=2026-07-20  [updated]
[04:47:57]   ✅ SOLV       pub=2026-05-05  next=2026-05-05  [updated]
[04:47:57]   ✅ BJ         pub=2026-03-12  next=2026-05-21  [updated]
[04:47:57]   ✅ GL         pub=2026-05-07  next=2026-07-22  [updated]
[04:47:58]   ✅ FHN        pub=2026-05-07  next=—           [updated]
[04:47:58]   ✅ CHKP       pub=2026-05-11  next=2026-08-06  [updated]
[04:47:58]   [275/305] counts={'updated': 191, 'unchanged': 84, 'error': 0}
[04:47:58]   ✅ GEN        pub=2026-02-06  next=2026-08-06  [updated]
[04:47:58]   ✅ AIZ        pub=2026-05-07  next=2026-08-04  [updated]
[04:47:58]   ✅ LI.PA      pub=—           next=2026-02-19  [unchanged]
[04:47:58]   ✅ NTNX       pub=2026-03-02  next=2026-05-27  [updated]
[04:47:59]   ✅ POWL       pub=2026-05-05  next=2026-08-04  [updated]
[04:47:59]   ✅ WMS        pub=2026-02-05  next=2026-05-21  [updated]
[04:47:59]   ✅ ZBRA       pub=2026-02-12  next=2026-05-12  [updated]
[04:47:59]   ✅ SMTC       pub=2026-03-23  next=2026-05-27  [updated]
[04:48:00]   ✅ ITRK.L     pub=—           next=2026-03-03  [unchanged]
[04:48:00]   ✅ SCI        pub=2026-04-30  next=2026-07-29  [updated]
[04:48:00]   ✅ ERIE       pub=2026-04-23  next=2026-04-23  [updated]
[04:48:00]   ✅ JEF        pub=2026-04-07  next=2026-06-24  [updated]
[04:48:00]   ✅ CAVA       pub=2026-02-25  next=2026-05-19  [updated]
[04:48:00]   ✅ BMRN       pub=2026-05-05  next=2026-08-03  [updated]
[04:48:00]   ✅ CGNX       pub=2026-05-07  next=2026-07-29  [updated]
[04:48:01]   ✅ AKZA.AS    pub=—           next=2026-07-21  [unchanged]
[04:48:01]   ✅ SNAP       pub=2026-05-07  next=2026-08-04  [updated]
[04:48:01]   ✅ JKHY       pub=2026-05-07  next=2026-05-05  [updated]
[04:48:01]   ✅ HLI        pub=2026-02-03  next=2026-07-28  [updated]
[04:48:02]   ✅ CHWY       pub=2026-03-25  next=2026-06-10  [updated]
[04:48:02]   ✅ SPM.MI     pub=—           next=2026-04-21  [unchanged]
[04:48:02]   ✅ AES        pub=2026-05-05  next=2026-07-30  [updated]
[04:48:02]   ✅ ABVX       pub=2026-05-07  next=2026-03-23  [updated]
[04:48:02]   ✅ OSK        pub=2026-05-08  next=2026-07-31  [updated]
[04:48:02]   ✅ SWKS       pub=2026-05-05  next=2026-08-04  [updated]
[04:48:02]   [300/305] counts={'updated': 212, 'unchanged': 88, 'error': 0}
[04:48:02]   ✅ SBRY.L     pub=—           next=2026-04-23  [unchanged]
[04:48:03]   ✅ PAH3.DE    pub=—           next=2026-03-26  [unchanged]
[04:48:03]   ✅ KESKOB.HE  pub=—           next=2026-07-22  [unchanged]
[04:48:03]   ✅ BSY        pub=2026-05-07  next=2026-08-05  [updated]
[04:48:03]   ✅ RRC        pub=2026-04-21  next=2026-04-21  [updated]
[04:48:03] END : {'updated': 214, 'unchanged': 91, 'error': 0}
