[12:18:36] START : 341 stés customer-type (sleep 5.0s)
[12:18:39]   ✅ NVDA : Pro=90% AI=high
[12:18:45]   ✅ GOOGL : Pro=65% AI=medium
[12:18:49]   ✅ AAPL : Pro=25% AI=medium
[12:18:54]   ✅ MSFT : Pro=92% AI=high
[12:19:00]   ✅ AVGO : Pro=100% AI=high
[12:19:04]   ✅ TSLA : Pro=35% AI=high
[12:19:08]   ✅ LLY : Pro=100% AI=none
[12:19:15]   ✅ JPM : Pro=70% AI=low
[12:19:20]   ✅ MU : Pro=92% AI=high
[12:19:24]   ✅ V : Pro=70% AI=low
[12:19:30]   ✅ ASML : Pro=100% AI=high
[12:19:34]   ✅ ASMLF : Pro=100% AI=high
[12:19:40]   ✅ ORCL : Pro=100% AI=medium
[12:19:46]   ✅ JNJ : Pro=100% AI=none
[12:19:49]   ✅ COST : Pro=10% AI=none
[12:19:55]   ✅ BAC : Pro=60% AI=none
[12:19:59]   ✅ NFLX : Pro=0% AI=none
[12:20:05]   ✅ CVX : Pro=100% AI=none
[12:20:10]   ✅ PG : Pro=45% AI=none
[12:20:15]   ✅ AMAT : Pro=100% AI=high
[12:20:20]   ✅ UNH : Pro=75% AI=medium
[12:20:25]   ✅ ROG.SW : Pro=100% AI=none
[12:20:29]   ✅ HD : Pro=35% AI=none
[12:20:34]   ✅ GE : Pro=100% AI=none
[12:20:39]   ✅ AZN.ST : Pro=100% AI=none
[12:20:39]   📊 [25/341] written=25 no_src=0 fails=0 | rate=12.2/min ETA=26min
[12:20:44]   ✅ NVS : Pro=100% AI=none
[12:20:49]   ✅ MRK : Pro=100% AI=none
[12:20:54]   ✅ TXN : Pro=100% AI=low
[12:21:00]   ✅ ARM : Pro=95% AI=medium
[12:21:05]   ✅ KLAC : Pro=100% AI=medium
[12:21:10]   ✅ 9984.T : Pro=85% AI=medium
[12:21:14]   ✅ OR.PA : Pro=45% AI=none
[12:21:20]   ✅ C : Pro=60% AI=none
[12:21:25]   ✅ AXP : Pro=55% AI=low
[12:21:29]   ✅ MUFG : Pro=70% AI=none
[12:21:34]   ✅ SIE.DE : Pro=100% AI=low
[12:21:39]   ✅ SAP : Pro=100% AI=low
[12:21:47]   ✅ QCOM : Pro=92% AI=medium
[12:21:51]   ✅ NEE : Pro=85% AI=low
[12:21:56]   ✅ TTE.PA : Pro=100% AI=none
[12:22:01]   ✅ VZ : Pro=21% AI=low
[12:22:05]   ✅ ABBN.SW : Pro=100% AI=low
[12:22:11]   ✅ ABBNY : Pro=100% AI=low
[12:22:15]   ✅ ABLZF : Pro=100% AI=low
[12:22:17]   🚫 TD : source insuffisante
[12:22:26]   ✅ BA : Pro=100% AI=low
[12:22:30]   ✅ AMGN : Pro=100% AI=none
[12:22:36]   ✅ T : Pro=55% AI=none
[12:22:44]   ✅ TMO : Pro=100% AI=low
[12:22:47]   ✅ BLK : Pro=100% AI=none
[12:22:47]   📊 [50/341] written=49 no_src=1 fails=0 | rate=11.9/min ETA=24min
[12:22:52]   ✅ DTEGF : Pro=0% AI=none
[12:22:57]   ✅ DTEGY : Pro=0% AI=none
[12:23:03]   ✅ BUD : Pro=100% AI=none
[12:23:08]   ✅ APP : Pro=100% AI=high
[12:23:12]   ✅ PFE : Pro=100% AI=none
[12:23:17]   ✅ PANW : Pro=100% AI=high
[12:23:23]   ✅ CRM : Pro=100% AI=high
[12:23:27]   ✅ IBKR : Pro=70% AI=none
[12:23:33]   ✅ ATEYY : Pro=100% AI=high
[12:23:37]   ✅ ADTTF : Pro=100% AI=high
[12:23:42]   ✅ SHOP : Pro=100% AI=none
[12:23:47]   ✅ PBR : Pro=100% AI=none
[12:23:52]   ✅ BTAFF : Pro=100% AI=none
[12:23:58]   ✅ PLD : Pro=100% AI=low
[12:24:03]   ✅ BKNG : Pro=100% AI=medium
[12:24:08]   ✅ UL : Pro=70% AI=none
[12:24:12]   ✅ BBVXF : Pro=100% AI=none
[12:24:17]   ✅ BBVA.MC : Pro=50% AI=none
[12:24:23]   ✅ ISP.MI : Pro=100% AI=none
[12:24:26]   ✅ BPAQF : Pro=100% AI=none
[12:24:33]   ✅ MO : Pro=100% AI=none
[12:24:38]   ✅ PGR : Pro=13% AI=none
[12:24:42]   ✅ BP : Pro=100% AI=none
[12:24:46]   ✅ BP.L : Pro=100% AI=none
[12:24:52]   ✅ SYK : Pro=100% AI=none
[12:24:52]   📊 [75/341] written=74 no_src=1 fails=0 | rate=12.0/min ETA=22min
[12:24:58]   ✅ CVS : Pro=75% AI=low
[12:25:03]   ✅ HWM : Pro=100% AI=none
[12:25:07]   ✅ MDT : Pro=95% AI=low
[12:25:12]   ✅ CS.PA : Pro=100% AI=none
[12:25:17]   ✅ ATCO-A.ST : Pro=0% AI=none
[12:25:23]   ✅ MAR : Pro=85% AI=low
[12:25:27]   ✅ KKR : Pro=100% AI=none
[12:25:32]   ✅ NOW : Pro=100% AI=high
[12:25:37]   ✅ EQNR.OL : Pro=100% AI=none
[12:25:42]   ✅ GLEN.L : Pro=100% AI=none
[12:25:47]   ✅ FDX : Pro=85% AI=none
[12:25:52]   ✅ INGA.AS : Pro=65% AI=none
[12:25:57]   ✅ DG.PA : Pro=100% AI=none
[12:26:02]   ✅ NG.L : Pro=100% AI=none
[12:26:08]   ✅ UPS : Pro=85% AI=low
[12:26:13]   ✅ BSX : Pro=100% AI=low
[12:26:18]   ✅ ABNB : Pro=5% AI=low
[12:26:22]   ✅ EMR : Pro=100% AI=none
[12:26:27]   ✅ BARC.L : Pro=65% AI=none
[12:26:32]   ✅ BCLYF : Pro=60% AI=none
[12:26:38]   ✅ BA.L : Pro=100% AI=low
[12:26:42]   ✅ EIPAF : Pro=100% AI=none
[12:26:48]   ✅ SHW : Pro=85% AI=none
[12:26:53]   ✅ CRH : Pro=100% AI=low
[12:26:58]   ✅ ROST : Pro=0% AI=none
[12:26:58]   📊 [100/341] written=99 no_src=1 fails=0 | rate=11.9/min ETA=20min
[12:27:02]   ✅ CRWV : Pro=100% AI=high
[12:27:08]   ✅ AEP : Pro=85% AI=low
[12:27:12]   ✅ NOKIA.HE : Pro=95% AI=low
[12:27:17]   ✅ HOOD : Pro=0% AI=none
[12:27:23]   ✅ PSX : Pro=100% AI=none
[12:27:28]   ✅ WBD : Pro=25% AI=none
[12:27:32]   ✅ CTAS : Pro=100% AI=none
[12:27:38]   ✅ BKR : Pro=100% AI=medium
[12:27:43]   ✅ MUV2.DE : Pro=100% AI=none
[12:27:47]   ✅ MSTR : Pro=100% AI=low
[12:27:53]   ✅ NKE : Pro=35% AI=none
[12:27:58]   ✅ TRV : Pro=85% AI=low
[12:28:02]   ✅ NDA-FI.HE : Pro=100% AI=none
[12:28:07]   ✅ NDA-DK.CO : Pro=65% AI=none
[12:28:13]   ✅ NDA-SE.ST : Pro=65% AI=none
[12:28:17]   ✅ NWG.L : Pro=100% AI=none
[12:28:22]   ✅ URI : Pro=95% AI=none
[12:28:27]   ✅ REL.L : Pro=100% AI=low
[12:28:33]   ✅ TGT : Pro=5% AI=low
[12:28:38]   ✅ AZO : Pro=65% AI=low
[12:28:42]   ✅ AFL : Pro=15% AI=none
[12:28:48]   ✅ MCHP : Pro=100% AI=medium
[12:28:52]   ✅ GWW : Pro=100% AI=none
[12:28:57]   ✅ SAND.ST : Pro=95% AI=low
[12:29:03]   ✅ PSA : Pro=15% AI=none
[12:29:03]   📊 [125/341] written=124 no_src=1 fails=0 | rate=12.0/min ETA=18min
[12:29:07]   ✅ ADSK : Pro=100% AI=low
[12:29:13]   ✅ AJG : Pro=95% AI=low
[12:29:17]   ✅ ARGX : Pro=100% AI=none
[12:29:22]   ✅ MRK.DE : Pro=85% AI=none
[12:29:27]   ✅ PRY.MI : Pro=100% AI=none
[12:29:32]   ✅ DAL : Pro=45% AI=none
[12:29:37]   ✅ BN.PA : Pro=100% AI=none
[12:29:42]   ✅ EW : Pro=100% AI=none
[12:29:47]   ✅ DGE.L : Pro=100% AI=none
[12:29:52]   ✅ VOW.DE : Pro=100% AI=none
[12:29:58]   ✅ LONN.SW : Pro=100% AI=none
[12:30:02]   ✅ CCEP : Pro=100% AI=none
[12:30:08]   ✅ DANSKE.CO : Pro=0% AI=none
[12:30:12]   ✅ STT : Pro=100% AI=low
[12:30:18]   ✅ KR : Pro=15% AI=low
[12:30:23]   ✅ ON : Pro=100% AI=medium
[12:30:27]   ✅ BDX : Pro=95% AI=none
[12:30:33]   ✅ ARES : Pro=100% AI=none
[12:30:38]   ✅ PYPL : Pro=55% AI=none
[12:30:42]   ✅ HLN.L : Pro=25% AI=none
[12:30:48]   ✅ JBL : Pro=100% AI=medium
[12:30:52]   ✅ SHL.DE : Pro=95% AI=medium
[12:30:57]   ✅ MLM : Pro=100% AI=none
[12:31:03]   ✅ FRES.L : Pro=100% AI=none
[12:31:08]   ✅ III.L : Pro=100% AI=none
[12:31:08]   📊 [150/341] written=149 no_src=1 fails=0 | rate=12.0/min ETA=16min
[12:31:13]   ✅ KER.PA : Pro=15% AI=low
[12:31:17]   ✅ ADYEN.AS : Pro=100% AI=none
[12:31:22]   ✅ SLHN.SW : Pro=85% AI=none
[12:31:28]   ✅ RDDT : Pro=25% AI=low
[12:31:33]   ✅ MTB : Pro=65% AI=none
[12:31:39]   ✅ KOG.OL : Pro=100% AI=none
[12:31:43]   ✅ VIE.PA : Pro=95% AI=none
[12:31:48]   ✅ VICI : Pro=100% AI=none
[12:31:52]   ✅ DOV : Pro=100% AI=low
[12:31:58]   ✅ RMD : Pro=85% AI=low
[12:32:03]   ✅ AEE : Pro=45% AI=none
[12:32:08]   ✅ NTRS : Pro=95% AI=none
[12:32:13]   ✅ VWS.CO : Pro=100% AI=none
[12:32:18]   ✅ OTIS : Pro=100% AI=none
[12:32:22]   ✅ HEXA-B.ST : Pro=100% AI=none
[12:32:28]   ✅ GEHC : Pro=100% AI=medium
[12:32:32]   ✅ SAMPO.HE : Pro=100% AI=none
[12:32:37]   ✅ PPL : Pro=100% AI=none
[12:32:43]   ✅ CW : Pro=100% AI=none
[12:32:48]   ✅ KHC : Pro=100% AI=none
[12:32:53]   ✅ HUBB : Pro=100% AI=none
[12:32:58]   ✅ EIX : Pro=100% AI=none
[12:33:03]   ✅ PHIA.AS : Pro=95% AI=high
[12:33:08]   ✅ AVB : Pro=15% AI=low
[12:33:12]   ✅ AV.L : Pro=100% AI=low
[12:33:12]   📊 [175/341] written=174 no_src=1 fails=0 | rate=12.0/min ETA=14min
[12:33:19]   ✅ HEN.DE : Pro=70% AI=none
[12:33:23]   ✅ NESTE.HE : Pro=100% AI=none
[12:33:28]   ✅ FICO : Pro=95% AI=medium
[12:33:33]   ✅ CTRA : Pro=100% AI=none
[12:33:38]   ✅ WRB : Pro=100% AI=none
[12:33:43]   ✅ AWK : Pro=100% AI=none
[12:33:47]   ✅ BESI.AS : Pro=100% AI=none
[12:33:53]   ✅ TSN : Pro=95% AI=none
[12:34:00]   ✅ WTW : Pro=100% AI=low
[12:34:04]   ✅ ENTG : Pro=100% AI=medium
[12:34:08]   ✅ LYB : Pro=100% AI=none
[12:34:14]   ✅ NMR : Pro=100% AI=none
[12:34:17]   ✅ FUTU : Pro=100% AI=none
[12:34:23]   ✅ NN.AS : Pro=100% AI=none
[12:34:27]   ✅ NHY.OL : Pro=100% AI=none
[12:34:33]   ✅ PHM : Pro=15% AI=none
[12:34:40]   ✅ CMS : Pro=45% AI=none
[12:34:43]   ✅ WWD : Pro=100% AI=none
[12:34:48]   ✅ TROW : Pro=85% AI=none
[12:34:53]   ✅ FRE.DE : Pro=100% AI=none
[12:34:58]   ✅ PSTG : Pro=100% AI=medium
[12:35:03]   ✅ FORTUM.HE : Pro=85% AI=none
[12:35:08]   ✅ CLNX.MC : Pro=100% AI=none
[12:35:13]   ✅ SGSN.SW : Pro=100% AI=none
[12:35:18]   ✅ WST : Pro=100% AI=none
[12:35:18]   📊 [200/341] written=199 no_src=1 fails=0 | rate=12.0/min ETA=12min
[12:35:23]   ✅ CCH.L : Pro=100% AI=low
[12:35:28]   ✅ EDP.LS : Pro=100% AI=none
[12:35:33]   ✅ ILMN : Pro=98% AI=medium
[12:35:37]   ✅ EDPFY : Pro=100% AI=none
[12:35:43]   ✅ STE : Pro=100% AI=none
[12:35:48]   ✅ SOFI : Pro=15% AI=none
[12:35:54]   ✅ EFX : Pro=85% AI=medium
[12:35:57]   ✅ AMUN.PA : Pro=100% AI=none
[12:36:03]   ✅ DKS : Pro=15% AI=none
[12:36:08]   ✅ BURL : Pro=5% AI=none
[12:36:14]   ✅ CHRW : Pro=100% AI=medium
[12:36:18]   ✅ MKSI : Pro=100% AI=low
[12:36:23]   ✅ RBA : Pro=100% AI=none
[12:36:28]   ✅ MB.MI : Pro=100% AI=none
[12:36:33]   ✅ RIVN : Pro=29% AI=low
[12:36:38]   ✅ MRNA : Pro=95% AI=none
[12:36:43]   ✅ VNA.DE : Pro=0% AI=none
[12:36:47]   ✅ RI.PA : Pro=100% AI=none
[12:36:53]   ✅ RS : Pro=100% AI=none
[12:36:58]   ✅ UNI.MI : Pro=65% AI=none
[12:37:03]   ✅ DIM.PA : Pro=100% AI=none
[12:37:08]   ✅ GIS : Pro=45% AI=none
[12:37:13]   ✅ ESS : Pro=100% AI=none
[12:37:18]   ✅ CF : Pro=100% AI=none
[12:37:23]   ✅ JDEP.AS : Pro=100% AI=none
[12:37:23]   📊 [225/341] written=224 no_src=1 fails=0 | rate=12.0/min ETA=10min
[12:37:29]   ✅ AKAM : Pro=100% AI=medium
[12:37:33]   ✅ FLTR.L : Pro=15% AI=low
[12:37:38]   ✅ URW.PA : Pro=100% AI=none
[12:37:43]   ⚠ ABF.L : slices format invalide
[12:37:48]   ✅ BIP : Pro=100% AI=low
[12:37:54]   ✅ LDOS : Pro=100% AI=low
[12:37:58]   ✅ NVR : Pro=15% AI=none
[12:38:03]   ✅ ANA.MC : Pro=100% AI=none
[12:38:08]   ✅ NWS : Pro=65% AI=low
[12:38:13]   ✅ NLY : Pro=100% AI=none
[12:38:18]   ✅ PTC : Pro=95% AI=medium
[12:38:23]   ✅ BCP.LS : Pro=100% AI=none
[12:38:28]   ✅ UPM.HE : Pro=100% AI=none
[12:38:33]   ✅ GRAB : Pro=60% AI=none
[12:38:38]   ✅ MAP.MC : Pro=100% AI=none
[12:38:43]   ✅ LOGN.SW : Pro=45% AI=none
[12:38:48]   ✅ NBIX : Pro=100% AI=none
[12:38:54]   ✅ DECK : Pro=40% AI=none
[12:38:58]   ✅ GPC : Pro=100% AI=low
[12:39:02]   ✅ YAR.OL : Pro=100% AI=none
[12:39:09]   ✅ ONTO : Pro=100% AI=medium
[12:39:13]   ✅ OHI : Pro=100% AI=none
[12:39:18]   ✅ JAZZ : Pro=100% AI=none
[12:39:23]   ✅ CA.PA : Pro=100% AI=none
[12:39:28]   ✅ BVI.PA : Pro=95% AI=none
[12:39:28]   📊 [250/341] written=248 no_src=1 fails=1 | rate=12.0/min ETA=8min
[12:39:33]   ✅ SOON.SW : Pro=85% AI=medium
[12:39:38]   ✅ TEL2-B.ST : Pro=35% AI=none
[12:39:43]   ✅ DY : Pro=100% AI=low
[12:39:48]   ✅ GLPI : Pro=100% AI=none
[12:39:54]   ✅ NYT : Pro=20% AI=low
[12:39:58]   ✅ APA : Pro=100% AI=none
[12:40:03]   ✅ RXL.PA : Pro=100% AI=none
[12:40:08]   ✅ ELAN : Pro=65% AI=none
[12:40:13]   ✅ MKC : Pro=42% AI=none
[12:40:18]   ✅ UNM : Pro=100% AI=none
[12:40:23]   ✅ DINO : Pro=100% AI=none
[12:40:28]   ✅ AGN.AS : Pro=100% AI=none
[12:40:33]   ✅ BNT : Pro=100% AI=none
[12:40:38]   ✅ ALGN : Pro=95% AI=low
[12:40:43]   ✅ CNA.L : Pro=60% AI=none
[12:40:49]   ✅ VIAV : Pro=100% AI=medium
[12:40:53]   ✅ BBY : Pro=15% AI=none
[12:40:58]   ✅ ERF.PA : Pro=100% AI=none
[12:41:03]   ✅ BWA : Pro=100% AI=none
[12:41:08]   ✅ SOLV : Pro=100% AI=none
[12:41:13]   ✅ MEDP : Pro=100% AI=low
[12:41:19]   ✅ GL : Pro=5% AI=none
[12:41:23]   ✅ BJ : Pro=5% AI=low
[12:41:28]   ✅ FHN : Pro=77% AI=none
[12:41:30]   🚫 CHKP : source insuffisante
[12:41:39]   ✅ GEN : Pro=15% AI=low
[12:41:44]   ✅ AIZ : Pro=100% AI=low
[12:41:49]   ✅ POWL : Pro=100% AI=low
[12:41:54]   ✅ NTNX : Pro=100% AI=medium
[12:42:01]   ✅ WMS : Pro=100% AI=none
[12:42:04]   ✅ LI.PA : Pro=100% AI=none
[12:42:10]   ✅ ZBRA : Pro=95% AI=medium
[12:42:14]   ✅ ERIE : Pro=29% AI=none
[12:42:20]   ✅ SMTC : Pro=100% AI=medium
[12:42:24]   ✅ SCI : Pro=100% AI=none
[12:42:28]   ✅ ITRK.L : Pro=100% AI=none
[12:42:34]   ✅ JEF : Pro=100% AI=none
[12:42:39]   ✅ BMRN : Pro=100% AI=none
[12:42:44]   ✅ CAVA : Pro=15% AI=low
[12:42:49]   ✅ CGNX : Pro=95% AI=low
[12:42:54]   ✅ AKZA.AS : Pro=85% AI=low
[12:42:59]   ✅ JKHY : Pro=100% AI=none
[12:43:04]   ✅ SNAP : Pro=15% AI=low
[12:43:08]   ✅ HLI : Pro=100% AI=none
[12:43:14]   ✅ CHWY : Pro=15% AI=none
[12:43:19]   ✅ AES : Pro=100% AI=none
[12:43:24]   ✅ SPM.MI : Pro=0% AI=none
[12:43:29]   ✅ ABVX : Pro=100% AI=none
[12:43:35]   ✅ OSK : Pro=100% AI=low
[12:43:39]   ✅ SWKS : Pro=95% AI=low
[12:43:39]   📊 [300/341] written=297 no_src=2 fails=1 | rate=12.0/min ETA=3min
[12:43:44]   ✅ SBRY.L : Pro=15% AI=none
[12:43:52]   ✅ PAH3.DE : Pro=100% AI=low
[12:43:55]   ✅ KESKOB.HE : Pro=60% AI=none
[12:44:03]   ✅ BSY : Pro=100% AI=medium
[12:44:07]   ✅ RRC : Pro=100% AI=none
[12:44:12]   ✅ AOS : Pro=75% AI=none
[12:44:17]   ✅ GOOG : Pro=65% AI=medium
[12:44:22]   ✅ AMZN : Pro=48% AI=medium
[12:44:26]   ✅ APH : Pro=100% AI=none
[12:44:31]   ✅ AON : Pro=100% AI=low
[12:44:36]   ✅ APO : Pro=100% AI=none
[12:44:42]   ✅ AXON : Pro=100% AI=high
[12:44:47]   ✅ COF : Pro=45% AI=none
[12:44:50]   ✅ CAH : Pro=100% AI=none
[12:44:56]   ✅ CCL : Pro=15% AI=none
[12:45:01]   ✅ COP : Pro=100% AI=none
[12:45:07]   ✅ CRWD : Pro=100% AI=high
[12:45:11]   ✅ DVN : Pro=100% AI=none
[12:45:16]   ✅ DXCM : Pro=85% AI=none
[12:45:21]   ✅ DHI : Pro=100% AI=none
[12:45:27]   ✅ ES : Pro=100% AI=none
[12:45:31]   ✅ EXPD : Pro=100% AI=none
[12:45:37]   ✅ FDS : Pro=100% AI=medium
[12:45:41]   ✅ FSLR : Pro=100% AI=none
[12:45:47]   ✅ BEN : Pro=70% AI=none
[12:45:47]   📊 [325/341] written=322 no_src=2 fails=1 | rate=12.0/min ETA=1min
[12:45:52]   ✅ GRMN : Pro=45% AI=none
[12:45:56]   ✅ HSIC : Pro=100% AI=low
[12:46:01]   ✅ LEN : Pro=6% AI=low
[12:46:06]   ✅ L : Pro=100% AI=none
[12:46:11]   ✅ MPC : Pro=100% AI=none
[12:46:18]   ✅ MPWR : Pro=85% AI=medium
[12:47:23]   ✅ MNST : Pro=100% AI=none
[12:47:27]   ✅ MS : Pro=75% AI=none
[12:47:32]   ✅ MSCI : Pro=100% AI=medium
[12:47:36]   ✅ POOL : Pro=100% AI=none
[12:47:41]   ✅ REG : Pro=100% AI=none
[12:47:46]   ✅ SNA : Pro=95% AI=low
[12:47:51]   ✅ SYY : Pro=100% AI=none
[12:47:56]   ✅ ULTA : Pro=15% AI=none
[12:48:01]   ✅ DIS : Pro=45% AI=none
[12:49:07]   ✅ WFC : Pro=100% AI=none
[12:49:07] END : written=338 no_source=2 fails=1
[15:58:45] START : 3 stés customer-type (sleep 5.0s)
[15:58:45]   🚫 TD : source insuffisante
[15:58:53]   ⚠ ABF.L : slices format invalide
[15:58:55]   🚫 CHKP : source insuffisante
[15:58:55] END : written=0 no_source=2 fails=1
[01:22:43] START : 3 stés customer-type (sleep 5.0s)
[01:22:43]   🚫 TD : source insuffisante
[01:22:51]   ⚠ ABF.L : slices format invalide
[01:22:53]   🚫 CHKP : source insuffisante
[01:22:53] END : written=0 no_source=2 fails=1
