[19:53:19] === START universe=test workers=2 tickers=5 (skipped 0 no-CIK) ===
[19:53:22]   ✅ GOOGL    → ok-3kpis
[19:53:22]   ✅ AAPL     → ok-3kpis
[19:53:24]   ✅ NVDA     → ok-4kpis
[19:53:24]   ✅ MSFT     → ok-3kpis
[19:53:25]   ✅ META     → ok-5kpis
[19:53:25] === DONE counts={'ok': 5} skipped-no-cik=0 ===
[19:55:17] === START universe=top307 workers=4 tickers=217 (skipped 90 no-CIK) ===
[19:55:19]   ✅ MSFT     → ok-3kpis
[19:55:19]   ✅ GOOGL    → ok-3kpis
[19:55:19]   ✅ AAPL     → ok-3kpis
[19:55:19]   ✅ NVDA     → ok-4kpis
[19:55:19]   ✅ AVGO     → ok-5kpis
[19:55:20]   ✅ TSLA     → ok-5kpis
[19:55:20]   ✅ LLY      → ok-5kpis
[19:55:21]   ✅ MU       → ok-6kpis
[19:55:21]   ✅ JPM      → ok-2kpis
[19:55:21]   ✅ V        → ok-2kpis
[19:55:21]   ⚠ ASML     → no-match
[19:55:22]   ⚠ ASMLF    → no-match
[19:55:22]   ✅ ORCL     → ok-7kpis
[19:55:22]   ✅ COST     → ok-4kpis
[19:55:22]   ✅ JNJ      → ok-3kpis
[19:55:23]   ✅ BAC      → ok-1kpis
[19:55:23]   ✅ NFLX     → ok-2kpis
[19:55:24]   ⚠ CVX      → no-match
[19:55:24]   ✅ PG       → ok-3kpis
[19:55:24]   ✅ AMAT     → ok-4kpis
[19:55:25]   ✅ UNH      → ok-2kpis
[19:55:25]   ⚠ NVS      → no-match
[19:55:25]   ✅ HD       → ok-4kpis
[19:55:25]   ✅ GE       → ok-6kpis
[19:55:26]   ✅ MRK      → ok-5kpis
[19:55:26]   ✅ ARM      → ok-3kpis
[19:55:26]   ✅ TXN      → ok-8kpis
[19:55:27]   ✅ KLAC     → ok-5kpis
[19:55:27]   ⚠ C        → no-match
[19:55:27]   ✅ AXP      → ok-1kpis
[19:55:27]   ⚠ SAP      → no-match
[19:55:28]   ⚠ MUFG     → no-match
[19:55:30]   ✅ QCOM     → ok-5kpis
[19:55:30]   ✅ NEE      → ok-4kpis
[19:55:30]   ⚠ ABBNY    → no-match
[19:55:30]   ✅ VZ       → ok-2kpis
[19:55:30]   ⚠ ABLZF    → no-match
[19:55:31]   ⚠ TD       → no-match
[19:55:31]   ✅ AMGN     → ok-3kpis
[19:55:31]   ✅ BA       → ok-2kpis
[19:55:32]   ✅ T        → ok-1kpis
[19:55:32]   ✅ BLK      → ok-2kpis
[19:55:32]   ⚠ DTEGF    → no-match
[19:55:32]   ✅ TMO      → ok-1kpis
[19:55:32]   ⚠ DTEGY    → no-match
[19:55:33]   ⚠ BUD      → no-match
[19:55:33]   ✅ APP      → ok-2kpis
[19:55:33]   ✅ PFE      → ok-3kpis
[19:55:33]   ✅ PANW     → ok-6kpis
[19:55:34]   ✅ CRM      → ok-3kpis
[19:55:34]   ⚠ ADTTF    → no-match
[19:55:34]   ✅ IBKR     → ok-1kpis
[19:55:34]   ⚠ ATEYY    → no-match
[19:55:34]   ✅ SHOP     → ok-4kpis
[19:55:34]   ⚠ PBR      → no-match
[19:55:34]   ⚠ BTAFF    → no-match
[19:55:35]   ✅ PLD      → ok-2kpis
[19:55:35]   ✅ BKNG     → ok-5kpis
[19:55:35]   ⚠ BBVXF    → no-match
[19:55:35]   ⚠ UL       → no-match
[19:55:35]   ⚠ BPAQF    → no-match
[19:55:36]   ⚠ BP       → no-match
[19:55:36]   ✅ MO       → ok-3kpis
[19:55:36]   ⚠ PGR      → no-match
[19:55:36]   ✅ SYK      → ok-5kpis
[19:55:38]   ✅ HWM      → ok-3kpis
[19:55:38]   ✅ CVS      → ok-2kpis
[19:55:38]   ✅ MDT      → ok-2kpis
[19:55:39]   ⚠ MAR      → no-match
[19:55:39]   ⚠ KKR      → no-match
[19:55:39]   ✅ NOW      → ok-4kpis
[19:55:39]   ⚠ FDX      → no-match
[19:55:40]   ✅ UPS      → ok-3kpis
[19:55:40]   ✅ ABNB     → ok-3kpis
[19:55:40]   ✅ BSX      → ok-3kpis
[19:55:40]   ⚠ BCLYF    → no-match
[19:55:41]   ✅ EMR      → ok-2kpis
[19:55:41]   ⚠ EIPAF    → no-match
[19:55:41]   ✅ CRWV     → ok-2kpis
[19:55:41]   ✅ CRH      → ok-4kpis
[19:55:41]   ✅ SHW      → ok-2kpis
[19:55:42]   ✅ ROST     → ok-3kpis
[19:55:42]   ✅ HOOD     → ok-1kpis
[19:55:42]   ✅ AEP      → ok-1kpis
[19:55:43]   ✅ PSX      → ok-1kpis
[19:55:43]   ✅ WBD      → ok-1kpis
[19:55:43]   ✅ BKR      → ok-2kpis
[19:55:43]   ✅ CTAS     → ok-3kpis
[19:55:44]   ✅ MSTR     → ok-3kpis
[19:55:44]   ✅ NKE      → ok-2kpis
[19:55:44]   ✅ URI      → ok-1kpis
[19:55:44]   ✅ TRV      → ok-1kpis
[19:55:45]   ✅ TGT      → ok-2kpis
[19:55:45]   ✅ AZO      → ok-4kpis
[19:55:45]   ⚠ AFL      → no-match
[19:55:46]   ✅ GWW      → ok-5kpis
[19:55:46]   ✅ MCHP     → ok-2kpis
[19:55:46]   ✅ PSA      → ok-2kpis
[19:55:46]   ✅ ADSK     → ok-6kpis
[19:55:46]   ⚠ ARGX     → no-match
[19:55:47]   ✅ AJG      → ok-1kpis
[19:55:47]   ✅ DAL      → ok-2kpis
[19:55:47]   ✅ EW       → ok-1kpis
[19:55:47]   ⚠ CCEP     → no-match
[19:55:48]   ✅ KR       → ok-4kpis
[19:55:48]   ✅ BDX      → ok-3kpis
[19:55:48]   ⚠ STT      → no-match
[19:55:49]   ✅ ON       → ok-2kpis
[19:55:49]   ✅ ARES     → ok-3kpis
[19:55:49]   ✅ PYPL     → ok-4kpis
[19:55:50]   ✅ JBL      → ok-7kpis
[19:55:50]   ✅ MLM      → ok-5kpis
[19:55:50]   ✅ RDDT     → ok-2kpis
[19:55:50]   ✅ VICI     → ok-1kpis
[19:55:51]   ✅ MTB      → ok-4kpis
[19:55:51]   ✅ RMD      → ok-5kpis
[19:55:51]   ✅ DOV      → ok-3kpis
[19:55:52]   ✅ AEE      → ok-4kpis
[19:55:52]   ✅ NTRS     → ok-5kpis
[19:55:52]   ✅ GEHC     → ok-4kpis
[19:55:53]   ✅ OTIS     → ok-3kpis
[19:55:53]   ✅ PPL      → ok-3kpis
[19:55:54]   ✅ KHC      → ok-3kpis
[19:55:54]   ✅ CW       → ok-5kpis
[19:55:54]   ✅ HUBB     → ok-1kpis
[19:55:54]   ✅ EIX      → ok-5kpis
[19:55:55]   ✅ FICO     → ok-4kpis
[19:55:55]   ✅ AVB      → ok-2kpis
[19:55:55]   ✅ CTRA     → ok-4kpis
[19:55:55]   ✅ WRB      → ok-1kpis
[19:55:56]   ✅ AWK      → ok-4kpis
[19:55:56]   ✅ TSN      → ok-5kpis
[19:55:56]   ✅ WTW      → ok-5kpis
[19:55:56]   ✅ ENTG     → ok-6kpis
[19:55:57]   ✅ LYB      → ok-7kpis
[19:55:57]   ✅ NMR      → ok-1kpis
[19:55:57]   ⚠ FUTU     → no-match
[19:55:57]   ✅ PHM      → ok-1kpis
[19:55:58]   ✅ CMS      → ok-2kpis
[19:55:59]   ✅ TROW     → ok-2kpis
[19:55:59]   ✅ PSTG     → ok-5kpis
[19:55:59]   ✅ WWD      → ok-3kpis
[19:55:59]   ⚠ EDPFY    → no-match
[19:55:59]   ✅ WST      → ok-6kpis
[19:56:00]   ✅ STE      → ok-5kpis
[19:56:00]   ✅ ILMN     → ok-7kpis
[19:56:00]   ⚠ SOFI     → no-match
[19:56:00]   ✅ EFX      → ok-6kpis
[19:56:01]   ✅ BURL     → ok-3kpis
[19:56:01]   ✅ DKS      → ok-4kpis
[19:56:01]   ✅ CHRW     → ok-2kpis
[19:56:01]   ⚠ MKSI     → no-match
[19:56:01]   ✅ MRNA     → ok-2kpis
[19:56:01]   ✅ RBA      → ok-4kpis
[19:56:02]   ✅ RIVN     → ok-2kpis
[19:56:02]   ✅ RS       → ok-6kpis
[19:56:02]   ✅ GIS      → ok-3kpis
[19:56:02]   ✅ CF       → ok-1kpis
[19:56:02]   ✅ ESS      → ok-2kpis
[19:56:03]   ⚠ BIP      → no-match
[19:56:03]   ✅ NVR      → ok-3kpis
[19:56:03]   ✅ LDOS     → ok-5kpis
[19:56:04]   ✅ AKAM     → ok-2kpis
[19:56:04]   ✅ NWS      → ok-3kpis
[19:56:04]   ✅ NLY      → ok-3kpis
[19:56:05]   ✅ PTC      → ok-7kpis
[19:56:05]   ⚠ GRAB     → no-match
[19:56:05]   ✅ DECK     → ok-7kpis
[19:56:05]   ✅ NBIX     → ok-3kpis
[19:56:06]   ✅ ONTO     → ok-5kpis
[19:56:06]   ✅ GPC      → ok-4kpis
[19:56:07]   ✅ OHI      → ok-2kpis
[19:56:07]   ✅ DY       → ok-2kpis
[19:56:07]   ✅ GLPI     → ok-5kpis
[19:56:07]   ✅ JAZZ     → ok-5kpis
[19:56:07]   ✅ APA      → ok-3kpis
[19:56:08]   ✅ NYT      → ok-2kpis
[19:56:08]   ✅ ELAN     → ok-3kpis
[19:56:08]   ✅ MKC      → ok-6kpis
[19:56:08]   ✅ UNM      → ok-2kpis
[19:56:08]   ⚠ BNT      → no-match
[19:56:08]   ✅ DINO     → ok-5kpis
[19:56:09]   ✅ ALGN     → ok-5kpis
[19:56:09]   ✅ VIAV     → ok-7kpis
[19:56:09]   ✅ SOLV     → ok-4kpis
[19:56:09]   ✅ BWA      → ok-2kpis
[19:56:09]   ✅ BBY      → ok-5kpis
[19:56:10]   ✅ BJ       → ok-1kpis
[19:56:10]   ✅ GL       → ok-1kpis
[19:56:10]   ✅ MEDP     → ok-6kpis
[19:56:10]   ✅ FHN      → ok-2kpis
[19:56:11]   ⚠ CHKP     → no-match
[19:56:11]   ✅ GEN      → ok-2kpis
[19:56:11]   ✅ POWL     → ok-7kpis
[19:56:12]   ✅ AIZ      → ok-2kpis
[19:56:12]   ✅ NTNX     → ok-6kpis
[19:56:12]   ✅ WMS      → ok-4kpis
[19:56:13]   ✅ ZBRA     → ok-6kpis
[19:56:13]   ✅ ERIE     → ok-3kpis
[19:56:13]   ✅ SMTC     → ok-5kpis
[19:56:14]   ✅ SCI      → ok-1kpis
[19:56:14]   ⚠ CAVA     → no-match
[19:56:14]   ✅ JEF      → ok-2kpis
[19:56:14]   ✅ BMRN     → ok-3kpis
[19:56:15]   ✅ CGNX     → ok-4kpis
[19:56:15]   ✅ JKHY     → ok-4kpis
[19:56:15]   ✅ HLI      → ok-1kpis
[19:56:15]   ✅ CHWY     → ok-4kpis
[19:56:15]   ✅ SNAP     → ok-4kpis
[19:56:16]   ⚠ ABVX     → no-match
[19:56:16]   ✅ SWKS     → ok-8kpis
[19:56:16]   ✅ AES      → ok-4kpis
[19:56:17]   ✅ BSY      → ok-3kpis
[19:56:17]   ✅ OSK      → ok-1kpis
[19:56:17]   ✅ AOS      → ok-4kpis
[19:56:17]   ✅ RRC      → ok-3kpis
[19:56:17]   ✅ GOOG     → ok-4kpis
[19:56:17] === DONE counts={'ok': 176, 'no': 41} skipped-no-cik=90 ===
[20:08:15] === START universe=sp500 workers=4 tickers=1314 (skipped 365 no-CIK) ===
[20:08:17]   ⚠ AACG     → no-match
[20:08:17]   ✅ AAP      → ok-3kpis
[20:08:17]   ✅ A        → ok-5kpis
[20:08:17]   ✅ AAL      → ok-5kpis
[20:08:20]   ✅ AAPL     → ok-3kpis
[20:08:21]   ⚠ AAUAF    → no-match
[20:08:21]   ⚠ AAVXF    → no-match
[20:08:22]   ✅ AAT      → ok-5kpis
[20:08:25]   ⚠ AB       → no-match
[20:08:25]   ⚠ ABBNY    → no-match
[20:08:26]   ✅ ABCB     → ok-3kpis
[20:08:26]   ✅ ABG      → ok-2kpis
[20:08:27]   ⚠ ABLZF    → no-match
[20:08:28]   ⚠ ABVX     → no-match
[20:08:28]   ✅ ABNB     → ok-3kpis
[20:08:29]   ✅ ABT      → ok-3kpis
[20:08:31]   ✅ ACA      → ok-1kpis
[20:08:31]   ✅ ACHR     → ok-5kpis
[20:08:32]   ✅ ACGL     → ok-3kpis
[20:08:32]   ⚠ ACHC     → no-match
[20:08:32]   ✅ ACLX     → ok-4kpis
[20:08:32]   ✅ ACMR     → ok-5kpis
[20:08:33]   ✅ AD       → ok-3kpis
[20:08:33]   ✅ ADBE     → ok-4kpis
[20:08:34]   ✅ ADC      → ok-4kpis
[20:08:34]   ✅ ADI      → ok-7kpis
[20:08:35]   ✅ ADNT     → ok-2kpis
[20:08:35]   ✅ ADM      → ok-2kpis
[20:08:35]   ⚠ ADTTF    → no-match
[20:08:36]   ✅ ADSK     → ok-6kpis
[20:08:36]   ✅ ADP      → ok-4kpis
[20:08:36]   ✅ ADUS     → ok-3kpis
[20:08:36]   ✅ AEE      → ok-4kpis
[20:08:36]   ✅ AER      → ok-3kpis
[20:08:37]   ✅ AEP      → ok-1kpis
[20:08:37]   ✅ AEO      → ok-6kpis
[20:08:37]   ✅ AESI     → ok-6kpis
[20:08:37]   ✅ AES      → ok-4kpis
[20:08:38]   ⚠ AFG      → no-match
[20:08:38]   ⚠ AFL      → no-match
[20:08:39]   ✅ AGMH     → ok-7kpis
[20:08:39]   ✅ AGCO     → ok-7kpis
[20:08:39]   ⚠ AGO      → no-match
[20:08:39]   ✅ AGX      → ok-4kpis
[20:08:40]   ✅ AGYS     → ok-7kpis
[20:08:40]   ✅ AHR      → ok-2kpis
[20:08:40]   ✅ AI       → ok-3kpis
[20:08:41]   ✅ AIR      → ok-3kpis
[20:08:41]   ✅ AIN      → ok-1kpis
[20:08:42]   ✅ AIT      → ok-7kpis
[20:08:42]   ✅ AIZ      → ok-2kpis
[20:08:42]   ✅ AJG      → ok-1kpis
[20:08:43]   ✅ AKAM     → ok-2kpis
[20:08:43]   ⚠ ALC      → no-match
[20:08:43]   ✅ ALG      → ok-6kpis
[20:08:43]   ✅ ALGM     → ok-7kpis
[20:08:44]   ✅ ALGN     → ok-5kpis
[20:08:44]   ✅ ALGT     → ok-1kpis
[20:08:44]   ✅ ALK      → ok-1kpis
[20:08:44]   ✅ ALKS     → ok-3kpis
[20:08:45]   ✅ ALRM     → ok-4kpis
[20:08:45]   ✅ ALLE     → ok-2kpis
[20:08:45]   ✅ ALL      → ok-1kpis
[20:08:46]   ✅ ALV      → ok-3kpis
[20:08:46]   ✅ AM       → ok-5kpis
[20:08:47]   ✅ AMAT     → ok-4kpis
[20:08:47]   ✅ AMC      → ok-2kpis
[20:08:47]   ✅ AMD      → ok-4kpis
[20:08:47]   ✅ AME      → ok-4kpis
[20:08:47]   ✅ AMGN     → ok-3kpis
[20:08:48]   ✅ AMH      → ok-1kpis
[20:08:48]   ✅ AMN      → ok-7kpis
[20:08:48]   ✅ AMP      → ok-4kpis
[20:08:48]   ✅ AMPH     → ok-5kpis
[20:08:49]   ✅ AMR      → ok-3kpis
[20:08:49]   ✅ AMRX     → ok-4kpis
[20:08:49]   ✅ AMTM     → ok-6kpis
[20:08:50]   ✅ AMT      → ok-4kpis
[20:08:50]   ✅ AMSF     → ok-4kpis
[20:08:50]   ✅ AMWD     → ok-2kpis
[20:08:50]   ✅ AMZN     → ok-5kpis
[20:08:51]   ✅ AN       → ok-6kpis
[20:08:51]   ✅ ANDE     → ok-3kpis
[20:08:51]   ✅ ANET     → ok-6kpis
[20:08:52]   ✅ ANF      → ok-7kpis
[20:08:52]   ✅ ANIP     → ok-2kpis
[20:08:52]   ✅ APA      → ok-3kpis
[20:08:52]   ✅ AOSL     → ok-4kpis
[20:08:53]   ✅ APAM     → ok-4kpis
[20:08:54]   ✅ APLE     → ok-1kpis
[20:08:54]   ✅ APH      → ok-3kpis
[20:08:55]   ✅ APD      → ok-5kpis
[20:08:55]   ✅ APLS     → ok-4kpis
[20:08:55]   ✅ APO      → ok-3kpis
[20:08:56]   ✅ APP      → ok-2kpis
[20:08:59]   ✅ APPF     → ok-3kpis
[20:08:59]   ✅ APTV     → ok-3kpis
[20:08:59]   ✅ ARBEW    → ok-4kpis
[20:08:59]   ✅ AR       → ok-1kpis
[20:09:01]   ⚠ ARBK     → no-match
[20:09:02]   ✅ ARCB     → ok-5kpis
[20:09:03]   ✅ ARES     → ok-3kpis
[20:09:03]   ✅ ARE      → ok-1kpis
[20:09:06]   ⚠ ARGX     → no-match
[20:09:08]   ✅ ARM      → ok-3kpis
[20:09:08]   ✅ ARLO     → ok-1kpis
[20:09:09]   ✅ ARI      → ok-5kpis
[20:09:09]   ⚠ ARRKF    → no-match
[20:09:09]   ✅ ARMK     → ok-5kpis
[20:09:09]   ✅ AROC     → ok-1kpis
[20:09:10]   ✅ ASC      → ok-4kpis
[20:09:10]   ✅ ARWR     → ok-5kpis
[20:09:10]   ✅ ASB      → ok-1kpis
[20:09:10]   ✅ ASGN     → ok-2kpis
[20:09:11]   ⚠ ASM      → no-match
[20:09:11]   ⚠ ASH      → no-match
[20:09:11]   ⚠ ASML     → no-match
[20:09:11]   ⚠ ASMLF    → no-match
[20:09:12]   ⚠ ASRMF    → no-match
[20:09:12]   ⚠ ASR      → no-match
[20:09:12]   ✅ ASO      → ok-5kpis
[20:09:12]   ✅ ASTS     → ok-3kpis
[20:09:13]   ✅ ASTE     → ok-6kpis
[20:09:13]   ✅ ATEN     → ok-7kpis
[20:09:13]   ✅ ASTH     → ok-3kpis
[20:09:13]   ⚠ ATGL     → no-match
[20:09:13]   ⚠ ATEYY    → no-match
[20:09:14]   ✅ ATMU     → ok-5kpis
[20:09:14]   ✅ ATI      → ok-5kpis
[20:09:14]   ✅ ATO      → ok-4kpis
[20:09:15]   ✅ AUB      → ok-2kpis
[20:09:15]   ⚠ AUDC     → no-match
[20:09:15]   ✅ AVAV     → ok-7kpis
[20:09:15]   ✅ AVA      → ok-6kpis
[20:09:16]   ✅ AVGO     → ok-5kpis
[20:09:16]   ✅ AVB      → ok-2kpis
[20:09:16]   ✅ AVNS     → ok-3kpis
[20:09:17]   ✅ AVNT     → ok-6kpis
[20:09:17]   ✅ AVY      → ok-4kpis
[20:09:17]   ✅ AVT      → ok-4kpis
[20:09:18]   ✅ AWI      → ok-7kpis
[20:09:18]   ✅ AWK      → ok-4kpis
[20:09:20]   ⚠ AXREF    → no-match
[20:09:20]   ✅ AWR      → ok-5kpis
[20:09:20]   ✅ AX       → ok-5kpis
[20:09:20]   ✅ AXP      → ok-1kpis
[20:09:21]   ✅ AXTA     → ok-7kpis
[20:09:21]   ✅ AZO      → ok-4kpis
[20:09:21]   ✅ AYI      → ok-6kpis
[20:09:22]   ✅ AZZ      → ok-7kpis
[20:09:23]   ⚠ BABA     → no-match
[20:09:23]   ✅ BA       → ok-2kpis
[20:09:23]   ✅ BAH      → ok-4kpis
[20:09:23]   ✅ BAC      → ok-1kpis
[20:09:24]   ⚠ BANL     → no-match
[20:09:24]   ✅ BALL     → ok-2kpis
[20:09:24]   ✅ BANF     → ok-2kpis
[20:09:24]   ✅ BANC     → ok-4kpis
[20:09:25]   ⚠ BBUC     → no-match
[20:09:26]   ✅ BANR     → ok-1kpis
[20:09:26]   ✅ BAX      → ok-6kpis
[20:09:26]   ✅ BBT      → ok-3kpis
[20:09:26]   ⚠ BBVA     → no-match
[20:09:26]   ⚠ BBVXF    → no-match
[20:09:27]   ✅ BBWI     → ok-5kpis
[20:09:27]   ⚠ BCH      → no-match
[20:09:27]   ⚠ BCLYF    → no-match
[20:09:27]   ✅ BBY      → ok-5kpis
[20:09:28]   ✅ BCPC     → ok-2kpis
[20:09:28]   ⚠ BCS      → no-match
[20:09:28]   ⚠ BDRX     → no-match
[20:09:28]   ✅ BDC      → ok-5kpis
[20:09:29]   ⚠ BEKE     → no-match
[20:09:29]   ✅ BDX      → ok-3kpis
[20:09:29]   ⚠ BEP      → no-match
[20:09:29]   ⚠ BEPC     → no-match
[20:09:30]   ✅ BEN      → ok-2kpis
[20:09:30]   ✅ BG       → ok-5kpis
[20:09:31]   ✅ BFH      → ok-5kpis
[20:09:31]   ✅ BFS      → ok-2kpis
[20:09:31]   ⚠ BGI      → no-match
[20:09:34]   ✅ BGC      → ok-6kpis
[20:09:34]   ✅ BILL     → ok-6kpis
[20:09:34]   ✅ BHE      → ok-5kpis
[20:09:34]   ✅ BIIB     → ok-3kpis
[20:09:35]   ⚠ BIP      → no-match
[20:09:35]   ✅ BIO      → ok-5kpis
[20:09:35]   ⚠ BIPC     → no-match
[20:09:35]   ⚠ BIP-PA   → no-match
[20:09:36]   ✅ BJRI     → ok-6kpis
[20:09:36]   ✅ BJ       → ok-1kpis
[20:09:36]   ✅ BK       → ok-4kpis
[20:09:36]   ✅ BKH      → ok-7kpis
[20:09:38]   ✅ BKR      → ok-2kpis
[20:09:38]   ✅ BKNG     → ok-5kpis
[20:09:38]   ✅ BLD      → ok-6kpis
[20:09:39]   ✅ BLDR     → ok-6kpis
[20:09:39]   ✅ BKU      → ok-2kpis
[20:09:39]   ✅ BLFS     → ok-5kpis
[20:09:39]   ✅ BLK      → ok-2kpis
[20:09:40]   ⚠ BNRG     → no-match
[20:09:40]   ✅ BNL      → ok-3kpis
[20:09:40]   ✅ BMRN     → ok-3kpis
[20:09:40]   ✅ BLKB     → ok-5kpis
[20:09:41]   ✅ BORR     → ok-2kpis
[20:09:41]   ⚠ BNT      → no-match
[20:09:42]   ⚠ BP       → no-match
[20:09:42]   ⚠ BPYPN    → no-match
[20:09:42]   ✅ BOH      → ok-4kpis
[20:09:42]   ⚠ BPAQF    → no-match
[20:09:42]   ⚠ BPYPO    → no-match
[20:09:43]   ⚠ BRCNF    → no-match
[20:09:43]   ⚠ BPYPP    → no-match
[20:09:43]   ⚠ BRIPF    → no-match
[20:09:43]   ✅ BR       → ok-4kpis
[20:09:44]   ✅ BROS     → ok-2kpis
[20:09:44]   ✅ BRKR     → ok-7kpis
[20:09:44]   ✅ BSY      → ok-3kpis
[20:09:44]   ✅ BSX      → ok-3kpis
[20:09:44]   ⚠ BTAFF    → no-match
[20:09:45]   ⚠ BTI      → no-match
[20:09:45]   ⚠ BTSG     → no-match
[20:09:45]   ⚠ BUD      → no-match
[20:09:45]   ⚠ BTU      → no-match
[20:09:45]   ✅ BURL     → ok-3kpis
[20:09:46]   ⚠ BVN      → no-match
[20:09:46]   ⚠ BWLP     → no-match
[20:09:46]   ⚠ BWMX     → no-match
[20:09:46]   ✅ BWA      → ok-2kpis
[20:09:47]   ⚠ BZLFF    → no-match
[20:09:47]   ✅ BX       → ok-5kpis
[20:09:47]   ⚠ BZLFY    → no-match
[20:09:47]   ✅ BYD      → ok-7kpis
[20:09:48]   ⚠ CABO     → no-match
[20:09:48]   ✅ CACI     → ok-4kpis
[20:09:48]   ✅ CALM     → ok-8kpis
[20:09:48]   ⚠ C        → no-match
[20:09:49]   ✅ CAMT     → ok-6kpis
[20:09:49]   ✅ CANF     → ok-6kpis
[20:09:49]   ✅ CARG     → ok-6kpis
[20:09:49]   ✅ CAR      → ok-1kpis
[20:09:50]   ✅ CART     → ok-4kpis
[20:09:50]   ✅ CARR     → ok-3kpis
[20:09:50]   ✅ CASH     → ok-4kpis
[20:09:50]   ⚠ CAVA     → no-match
[20:09:51]   ✅ CATY     → ok-2kpis
[20:09:51]   ✅ CB       → ok-5kpis
[20:09:51]   ✅ CBOE     → ok-4kpis
[20:09:52]   ✅ CBRE     → ok-5kpis
[20:09:52]   ✅ CBSH     → ok-2kpis
[20:09:52]   ⚠ CCEP     → no-match
[20:09:52]   ⚠ CC       → no-match
[20:09:53]   ✅ CBU      → ok-3kpis
[20:09:53]   ✅ CCI      → ok-1kpis
[20:09:53]   ⚠ CCU      → no-match
[20:09:53]   ⚠ CDLR     → no-match
[20:09:54]   ✅ CCK      → ok-2kpis
[20:09:54]   ✅ CDNS     → ok-7kpis
[20:09:54]   ✅ CDP      → ok-2kpis
[20:09:55]   ✅ CEG      → ok-5kpis
[20:09:56]   ⚠ CEPU     → no-match
[20:09:57]   ✅ CENT     → ok-8kpis
[20:09:57]   ✅ CENTA    → ok-5kpis
[20:09:57]   ✅ CE       → ok-5kpis
[20:09:58]   ✅ CERT     → ok-5kpis
[20:09:58]   ✅ CF       → ok-1kpis
[20:09:58]   ✅ CFFN     → ok-1kpis
[20:09:59]   ✅ CFG      → ok-3kpis
[20:09:59]   ⚠ CGNT     → no-match
[20:09:59]   ✅ CG       → ok-2kpis
[20:09:59]   ✅ CFR      → ok-4kpis
[20:10:00]   ⚠ CHAI     → no-match
[20:10:00]   ✅ CGNX     → ok-4kpis
[20:10:00]   ✅ CHDN     → ok-3kpis
[20:10:00]   ✅ CHCO     → ok-5kpis
[20:10:01]   ✅ CHEF     → ok-2kpis
[20:10:01]   ⚠ CHKP     → no-match
[20:10:01]   ✅ CHH      → ok-6kpis
[20:10:01]   ✅ CHRD     → ok-4kpis
[20:10:02]   ✅ CHRW     → ok-2kpis
[20:10:02]   ✅ CHWY     → ok-4kpis
[20:10:02]   ✅ CHTR     → ok-3kpis
[20:10:02]   ✅ CI       → ok-4kpis
[20:10:02]   ⚠ CINT     → no-match
[20:10:03]   ⚠ CISS     → no-match
[20:10:03]   ✅ CIEN     → ok-5kpis
[20:10:03]   ✅ CL       → ok-3kpis
[20:10:04]   ✅ CLH      → ok-5kpis
[20:10:04]   ✅ CLF      → ok-2kpis
[20:10:04]   ⚠ CLLS     → no-match
[20:10:04]   ✅ CLOV     → ok-3kpis
[20:10:04]   ⚠ CLPS     → no-match
[20:10:05]   ⚠ CMBT     → no-match
[20:10:05]   ✅ CLSK     → ok-1kpis
[20:10:06]   ⚠ CMCL     → no-match
[20:10:08]   ✅ CMCSA    → ok-5kpis
[20:10:08]   ✅ CMC      → ok-2kpis
[20:10:08]   ✅ CME      → ok-7kpis
[20:10:09]   ✅ CMG      → ok-1kpis
[20:10:09]   ⚠ CMRE     → no-match
[20:10:09]   ✅ CMI      → ok-6kpis
[20:10:10]   ✅ CMS      → ok-2kpis
[20:10:10]   ✅ CNC      → ok-3kpis
[20:10:10]   ⚠ CNCKW    → no-match
[20:10:10]   ✅ CNEY     → ok-5kpis
[20:10:10]   ✅ CNM      → ok-5kpis
[20:10:10]   ⚠ CNQ      → no-match
[20:10:11]   ✅ CNK      → ok-5kpis
[20:10:11]   ✅ CNMD     → ok-3kpis
[20:10:11]   ⚠ COCO     → no-match
[20:10:12]   ✅ CNS      → ok-3kpis
[20:10:12]   ✅ COHR     → ok-6kpis
[20:10:12]   ✅ CNX      → ok-5kpis
[20:10:12]   ✅ COIN     → ok-2kpis
[20:10:13]   ✅ COHU     → ok-6kpis
[20:10:13]   ✅ COKE     → ok-6kpis
[20:10:13]   ✅ COLL     → ok-6kpis
[20:10:13]   ✅ COLB     → ok-2kpis
[20:10:13]   ✅ COLM     → ok-5kpis
[20:10:13]   ✅ CON      → ok-2kpis
[20:10:14]   ✅ COO      → ok-7kpis
[20:10:14]   ✅ COST     → ok-4kpis
[20:10:14]   ✅ COR      → ok-6kpis
[20:10:15]   ✅ COP      → ok-2kpis
[20:10:16]   ⚠ COMP     → no-match
[20:10:16]   ✅ CPAY     → ok-2kpis
[20:10:16]   ✅ CPB      → ok-5kpis
[20:10:16]   ✅ CPF      → ok-4kpis
[20:10:17]   ✅ CPRT     → ok-4kpis
[20:10:17]   ✅ CPK      → ok-5kpis
[20:10:17]   ✅ CPT      → ok-2kpis
[20:10:17]   ✅ CPRI     → ok-5kpis
[20:10:17]   ⚠ CRDL     → no-match
[20:10:18]   ⚠ CRCUF    → no-match
[20:10:18]   ⚠ CRGO     → no-match
[20:10:18]   ✅ CRC      → ok-2kpis
[20:10:18]   ⚠ CRGOW    → no-match
[20:10:18]   ✅ CRGY     → ok-2kpis
[20:10:20]   ✅ CRH      → ok-4kpis
[20:10:20]   ✅ CRK      → ok-1kpis
[20:10:20]   ✅ CRI      → ok-5kpis
[20:10:21]   ✅ CRL      → ok-6kpis
[20:10:21]   ✅ CRSR     → ok-4kpis
[20:10:21]   ✅ CRS      → ok-5kpis
[20:10:21]   ⚠ CRTMF    → no-match
[20:10:21]   ✅ CRM      → ok-3kpis
[20:10:22]   ✅ CRWV     → ok-2kpis
[20:10:22]   ✅ CRUS     → ok-5kpis
[20:10:22]   ✅ CRVL     → ok-6kpis
[20:10:22]   ✅ CSCO     → ok-6kpis
[20:10:23]   ⚠ CSHRW    → no-match
[20:10:23]   ✅ CSGP     → ok-5kpis
[20:10:24]   ✅ CSW      → ok-5kpis
[20:10:24]   ✅ CSL      → ok-5kpis
[20:10:24]   ✅ CSX      → ok-5kpis
[20:10:24]   ✅ CSR      → ok-6kpis
[20:10:24]   ✅ CTKB     → ok-5kpis
[20:10:25]   ✅ CTAS     → ok-3kpis
[20:10:25]   ⚠ CTRE     → no-match
[20:10:25]   ✅ CTRA     → ok-4kpis
[20:10:25]   ✅ CTS      → ok-6kpis
[20:10:26]   ✅ CURB     → ok-4kpis
[20:10:26]   ✅ CTSH     → ok-5kpis
[20:10:26]   ✅ CUBE     → ok-3kpis
[20:10:27]   ✅ CUZ      → ok-4kpis
[20:10:27]   ✅ CVBF     → ok-2kpis
[20:10:27]   ✅ CVNA     → ok-5kpis
[20:10:27]   ✅ CVCO     → ok-2kpis
[20:10:28]   ✅ CVS      → ok-2kpis
[20:10:28]   ⚠ CVVUF    → no-match
[20:10:28]   ✅ CVSA     → ok-4kpis
[20:10:29]   ⚠ CVX      → no-match
[20:10:29]   ✅ CWEN     → ok-4kpis
[20:10:29]   ✅ CW       → ok-5kpis
[20:10:30]   ✅ CWT      → ok-2kpis
[20:10:30]   ✅ CXM      → ok-3kpis
[20:10:30]   ⚠ CXXIF    → no-match
[20:10:31]   ✅ CXW      → ok-4kpis
[20:10:31]   ✅ CYTK     → ok-6kpis
[20:10:31]   ✅ CXT      → ok-4kpis
[20:10:31]   ✅ DAL      → ok-2kpis
[20:10:32]   ✅ DASH     → ok-3kpis
[20:10:32]   ✅ DAN      → ok-5kpis
[20:10:32]   ✅ DAR      → ok-7kpis
[20:10:32]   ⚠ DAVA     → no-match
[20:10:32]   ✅ DAVE     → ok-5kpis
[20:10:33]   ✅ DBX      → ok-4kpis
[20:10:33]   ✅ DBD      → ok-5kpis
[20:10:33]   ✅ DCH      → ok-3kpis
[20:10:33]   ✅ DCOM     → ok-5kpis
[20:10:34]   ✅ DDOG     → ok-6kpis
[20:10:34]   ✅ DEA      → ok-6kpis
[20:10:34]   ✅ DD       → ok-3kpis
[20:10:34]   ✅ DECK     → ok-7kpis
[20:10:35]   ⚠ DFH      → no-match
[20:10:35]   ✅ DEI      → ok-4kpis
[20:10:35]   ✅ DFIN     → ok-1kpis
[20:10:35]   ✅ DG       → ok-3kpis
[20:10:36]   ✅ DGX      → ok-7kpis
[20:10:36]   ✅ DHI      → ok-4kpis
[20:10:36]   ⚠ IVR      → no-match
[20:10:36]   ✅ DHR      → ok-1kpis
[20:10:36]   ✅ DINO     → ok-5kpis
[20:10:37]   ✅ DIOD     → ok-6kpis
[20:10:37]   ✅ DIS      → ok-5kpis
[20:10:37]   ✅ DJT      → ok-6kpis
[20:10:37]   ⚠ DLO      → no-match
[20:10:37]   ✅ DKS      → ok-4kpis
[20:10:38]   ✅ DLTR     → ok-7kpis
[20:10:38]   ✅ DLR      → ok-3kpis
[20:10:38]   ⚠ DNN      → no-match
[20:10:38]   ✅ DLX      → ok-4kpis
[20:10:39]   ✅ DOCN     → ok-7kpis
[20:10:39]   ✅ DOC      → ok-1kpis
[20:10:39]   ✅ DOW      → ok-5kpis
[20:10:39]   ⚠ DPRO     → no-match
[20:10:39]   ✅ DOV      → ok-3kpis
[20:10:40]   ⚠ DRD      → no-match
[20:10:40]   ⚠ DRDGF    → no-match
[20:10:40]   ⚠ DRTS     → no-match
[20:10:41]   ✅ DRH      → ok-5kpis
[20:10:41]   ⚠ DRTSW    → no-match
[20:10:41]   ✅ DRI      → ok-5kpis
[20:10:42]   ✅ DSGX     → ok-1kpis
[20:10:42]   ⚠ DSWL     → no-match
[20:10:42]   ✅ DT       → ok-5kpis
[20:10:42]   ⚠ DTEGF    → no-match
[20:10:42]   ⚠ DTEGY    → no-match
[20:10:43]   ✅ DTM      → ok-4kpis
[20:10:43]   ✅ DTE      → ok-2kpis
[20:10:44]   ✅ DUOL     → ok-3kpis
[20:10:44]   ✅ DV       → ok-4kpis
[20:10:44]   ✅ DUK      → ok-4kpis
[20:10:45]   ✅ DXC      → ok-5kpis
[20:10:45]   ✅ DXPE     → ok-3kpis
[20:10:45]   ⚠ E        → no-match
[20:10:45]   ✅ DY       → ok-2kpis
[20:10:46]   ✅ EA       → ok-5kpis
[20:10:46]   ✅ ECG      → ok-5kpis
[20:10:46]   ✅ EAT      → ok-3kpis
[20:10:46]   ✅ EBAY     → ok-6kpis
[20:10:46]   ⚠ ECO      → no-match
[20:10:47]   ✅ ECL      → ok-4kpis
[20:10:47]   ⚠ EDN      → no-match
[20:10:47]   ⚠ EDPFY    → no-match
[20:10:47]   ✅ ED       → ok-4kpis
[20:10:48]   ✅ EDRY     → ok-2kpis
[20:10:48]   ⚠ EEIQ     → no-match
[20:10:48]   ✅ EEFT     → ok-1kpis
[20:10:48]   ✅ EFC      → ok-4kpis
[20:10:49]   ✅ EFX      → ok-6kpis
[20:10:49]   ✅ EG       → ok-1kpis
[20:10:49]   ⚠ EHLD     → no-match
[20:10:49]   ✅ EGBN     → ok-1kpis
[20:10:50]   ✅ EGP      → ok-3kpis
[20:10:50]   ⚠ EIPAF    → no-match
[20:10:50]   ✅ EIG      → ok-2kpis
[20:10:50]   ✅ EIX      → ok-5kpis
[20:10:50]   ⚠ ELCPF    → no-match
[20:10:51]   ⚠ ELBM     → no-match
[20:10:51]   ✅ ELAN     → ok-3kpis
[20:10:52]   ✅ EMBC     → ok-4kpis
[20:10:53]   ✅ ELF      → ok-3kpis
[20:10:53]   ✅ ELV      → ok-5kpis
[20:10:53]   ✅ ELS      → ok-1kpis
[20:10:54]   ✅ EME      → ok-6kpis
[20:10:54]   ✅ EMR      → ok-2kpis
[20:10:54]   ✅ ENLV     → ok-5kpis
[20:10:55]   ✅ ENB      → ok-5kpis
[20:10:55]   ✅ ENSG     → ok-3kpis
[20:10:55]   ✅ ENTG     → ok-6kpis
[20:10:55]   ✅ ENVA     → ok-1kpis
[20:10:56]   ✅ EOG      → ok-4kpis
[20:10:56]   ✅ EPAM     → ok-5kpis
[20:10:56]   ✅ EPC      → ok-6kpis
[20:10:57]   ✅ EPR      → ok-4kpis
[20:10:57]   ⚠ EPRT     → no-match
[20:10:58]   ✅ ERIE     → ok-3kpis
[20:10:58]   ✅ EQR      → ok-5kpis
[20:10:58]   ✅ EQIX     → ok-4kpis
[20:10:58]   ✅ ES       → ok-4kpis
[20:10:58]   ✅ ESAB     → ok-3kpis
[20:10:59]   ✅ ESEA     → ok-5kpis
[20:10:59]   ✅ ESE      → ok-1kpis
[20:10:59]   ✅ ESI      → ok-5kpis
[20:11:00]   ✅ ESS      → ok-2kpis
[20:11:00]   ✅ ETD      → ok-7kpis
[20:11:01]   ✅ ETN      → ok-3kpis
[20:11:01]   ✅ ETSY     → ok-3kpis
[20:11:01]   ⚠ EVGN     → no-match
[20:11:01]   ✅ ETR      → ok-2kpis
[20:11:01]   ⚠ EVOTF    → no-match
[20:11:02]   ⚠ EVTL     → no-match
[20:11:02]   ✅ EVRG     → ok-6kpis
[20:11:02]   ✅ EVTC     → ok-5kpis
[20:11:02]   ✅ EW       → ok-1kpis
[20:11:03]   ✅ EWBC     → ok-2kpis
[20:11:03]   ✅ EXEL     → ok-4kpis
[20:11:04]   ✅ EXC      → ok-5kpis
[20:11:04]   ✅ EXP      → ok-6kpis
[20:11:04]   ✅ EXPE     → ok-1kpis
[20:11:04]   ✅ EXR      → ok-5kpis
[20:11:05]   ✅ EYE      → ok-6kpis
[20:11:05]   ✅ F        → ok-4kpis
[20:11:06]   ✅ FAST     → ok-4kpis
[20:11:06]   ✅ FANG     → ok-3kpis
[20:11:07]   ✅ FBK      → ok-1kpis
[20:11:08]   ✅ FBNC     → ok-4kpis
[20:11:09]   ✅ FCF      → ok-2kpis
[20:11:09]   ✅ FBRT     → ok-1kpis
[20:11:09]   ✅ FCN      → ok-5kpis
[20:11:09]   ✅ FCPT     → ok-4kpis
[20:11:10]   ✅ FDP      → ok-3kpis
[20:11:10]   ✅ FDS      → ok-5kpis
[20:11:10]   ✅ FCX      → ok-5kpis
[20:11:10]   ⚠ FDX      → no-match
[20:11:10]   ⚠ FER      → no-match
[20:11:10]   ⚠ FEOVF    → no-match
[20:11:11]   ✅ FELE     → ok-7kpis
[20:11:11]   ⚠ FGOVF    → no-match
[20:11:11]   ✅ FFBC     → ok-4kpis
[20:11:11]   ✅ FFIV     → ok-4kpis
[20:11:12]   ✅ FHB      → ok-4kpis
[20:11:12]   ✅ FHN      → ok-2kpis
[20:11:12]   ✅ FIHL     → ok-1kpis
[20:11:12]   ✅ FICO     → ok-4kpis
[20:11:13]   ✅ FISV     → ok-4kpis
[20:11:13]   ✅ FIX      → ok-5kpis
[20:11:13]   ✅ FITB     → ok-3kpis
[20:11:13]   ✅ FLEX     → ok-4kpis
[20:11:14]   ✅ FLNG     → ok-5kpis
[20:11:15]   ✅ FLS      → ok-3kpis
[20:11:15]   ✅ FLR      → ok-4kpis
[20:11:15]   ✅ FLG      → ok-4kpis
[20:11:16]   ✅ FMC      → ok-3kpis
[20:11:16]   ⚠ FMFC     → no-match
[20:11:16]   ⚠ FMST     → no-match
[20:11:16]   ⚠ FMX      → no-match
[20:11:16]   ⚠ FMCQF    → no-match
[20:11:16]   ✅ FND      → ok-4kpis
[20:11:17]   ⚠ FNUC     → no-match
[20:11:17]   ✅ FNF      → ok-4kpis
[20:11:17]   ⚠ FORTY    → no-match
[20:11:17]   ✅ FORM     → ok-5kpis
[20:11:18]   ✅ FOX      → ok-3kpis
[20:11:18]   ✅ FOUR     → ok-6kpis
[20:11:18]   ✅ FOXA     → ok-2kpis
[20:11:19]   ✅ FOXF     → ok-5kpis
[20:11:19]   ✅ FRPT     → ok-6kpis
[20:11:19]   ✅ FR       → ok-1kpis
[20:11:19]   ⚠ FRSPF    → no-match
[20:11:21]   ✅ FTI      → ok-5kpis
[20:11:21]   ✅ FRT      → ok-1kpis
[20:11:21]   ✅ FSS      → ok-6kpis
[20:11:21]   ✅ FTNT     → ok-5kpis
[20:11:22]   ⚠ FURY     → no-match
[20:11:22]   ✅ FUN      → ok-3kpis
[20:11:22]   ✅ FTV      → ok-6kpis
[20:11:23]   ⚠ FUTU     → no-match
[20:11:23]   ✅ FULT     → ok-4kpis
[20:11:24]   ✅ G        → ok-5kpis
[20:11:24]   ✅ GAP      → ok-5kpis
[20:11:25]   ✅ GATX     → ok-5kpis
[20:11:25]   ✅ GBX      → ok-5kpis
[20:11:25]   ✅ GBCI     → ok-3kpis
[20:11:25]   ✅ GD       → ok-3kpis
[20:11:25]   ⚠ GDTC     → no-match
[20:11:26]   ✅ GDDY     → ok-2kpis
[20:11:26]   ✅ GDEN     → ok-3kpis
[20:11:26]   ⚠ GEBRF    → no-match
[20:11:27]   ✅ GE       → ok-6kpis
[20:11:27]   ✅ GEHC     → ok-4kpis
[20:11:27]   ✅ GEF      → ok-1kpis
[20:11:27]   ✅ GEN      → ok-2kpis
[20:11:27]   ✅ GEV      → ok-5kpis
[20:11:28]   ⚠ GFR      → no-match
[20:11:28]   ✅ GEO      → ok-6kpis
[20:11:28]   ✅ GFF      → ok-6kpis
[20:11:28]   ⚠ GGOXF    → no-match
[20:11:29]   ✅ GGG      → ok-6kpis
[20:11:29]   ⚠ GIB      → no-match
[20:11:29]   ⚠ GHBWF    → no-match
[20:11:30]   ✅ GIII     → ok-5kpis
[20:11:31]   ✅ GKOS     → ok-5kpis
[20:11:31]   ✅ GILD     → ok-5kpis
[20:11:31]   ✅ GIS      → ok-3kpis
[20:11:32]   ✅ GL       → ok-1kpis
[20:11:33]   ✅ GLPI     → ok-5kpis
[20:11:33]   ✅ GLW      → ok-5kpis
[20:11:33]   ✅ GM       → ok-1kpis
[20:11:33]   ✅ GME      → ok-5kpis
[20:11:35]   ✅ GNTX     → ok-6kpis
[20:11:35]   ✅ GNRC     → ok-4kpis
[20:11:36]   ✅ GNL      → ok-3kpis
[20:11:37]   ✅ GO       → ok-4kpis
[20:11:37]   ✅ GOLF     → ok-3kpis
[20:11:37]   ✅ GNW      → ok-3kpis
[20:11:37]   ✅ GOGO     → ok-6kpis
[20:11:38]   ✅ GOOG     → ok-4kpis
[20:11:38]   ✅ GOOGL    → ok-3kpis
[20:11:38]   ✅ GPC      → ok-4kpis
[20:11:38]   ✅ GPI      → ok-1kpis
[20:11:39]   ⚠ GRAB     → no-match
[20:11:39]   ✅ GPK      → ok-5kpis
[20:11:39]   ✅ GPN      → ok-5kpis
[20:11:39]   ✅ GRBK     → ok-2kpis
[20:11:40]   ✅ GTES     → ok-6kpis
[20:11:40]   ✅ GT       → ok-5kpis
[20:11:41]   ✅ GTM      → ok-4kpis
[20:11:42]   ✅ GTY      → ok-3kpis
[20:11:42]   ✅ GVA      → ok-7kpis
[20:11:42]   ✅ GWW      → ok-5kpis
[20:11:42]   ✅ GWRE     → ok-5kpis
[20:11:42]   ✅ GXO      → ok-4kpis
[20:11:43]   ✅ HAL      → ok-2kpis
[20:11:43]   ✅ HASI     → ok-5kpis
[20:11:43]   ✅ HALO     → ok-4kpis
[20:11:44]   ✅ HAYW     → ok-5kpis
[20:11:44]   ✅ HCA      → ok-3kpis
[20:11:44]   ✅ HCC      → ok-3kpis
[20:11:45]   ✅ HD       → ok-4kpis
[20:11:45]   ✅ HE       → ok-4kpis
[20:11:45]   ✅ HIMS     → ok-3kpis
[20:11:46]   ✅ HFWA     → ok-2kpis
[20:11:46]   ✅ HIW      → ok-2kpis
[20:11:46]   ✅ HLI      → ok-1kpis
[20:11:46]   ✅ HLNE     → ok-4kpis
[20:11:47]   ✅ HLT      → ok-1kpis
[20:11:47]   ✅ HMN      → ok-4kpis
[20:11:47]   ✅ HNI      → ok-4kpis
[20:11:48]   ✅ HOG      → ok-4kpis
[20:11:48]   ✅ HOOD     → ok-1kpis
[20:11:48]   ✅ HOMB     → ok-2kpis
[20:11:48]   ✅ HON      → ok-3kpis
[20:11:49]   ✅ HPE      → ok-5kpis
[20:11:49]   ✅ HOPE     → ok-4kpis
[20:11:50]   ✅ HQY      → ok-5kpis
[20:11:50]   ✅ HP       → ok-3kpis
[20:11:52]   ✅ HRL      → ok-2kpis
[20:11:52]   ✅ HSIC     → ok-5kpis
[20:11:52]   ✅ HR       → ok-4kpis
[20:11:52]   ✅ HRB      → ok-3kpis
[20:11:55]   ✅ HST      → ok-3kpis
[20:11:55]   ✅ HTLD     → ok-4kpis
[20:11:56]   ✅ HTO      → ok-5kpis
[20:11:56]   ✅ HTH      → ok-2kpis
[20:11:56]   ✅ HUT      → ok-4kpis
[20:11:57]   ✅ HUBG     → ok-5kpis
[20:11:57]   ✅ HUBB     → ok-1kpis
[20:11:57]   ✅ HWC      → ok-1kpis
[20:11:57]   ✅ HWKN     → ok-4kpis
[20:11:58]   ✅ IBKR     → ok-1kpis
[20:11:58]   ✅ HWM      → ok-3kpis
[20:11:58]   ✅ HXL      → ok-5kpis
[20:11:58]   ✅ IBOC     → ok-5kpis
[20:11:59]   ✅ ICHR     → ok-6kpis
[20:11:59]   ✅ ICE      → ok-4kpis
[20:12:00]   ✅ IBP      → ok-6kpis
[20:12:00]   ✅ ICUI     → ok-4kpis
[20:12:00]   ✅ IDA      → ok-3kpis
[20:12:01]   ✅ IDXX     → ok-3kpis
[20:12:01]   ✅ IEX      → ok-5kpis
[20:12:01]   ✅ IFF      → ok-6kpis
[20:12:02]   ✅ IIPR     → ok-4kpis
[20:12:02]   ✅ IIIN     → ok-4kpis
[20:12:02]   ✅ INCY     → ok-6kpis
[20:12:02]   ✅ ILMN     → ok-7kpis
[20:12:03]   ✅ INGR     → ok-2kpis
[20:12:03]   ✅ INSW     → ok-1kpis
[20:12:03]   ✅ INDB     → ok-3kpis
[20:12:04]   ✅ INTC     → ok-7kpis
[20:12:04]   ✅ INTU     → ok-4kpis
[20:12:04]   ✅ INVH     → ok-2kpis
[20:12:05]   ✅ INVA     → ok-6kpis
[20:12:05]   ✅ IOSP     → ok-5kpis
[20:12:05]   ✅ IPAR     → ok-4kpis
[20:12:06]   ✅ IPGP     → ok-7kpis
[20:12:06]   ✅ IQV      → ok-3kpis
[20:12:06]   ✅ IR       → ok-5kpis
[20:12:07]   ✅ IRM      → ok-2kpis
[20:12:07]   ✅ ISRG     → ok-5kpis
[20:12:07]   ✅ IT       → ok-5kpis
[20:12:08]   ⚠ ITUB     → no-match
[20:12:08]   ✅ ITGR     → ok-5kpis
[20:12:08]   ✅ ITT      → ok-7kpis
[20:12:09]   ✅ ITW      → ok-6kpis
[20:12:10]   ✅ JBGS     → ok-1kpis
[20:12:10]   ✅ JAZZ     → ok-5kpis
[20:12:10]   ✅ IVZ      → ok-4kpis
[20:12:10]   ✅ JBL      → ok-7kpis
[20:12:11]   ⚠ JBLU     → no-match
[20:12:11]   ✅ JBTM     → ok-5kpis
[20:12:11]   ✅ JCI      → ok-5kpis
[20:12:12]   ✅ JEF      → ok-2kpis
[20:12:12]   ✅ JHG      → ok-3kpis
[20:12:13]   ✅ JJSF     → ok-4kpis
[20:12:13]   ✅ JKHY     → ok-4kpis
[20:12:13]   ✅ JLL      → ok-5kpis
[20:12:14]   ✅ JNJ      → ok-3kpis
[20:12:14]   ✅ JOE      → ok-1kpis
[20:12:14]   ✅ JPM      → ok-2kpis
[20:12:14]   ✅ KAI      → ok-3kpis
[20:12:15]   ✅ KBH      → ok-2kpis
[20:12:15]   ✅ KBR      → ok-5kpis
[20:12:15]   ✅ KDP      → ok-5kpis
[20:12:15]   ✅ KEX      → ok-4kpis
[20:12:15]   ✅ KEYS     → ok-5kpis
[20:12:16]   ✅ KHC      → ok-3kpis
[20:12:16]   ✅ KFY      → ok-1kpis
[20:12:17]   ⚠ KKR      → no-match
[20:12:18]   ✅ KIM      → ok-3kpis
[20:12:18]   ✅ KMB      → ok-4kpis
[20:12:19]   ✅ KLAC     → ok-5kpis
[20:12:19]   ✅ KMI      → ok-6kpis
[20:12:19]   ✅ KMPR     → ok-6kpis
[20:12:20]   ✅ KMT      → ok-3kpis
[20:12:20]   ✅ KMX      → ok-5kpis
[20:12:20]   ✅ KNF      → ok-6kpis
[20:12:20]   ✅ KN       → ok-6kpis
[20:12:21]   ✅ KNTK     → ok-7kpis
[20:12:21]   ✅ KNSL     → ok-5kpis
[20:12:22]   ✅ KNX      → ok-4kpis
[20:12:22]   ✅ KO       → ok-5kpis
[20:12:22]   ✅ KR       → ok-4kpis
[20:12:22]   ✅ KRG      → ok-6kpis
[20:12:22]   ✅ KRYS     → ok-3kpis
[20:12:23]   ✅ KSS      → ok-2kpis
[20:12:23]   ✅ KTB      → ok-5kpis
[20:12:23]   ✅ KVUE     → ok-2kpis
[20:12:23]   ✅ KW       → ok-5kpis
[20:12:24]   ✅ KWR      → ok-5kpis
[20:12:24]   ✅ LAD      → ok-4kpis
[20:12:24]   ✅ L        → ok-2kpis
[20:12:24]   ✅ LAMR     → ok-2kpis
[20:12:24]   ✅ LBRT     → ok-6kpis
[20:12:25]   ✅ LCID     → ok-4kpis
[20:12:25]   ✅ LAUR     → ok-4kpis
[20:12:25]   ✅ LDOS     → ok-5kpis
[20:12:25]   ✅ LCII     → ok-6kpis
[20:12:26]   ✅ LEN      → ok-2kpis
[20:12:26]   ✅ LFUS     → ok-4kpis
[20:12:27]   ✅ LGIH     → ok-3kpis
[20:12:27]   ✅ LGND     → ok-5kpis
[20:12:27]   ✅ LIF      → ok-3kpis
[20:12:27]   ✅ LH       → ok-3kpis
[20:12:28]   ✅ LHX      → ok-5kpis
[20:12:28]   ✅ LIN      → ok-4kpis
[20:12:30]   ✅ LLY      → ok-5kpis
[20:12:33]   ✅ LKQ      → ok-6kpis
[20:12:34]   ✅ LMAT     → ok-5kpis
[20:12:34]   ✅ LMT      → ok-3kpis
[20:12:35]   ✅ LNT      → ok-4kpis
[20:12:35]   ✅ LNN      → ok-5kpis
[20:12:35]   ✅ LNTH     → ok-4kpis
[20:12:35]   ✅ LOW      → ok-4kpis
[20:12:35]   ✅ LPG      → ok-4kpis
[20:12:36]   ✅ LPX      → ok-4kpis
[20:12:36]   ✅ LQDT     → ok-6kpis
[20:12:37]   ✅ LRCX     → ok-5kpis
[20:12:37]   ✅ LRN      → ok-6kpis
[20:12:37]   ✅ LSCC     → ok-4kpis
[20:12:37]   ✅ LSTR     → ok-7kpis
[20:12:38]   ✅ LTH      → ok-2kpis
[20:12:38]   ✅ LTC      → ok-1kpis
[20:12:38]   ⚠ LU       → no-match
[20:12:38]   ✅ LULU     → ok-6kpis
[20:12:39]   ✅ LVS      → ok-4kpis
[20:12:39]   ✅ LW       → ok-4kpis
[20:12:39]   ✅ LUV      → ok-4kpis
[20:12:39]   ✅ LUMN     → ok-4kpis
[20:12:40]   ⚠ LYG      → no-match
[20:12:40]   ✅ LXP      → ok-1kpis
[20:12:40]   ✅ LYB      → ok-7kpis
[20:12:41]   ✅ LYV      → ok-5kpis
[20:12:41]   ✅ MA       → ok-5kpis
[20:12:41]   ✅ M        → ok-3kpis
[20:12:42]   ✅ MAA      → ok-2kpis
[20:12:42]   ✅ MAC      → ok-4kpis
[20:12:43]   ✅ MARA     → ok-4kpis
[20:12:43]   ⚠ MAR      → no-match
[20:12:43]   ✅ MAS      → ok-1kpis
[20:12:43]   ✅ MAT      → ok-6kpis
[20:12:44]   ✅ MBC      → ok-2kpis
[20:12:44]   ✅ MATW     → ok-2kpis
[20:12:44]   ✅ MATX     → ok-3kpis
[20:12:45]   ✅ MBIN     → ok-4kpis
[20:12:45]   ✅ MC       → ok-2kpis
[20:12:46]   ✅ MCHP     → ok-2kpis
[20:12:46]   ✅ MCRI     → ok-3kpis
[20:12:46]   ✅ MD       → ok-4kpis
[20:12:46]   ✅ MDLZ     → ok-5kpis
[20:12:47]   ✅ MDT      → ok-2kpis
[20:12:47]   ✅ MDU      → ok-4kpis
[20:12:47]   ✅ MEDP     → ok-6kpis
[20:12:47]   ✅ META     → ok-5kpis
[20:12:48]   ✅ MGEE     → ok-5kpis
[20:12:48]   ✅ MGM      → ok-4kpis
[20:12:48]   ✅ MET      → ok-3kpis
[20:12:48]   ✅ MGY      → ok-1kpis
[20:12:49]   ✅ MHK      → ok-5kpis
[20:12:49]   ✅ MIR      → ok-2kpis
[20:12:49]   ✅ MHO      → ok-4kpis
[20:12:49]   ✅ MIDD     → ok-1kpis
[20:12:50]   ✅ MKC      → ok-6kpis
[20:12:50]   ⚠ MKSI     → no-match
[20:12:50]   ✅ MLM      → ok-5kpis
[20:12:50]   ✅ MLKN     → ok-1kpis
[20:12:51]   ✅ MMI      → ok-4kpis
[20:12:51]   ✅ MMM      → ok-3kpis
[20:12:51]   ✅ MMS      → ok-5kpis
[20:12:51]   ✅ MMSI     → ok-5kpis
[20:12:52]   ✅ MNRO     → ok-5kpis
[20:12:52]   ✅ MP       → ok-3kpis
[20:12:53]   ✅ MOH      → ok-3kpis
[20:12:53]   ✅ MO       → ok-3kpis
[20:12:53]   ✅ MPC      → ok-1kpis
[20:12:54]   ✅ MPT      → ok-2kpis
[20:12:54]   ✅ MRCY     → ok-5kpis
[20:12:54]   ✅ MRK      → ok-5kpis
[20:12:54]   ✅ MRNA     → ok-2kpis
[20:12:55]   ✅ MRTN     → ok-7kpis
[20:12:56]   ✅ MSGS     → ok-7kpis
[20:12:56]   ✅ MRSH     → ok-4kpis
[20:12:56]   ✅ MSFT     → ok-3kpis
[20:12:57]   ✅ MSM      → ok-5kpis
[20:12:57]   ✅ MSTR     → ok-3kpis
[20:12:57]   ✅ MTCH     → ok-5kpis
[20:12:57]   ✅ MTB      → ok-4kpis
[20:12:58]   ✅ MTD      → ok-4kpis
[20:12:58]   ✅ MTG      → ok-5kpis
[20:12:58]   ✅ MTN      → ok-6kpis
[20:12:58]   ✅ MTRN     → ok-6kpis
[20:12:59]   ✅ MTSI     → ok-6kpis
[20:12:59]   ✅ MTUS     → ok-4kpis
[20:12:59]   ✅ MTX      → ok-3kpis
[20:13:00]   ✅ MTZ      → ok-5kpis
[20:13:00]   ⚠ MUFG     → no-match
[20:13:00]   ✅ MU       → ok-6kpis
[20:13:00]   ✅ MUSA     → ok-3kpis
[20:13:01]   ✅ MWA      → ok-4kpis
[20:13:01]   ✅ MYRG     → ok-5kpis
[20:13:01]   ✅ MXL      → ok-6kpis
[20:13:01]   ✅ MZTI     → ok-7kpis
[20:13:02]   ✅ NABL     → ok-5kpis
[20:13:02]   ✅ NAVI     → ok-5kpis
[20:13:02]   ✅ NBHC     → ok-4kpis
[20:13:03]   ✅ NBIX     → ok-3kpis
[20:13:03]   ✅ NBTB     → ok-5kpis
[20:13:03]   ✅ NDAQ     → ok-1kpis
[20:13:03]   ✅ NE       → ok-5kpis
[20:13:04]   ✅ NDSN     → ok-6kpis
[20:13:04]   ✅ NEE      → ok-4kpis
[20:13:05]   ✅ NEOG     → ok-6kpis
[20:13:05]   ✅ NEM      → ok-5kpis
[20:13:05]   ✅ NFG      → ok-5kpis
[20:13:07]   ✅ NFLX     → ok-2kpis
[20:13:07]   ✅ NGVT     → ok-3kpis
[20:13:07]   ✅ NHC      → ok-4kpis
[20:13:08]   ⚠ NIO      → no-match
[20:13:08]   ✅ NI       → ok-5kpis
[20:13:09]   ✅ NKE      → ok-2kpis
[20:13:09]   ✅ NJR      → ok-7kpis
[20:13:09]   ✅ NMIH     → ok-1kpis
[20:13:09]   ✅ NLY      → ok-3kpis
[20:13:10]   ✅ NMR      → ok-1kpis
[20:13:10]   ✅ NOC      → ok-2kpis
[20:13:10]   ✅ NOV      → ok-5kpis
[20:13:11]   ✅ NOW      → ok-4kpis
[20:13:11]   ✅ NPK      → ok-5kpis
[20:13:11]   ✅ NSA      → ok-5kpis
[20:13:11]   ✅ NSIT     → ok-5kpis
[20:13:12]   ✅ NSSC     → ok-4kpis
[20:13:12]   ✅ NSP      → ok-4kpis
[20:13:12]   ✅ NTAP     → ok-6kpis
[20:13:12]   ⚠ NTES     → no-match
[20:13:13]   ✅ NTNX     → ok-6kpis
[20:13:13]   ✅ NTCT     → ok-3kpis
[20:13:13]   ✅ NTRS     → ok-5kpis
[20:13:14]   ⚠ NVO      → no-match
[20:13:14]   ✅ NUE      → ok-4kpis
[20:13:14]   ✅ NVDA     → ok-4kpis
[20:13:14]   ✅ NVR      → ok-3kpis
[20:13:15]   ⚠ NVS      → no-match
[20:13:15]   ✅ NVRI     → ok-6kpis
[20:13:15]   ✅ NVT      → ok-7kpis
[20:13:16]   ✅ NWE      → ok-6kpis
[20:13:16]   ✅ NWBI     → ok-2kpis
[20:13:16]   ⚠ NWG      → no-match
[20:13:16]   ✅ NWL      → ok-4kpis
[20:13:17]   ✅ NWS      → ok-3kpis
[20:13:17]   ✅ NXPI     → ok-6kpis
[20:13:18]   ✅ NWSA     → ok-3kpis
[20:13:18]   ✅ NXRT     → ok-5kpis
[20:13:19]   ✅ NXST     → ok-5kpis
[20:13:19]   ✅ NYT      → ok-2kpis
[20:13:19]   ✅ O        → ok-3kpis
[20:13:20]   ✅ OGS      → ok-4kpis
[20:13:20]   ✅ OFG      → ok-2kpis
[20:13:20]   ✅ OHI      → ok-2kpis
[20:13:21]   ✅ OI       → ok-1kpis
[20:13:21]   ✅ OII      → ok-5kpis
[20:13:21]   ✅ OKE      → ok-5kpis
[20:13:21]   ✅ OKLO     → ok-4kpis
[20:13:22]   ✅ OLLI     → ok-4kpis
[20:13:22]   ✅ OLN      → ok-2kpis
[20:13:23]   ✅ ONTO     → ok-5kpis
[20:13:23]   ✅ ON       → ok-2kpis
[20:13:23]   ✅ ONB      → ok-1kpis
[20:13:23]   ✅ OPCH     → ok-3kpis
[20:13:23]   ✅ OPEN     → ok-4kpis
[20:13:24]   ✅ ORCL     → ok-7kpis
[20:13:24]   ✅ OPLN     → ok-1kpis
[20:13:25]   ✅ ORLY     → ok-4kpis
[20:13:25]   ✅ ORI      → ok-1kpis
[20:13:25]   ✅ OSIS     → ok-1kpis
[20:13:25]   ✅ OSK      → ok-1kpis
[20:13:26]   ✅ OTIS     → ok-3kpis
[20:13:26]   ✅ OVV      → ok-7kpis
[20:13:26]   ✅ OTTR     → ok-6kpis
[20:13:26]   ✅ PAG      → ok-5kpis
[20:13:26]   ✅ PAHC     → ok-5kpis
[20:13:27]   ✅ PANW     → ok-6kpis
[20:13:27]   ✅ PATH     → ok-6kpis
[20:13:27]   ✅ PARR     → ok-3kpis
[20:13:27]   ✅ PATK     → ok-2kpis
[20:13:28]   ✅ PAYC     → ok-6kpis
[20:13:28]   ✅ PAYX     → ok-3kpis
[20:13:28]   ✅ PB       → ok-3kpis
[20:13:28]   ✅ PBF      → ok-3kpis
[20:13:29]   ⚠ PBR      → no-match
[20:13:31]   ✅ PBI      → ok-3kpis
[20:13:31]   ✅ PCTY     → ok-2kpis
[20:13:31]   ✅ PCAR     → ok-5kpis
[20:13:31]   ✅ PDFS     → ok-2kpis
[20:13:32]   ✅ PEB      → ok-5kpis
[20:13:32]   ✅ PEG      → ok-5kpis
[20:13:32]   ✅ PECO     → ok-1kpis
[20:13:32]   ✅ PEN      → ok-7kpis
[20:13:33]   ✅ PENG     → ok-3kpis
[20:13:33]   ✅ PENN     → ok-6kpis
[20:13:34]   ✅ PEP      → ok-6kpis
[20:13:34]   ✅ PFGC     → ok-4kpis
[20:13:34]   ✅ PFE      → ok-3kpis
[20:13:34]   ✅ PFS      → ok-5kpis
[20:13:35]   ✅ PGNY     → ok-3kpis
[20:13:35]   ✅ PG       → ok-3kpis
[20:13:35]   ⚠ PGR      → no-match
[20:13:35]   ✅ PH       → ok-6kpis
[20:13:35]   ✅ PHIN     → ok-5kpis
[20:13:36]   ✅ PHM      → ok-1kpis
[20:13:36]   ✅ PII      → ok-6kpis
[20:13:37]   ✅ PKG      → ok-6kpis
[20:13:37]   ✅ PIPR     → ok-4kpis
[20:13:37]   ✅ PLAB     → ok-7kpis
[20:13:37]   ✅ PLD      → ok-2kpis
[20:13:38]   ✅ PLTR     → ok-4kpis
[20:13:38]   ✅ PLMR     → ok-4kpis
[20:13:38]   ✅ PLUS     → ok-7kpis
[20:13:39]   ✅ PLXS     → ok-5kpis
[20:13:39]   ✅ PMT      → ok-5kpis
[20:13:39]   ✅ PM       → ok-5kpis
[20:13:40]   ⚠ PNFP     → no-match
[20:13:40]   ✅ PNC      → ok-3kpis
[20:13:40]   ✅ PNW      → ok-1kpis
[20:13:40]   ✅ PNR      → ok-2kpis
[20:13:41]   ✅ POOL     → ok-1kpis
[20:13:41]   ✅ PODD     → ok-5kpis
[20:13:42]   ✅ POST     → ok-5kpis
[20:13:42]   ✅ POR      → ok-6kpis
[20:13:43]   ✅ POWL     → ok-7kpis
[20:13:43]   ✅ PPG      → ok-4kpis
[20:13:43]   ✅ PR       → ok-1kpis
[20:13:44]   ✅ PPL      → ok-3kpis
[20:13:44]   ✅ PRAA     → ok-5kpis
[20:13:44]   ✅ PRA      → ok-3kpis
[20:13:45]   ✅ PRG      → ok-4kpis
[20:13:45]   ✅ PRGS     → ok-3kpis
[20:13:45]   ✅ PRIM     → ok-6kpis
[20:13:46]   ✅ PRI      → ok-5kpis
[20:13:46]   ✅ PRK      → ok-6kpis
[20:13:46]   ✅ PRKS     → ok-7kpis
[20:13:46]   ✅ PRLB     → ok-2kpis
[20:13:47]   ✅ PRSU     → ok-6kpis
[20:13:47]   ✅ PRVA     → ok-3kpis
[20:13:47]   ✅ PRU      → ok-5kpis
[20:13:47]   ✅ PSA      → ok-2kpis
[20:13:48]   ✅ PSMT     → ok-3kpis
[20:13:48]   ✅ PSN      → ok-4kpis
[20:13:48]   ✅ PSX      → ok-1kpis
[20:13:48]   ✅ PSTG     → ok-5kpis
[20:13:49]   ✅ PTC      → ok-7kpis
[20:13:49]   ✅ PTEN     → ok-4kpis
[20:13:49]   ✅ PTGX     → ok-3kpis
[20:13:49]   ✅ PVH      → ok-4kpis
[20:13:50]   ✅ PWR      → ok-5kpis
[20:13:50]   ✅ PYPL     → ok-4kpis
[20:13:50]   ✅ QBTS     → ok-3kpis
[20:13:51]   ✅ PZZA     → ok-5kpis
[20:13:51]   ✅ QCOM     → ok-5kpis
[20:13:51]   ✅ QDEL     → ok-1kpis
[20:13:51]   ✅ QNST     → ok-7kpis
[20:13:51]   ✅ QRVO     → ok-6kpis
[20:13:52]   ⚠ RAL      → no-match
[20:13:52]   ✅ RBA      → ok-4kpis
[20:13:53]   ✅ RCUS     → ok-7kpis
[20:13:53]   ✅ RCL      → ok-5kpis
[20:13:53]   ✅ RDDT     → ok-2kpis
[20:13:54]   ✅ REYN     → ok-5kpis
[20:13:54]   ✅ RDN      → ok-2kpis
[20:13:54]   ✅ RES      → ok-5kpis
[20:13:54]   ✅ RDNT     → ok-2kpis
[20:13:58]   ✅ REZI     → ok-6kpis
[20:13:59]   ✅ RH       → ok-5kpis
[20:13:59]   ✅ RGLD     → ok-7kpis
[20:13:59]   ✅ RF       → ok-1kpis
[20:13:59]   ✅ RHI      → ok-4kpis
[20:13:59]   ✅ RIVN     → ok-2kpis
[20:13:59]   ✅ RHP      → ok-2kpis
[20:14:00]   ✅ RJF      → ok-5kpis
[20:14:00]   ✅ RKLB     → ok-1kpis
[20:14:00]   ✅ RL       → ok-2kpis
[20:14:00]   ✅ RLI      → ok-2kpis
[20:14:01]   ✅ RMBS     → ok-4kpis
[20:14:01]   ✅ RMD      → ok-5kpis
[20:14:01]   ✅ RNG      → ok-5kpis
[20:14:01]   ✅ RNST     → ok-1kpis
[20:14:01]   ✅ ROCK     → ok-1kpis
[20:14:02]   ✅ ROG      → ok-6kpis
[20:14:02]   ✅ ROIV     → ok-7kpis
[20:14:02]   ✅ ROK      → ok-5kpis
[20:14:02]   ✅ ROL      → ok-3kpis
[20:14:02]   ✅ ROP      → ok-3kpis
[20:14:02]   ✅ ROST     → ok-3kpis
[20:14:03]   ⚠ RPM      → no-match
[20:14:03]   ✅ RRR      → ok-2kpis
[20:14:03]   ✅ RRC      → ok-3kpis
[20:14:04]   ✅ RS       → ok-6kpis
[20:14:04]   ✅ RSG      → ok-5kpis
[20:14:05]   ✅ RUSHA    → ok-2kpis
[20:14:05]   ✅ RTX      → ok-5kpis
[20:14:05]   ✅ RUN      → ok-4kpis
[20:14:06]   ✅ RXO      → ok-5kpis
[20:14:06]   ✅ RVTY     → ok-3kpis
[20:14:06]   ⚠ RY       → no-match
[20:14:06]   ✅ RYAN     → ok-5kpis
[20:14:07]   ✅ RYN      → ok-4kpis
[20:14:08]   ✅ SAIA     → ok-7kpis
[20:14:08]   ✅ SAFT     → ok-2kpis
[20:14:08]   ✅ SAFE     → ok-6kpis
[20:14:09]   ⚠ SAP      → no-match
[20:14:09]   ✅ SARO     → ok-3kpis
[20:14:09]   ⚠ SAN      → no-match
[20:14:09]   ✅ SAIC     → ok-4kpis
[20:14:10]   ✅ SBAC     → ok-4kpis
[20:14:10]   ✅ SATS     → ok-4kpis
[20:14:10]   ✅ SBH      → ok-5kpis
[20:14:10]   ✅ SBCF     → ok-4kpis
[20:14:11]   ✅ SBRA     → ok-4kpis
[20:14:11]   ✅ SBSI     → ok-2kpis
[20:14:12]   ✅ SBUX     → ok-5kpis
[20:14:12]   ✅ SCHL     → ok-1kpis
[20:14:12]   ✅ SCHW     → ok-4kpis
[20:14:13]   ✅ SDGR     → ok-4kpis
[20:14:13]   ✅ SCI      → ok-1kpis
[20:14:13]   ✅ SCSC     → ok-7kpis
[20:14:13]   ✅ SEDG     → ok-7kpis
[20:14:14]   ✅ SHC      → ok-4kpis
[20:14:14]   ✅ SFBS     → ok-2kpis
[20:14:14]   ✅ SF       → ok-5kpis
[20:14:14]   ✅ SHOP     → ok-4kpis
[20:14:15]   ✅ SHOO     → ok-6kpis
[20:14:15]   ✅ SHEN     → ok-4kpis
[20:14:15]   ✅ SHW      → ok-2kpis
[20:14:15]   ✅ SIG      → ok-5kpis
[20:14:16]   ✅ SIGI     → ok-5kpis
[20:14:16]   ✅ SJM      → ok-3kpis
[20:14:16]   ✅ SKT      → ok-1kpis
[20:14:16]   ✅ SKY      → ok-4kpis
[20:14:17]   ✅ SKYW     → ok-2kpis
[20:14:17]   ✅ SLAB     → ok-6kpis
[20:14:18]   ⚠ SLGN     → no-match
[20:14:18]   ✅ SLB      → ok-3kpis
[20:14:18]   ✅ SLVM     → ok-4kpis
[20:14:19]   ✅ SLM      → ok-3kpis
[20:14:19]   ✅ SM       → ok-4kpis
[20:14:19]   ⚠ SMFG     → no-match
[20:14:19]   ✅ SMCI     → ok-5kpis
[20:14:20]   ✅ SMPL     → ok-7kpis
[20:14:20]   ✅ SNAP     → ok-4kpis
[20:14:20]   ✅ SMP      → ok-7kpis
[20:14:20]   ✅ SMTC     → ok-5kpis
[20:14:21]   ✅ SNCY     → ok-6kpis
[20:14:21]   ✅ SNDR     → ok-2kpis
[20:14:21]   ✅ SNPS     → ok-6kpis
[20:14:22]   ✅ SNEX     → ok-4kpis
[20:14:22]   ✅ SNX      → ok-6kpis
[20:14:22]   ⚠ SOFI     → no-match
[20:14:22]   ⚠ SOLS     → no-match
[20:14:22]   ✅ SOLV     → ok-4kpis
[20:14:23]   ✅ SOUN     → ok-3kpis
[20:14:23]   ✅ SONO     → ok-3kpis
[20:14:23]   ✅ SPCE     → ok-5kpis
[20:14:23]   ✅ SON      → ok-5kpis
[20:14:24]   ✅ SPG      → ok-6kpis
[20:14:24]   ✅ SPGI     → ok-2kpis
[20:14:24]   ✅ SPHR     → ok-6kpis
[20:14:25]   ✅ SPNT     → ok-4kpis
[20:14:25]   ✅ SPSC     → ok-5kpis
[20:14:25]   ✅ SRE      → ok-6kpis
[20:14:25]   ✅ SPXC     → ok-7kpis
[20:14:26]   ✅ SRPT     → ok-5kpis
[20:14:27]   ✅ ST       → ok-3kpis
[20:14:27]   ✅ SSTK     → ok-5kpis
[20:14:27]   ✅ SSB      → ok-4kpis
[20:14:27]   ✅ SSD      → ok-6kpis
[20:14:28]   ✅ STAG     → ok-4kpis
[20:14:28]   ✅ STAA     → ok-7kpis
[20:14:28]   ⚠ STC      → no-match
[20:14:28]   ✅ STBA     → ok-3kpis
[20:14:29]   ✅ STE      → ok-5kpis
[20:14:29]   ⚠ STLA     → no-match
[20:14:29]   ✅ STEP     → ok-4kpis
[20:14:29]   ✅ STEL     → ok-4kpis
[20:14:30]   ✅ STLD     → ok-6kpis
[20:14:30]   ✅ STRA     → ok-5kpis
[20:14:30]   ⚠ STT      → no-match
[20:14:30]   ✅ STWD     → ok-1kpis
[20:14:31]   ✅ STX      → ok-6kpis
[20:14:31]   ⚠ SU       → no-match
[20:14:31]   ✅ STZ      → ok-5kpis
[20:14:32]   ✅ SW       → ok-7kpis
[20:14:32]   ✅ SUPN     → ok-2kpis
[20:14:33]   ✅ SWK      → ok-4kpis
[20:14:33]   ✅ SWKS     → ok-8kpis
[20:14:33]   ✅ SXT      → ok-6kpis
[20:14:33]   ✅ SXI      → ok-2kpis
[20:14:34]   ✅ SYF      → ok-4kpis
[20:14:34]   ✅ SYK      → ok-5kpis
[20:14:35]   ✅ SYY      → ok-7kpis
[20:14:35]   ✅ T        → ok-1kpis
[20:14:35]   ✅ SYNA     → ok-6kpis
[20:14:35]   ✅ TALO     → ok-6kpis
[20:14:36]   ✅ TAP      → ok-7kpis
[20:14:36]   ⚠ TD       → no-match
[20:14:36]   ✅ TCBI     → ok-1kpis
[20:14:37]   ✅ TBBK     → ok-2kpis
[20:14:37]   ✅ TDC      → ok-5kpis
[20:14:37]   ✅ TDG      → ok-3kpis
[20:14:38]   ✅ TDS      → ok-2kpis
[20:14:38]   ✅ TDW      → ok-3kpis
[20:14:38]   ✅ TDY      → ok-3kpis
[20:14:38]   ✅ TECH     → ok-2kpis
[20:14:39]   ✅ TEL      → ok-5kpis
[20:14:39]   ✅ TER      → ok-3kpis
[20:14:39]   ✅ TFC      → ok-3kpis
[20:14:40]   ✅ TFX      → ok-6kpis
[20:14:40]   ✅ TGT      → ok-2kpis
[20:14:40]   ✅ TKO      → ok-5kpis
[20:14:41]   ✅ THRM     → ok-2kpis
[20:14:41]   ✅ THO      → ok-4kpis
[20:14:41]   ✅ TKR      → ok-5kpis
[20:14:42]   ⚠ TLN      → no-match
[20:14:42]   ✅ TMHC     → ok-4kpis
[20:14:42]   ✅ TMO      → ok-1kpis
[20:14:43]   ✅ TNL      → ok-6kpis
[20:14:43]   ✅ TMP      → ok-7kpis
[20:14:43]   ✅ TOL      → ok-1kpis
[20:14:43]   ✅ TPH      → ok-6kpis
[20:14:44]   ✅ TPR      → ok-4kpis
[20:14:44]   ✅ TR       → ok-5kpis
[20:14:44]   ✅ TRGP     → ok-6kpis
[20:14:45]   ✅ TRMB     → ok-4kpis
[20:14:45]   ✅ TRMK     → ok-1kpis
[20:14:46]   ✅ TRN      → ok-3kpis
[20:14:46]   ✅ TROW     → ok-2kpis
[20:14:46]   ✅ TRUP     → ok-3kpis
[20:14:46]   ✅ TRV      → ok-1kpis
[20:14:47]   ✅ TSCO     → ok-6kpis
[20:14:47]   ✅ TSLA     → ok-5kpis
[20:14:47]   ✅ TSN      → ok-5kpis
[20:14:48]   ✅ TT       → ok-6kpis
[20:14:48]   ✅ TTD      → ok-5kpis
[20:14:48]   ✅ TTWO     → ok-3kpis
[20:14:48]   ✅ TWLO     → ok-5kpis
[20:14:48]   ✅ TXN      → ok-8kpis
[20:14:49]   ✅ TXNM     → ok-5kpis
[20:14:49]   ✅ TXRH     → ok-4kpis
[20:14:49]   ✅ TXT      → ok-3kpis
[20:14:49]   ✅ UA       → ok-1kpis
[20:14:50]   ✅ UAA      → ok-6kpis
[20:14:50]   ✅ UBER     → ok-3kpis
[20:14:50]   ✅ UAL      → ok-4kpis
[20:14:51]   ✅ UBSI     → ok-5kpis
[20:14:51]   ✅ UE       → ok-1kpis
[20:14:51]   ✅ UCB      → ok-2kpis
[20:14:51]   ✅ UFCS     → ok-5kpis
[20:14:51]   ✅ UFPT     → ok-3kpis
[20:14:52]   ✅ UHS      → ok-3kpis
[20:14:52]   ✅ UHT      → ok-6kpis
[20:14:52]   ✅ UGI      → ok-6kpis
[20:14:52]   ⚠ UL       → no-match
[20:14:52]   ✅ ULS      → ok-2kpis
[20:14:53]   ✅ UNF      → ok-3kpis
[20:14:53]   ✅ UMBF     → ok-4kpis
[20:14:54]   ✅ UNH      → ok-2kpis
[20:14:54]   ✅ UNFI     → ok-6kpis
[20:14:55]   ✅ UNP      → ok-3kpis
[20:14:55]   ✅ UNM      → ok-2kpis
[20:14:55]   ✅ UPWK     → ok-1kpis
[20:14:55]   ✅ UPS      → ok-3kpis
[20:14:56]   ✅ USFD     → ok-3kpis
[20:14:56]   ✅ URI      → ok-1kpis
[20:14:56]   ✅ URBN     → ok-7kpis
[20:14:56]   ✅ USPH     → ok-3kpis
[20:14:57]   ✅ UTHR     → ok-4kpis
[20:14:57]   ✅ UUUU     → ok-6kpis
[20:14:57]   ✅ UTL      → ok-4kpis
[20:14:57]   ✅ UVV      → ok-3kpis
[20:14:58]   ✅ V        → ok-2kpis
[20:14:58]   ✅ VAL      → ok-3kpis
[20:14:59]   ✅ VC       → ok-3kpis
[20:14:59]   ⚠ VALE     → no-match
[20:14:59]   ✅ VCTR     → ok-4kpis
[20:14:59]   ✅ VEEV     → ok-3kpis
[20:15:00]   ✅ VICI     → ok-1kpis
[20:15:00]   ✅ VFC      → ok-3kpis
[20:15:00]   ✅ VIAV     → ok-7kpis
[20:15:00]   ✅ VIR      → ok-6kpis
[20:15:01]   ✅ VIRT     → ok-2kpis
[20:15:01]   ✅ VLO      → ok-4kpis
[20:15:01]   ✅ VMI      → ok-4kpis
[20:15:01]   ✅ VMC      → ok-1kpis
[20:15:01]   ⚠ VNOM     → no-match
[20:15:02]   ✅ VNO      → ok-6kpis
[20:15:02]   ✅ VNT      → ok-6kpis
[20:15:03]   ✅ VRE      → ok-5kpis
[20:15:03]   ⚠ VOYA     → no-match
[20:15:03]   ✅ VRT      → ok-2kpis
[20:15:03]   ✅ VRSN     → ok-5kpis
[20:15:04]   ✅ VSCO     → ok-4kpis
[20:15:04]   ✅ VRTX     → ok-5kpis
[20:15:04]   ✅ VSAT     → ok-3kpis
[20:15:04]   ✅ VRTS     → ok-5kpis
[20:15:04]   ⚠ VSNT     → no-match
[20:15:05]   ✅ VSTS     → ok-4kpis
[20:15:05]   ✅ VSH      → ok-5kpis
[20:15:05]   ✅ VTOL     → ok-3kpis
[20:15:06]   ✅ VTR      → ok-2kpis
[20:15:06]   ✅ VZ       → ok-2kpis
[20:15:06]   ✅ VYX      → ok-4kpis
[20:15:07]   ✅ WAB      → ok-5kpis
[20:15:07]   ✅ WABC     → ok-3kpis
[20:15:08]   ✅ WAY      → ok-1kpis
[20:15:08]   ✅ WAT      → ok-1kpis
[20:15:08]   ✅ WAL      → ok-3kpis
[20:15:08]   ⚠ WB       → no-match
[20:15:09]   ✅ WCC      → ok-5kpis
[20:15:09]   ✅ WBD      → ok-1kpis
[20:15:09]   ✅ WDAY     → ok-3kpis
[20:15:09]   ✅ WDC      → ok-3kpis
[20:15:10]   ✅ WDFC     → ok-6kpis
[20:15:10]   ✅ WELL     → ok-6kpis
[20:15:10]   ✅ WEN      → ok-3kpis
[20:15:10]   ✅ WEX      → ok-6kpis
[20:15:11]   ✅ WFRD     → ok-6kpis
[20:15:11]   ✅ WGO      → ok-4kpis
[20:15:11]   ✅ WH       → ok-4kpis
[20:15:12]   ✅ WHD      → ok-3kpis
[20:15:12]   ✅ WHR      → ok-5kpis
[20:15:12]   ✅ WINA     → ok-5kpis
[20:15:12]   ✅ WING     → ok-2kpis
[20:15:13]   ✅ WKC      → ok-5kpis
[20:15:13]   ✅ WLK      → ok-5kpis
[20:15:13]   ✅ WLY      → ok-3kpis
[20:15:13]   ✅ WM       → ok-2kpis
[20:15:14]   ✅ WMB      → ok-4kpis
[20:15:14]   ✅ WMT      → ok-3kpis
[20:15:14]   ✅ WMG      → ok-5kpis
[20:15:14]   ✅ WMS      → ok-4kpis
[20:15:15]   ✅ WPC      → ok-3kpis
[20:15:15]   ✅ WS       → ok-5kpis
[20:15:15]   ✅ WRB      → ok-1kpis
[20:15:16]   ✅ WRLD     → ok-3kpis
[20:15:16]   ✅ WSC      → ok-5kpis
[20:15:17]   ✅ WSM      → ok-5kpis
[20:15:17]   ✅ WSO      → ok-6kpis
[20:15:17]   ✅ WSFS     → ok-2kpis
[20:15:17]   ✅ WSR      → ok-2kpis
[20:15:18]   ✅ WST      → ok-6kpis
[20:15:18]   ✅ WTRG     → ok-2kpis
[20:15:19]   ✅ WTFC     → ok-4kpis
[20:15:19]   ✅ WTS      → ok-7kpis
[20:15:20]   ✅ WTW      → ok-5kpis
[20:15:20]   ✅ WWD      → ok-3kpis
[20:15:20]   ✅ WU       → ok-4kpis
[20:15:20]   ✅ WWW      → ok-6kpis
[20:15:21]   ✅ WY       → ok-2kpis
[20:15:21]   ✅ WYNN     → ok-3kpis
[20:15:21]   ✅ XEL      → ok-6kpis
[20:15:21]   ✅ XHR      → ok-5kpis
[20:15:22]   ✅ XNCR     → ok-4kpis
[20:15:22]   ✅ XPEL     → ok-1kpis
[20:15:22]   ✅ XOM      → ok-5kpis
[20:15:23]   ✅ XPO      → ok-6kpis
[20:15:23]   ✅ XYZ      → ok-7kpis
[20:15:24]   ✅ YOU      → ok-5kpis
[20:15:24]   ✅ YELP     → ok-4kpis
[20:15:24]   ✅ YUM      → ok-1kpis
[20:15:25]   ✅ ZBH      → ok-5kpis
[20:15:25]   ✅ ZBRA     → ok-6kpis
[20:15:26]   ✅ ZD       → ok-7kpis
[20:15:26]   ✅ ZION     → ok-1kpis
[20:15:26]   ✅ ZWS      → ok-6kpis
[20:15:26]   ✅ ZTS      → ok-7kpis
[20:15:26] === DONE counts={'no': 176, 'ok': 1138} skipped-no-cik=365 ===
